Archive member included to satisfy reference by file (symbol)

../hw6dram_bsp/\libhal_bsp.a(alt_load.o)
                              ../hw6dram_bsp//obj/HAL/src/crt0.o (alt_load)
../hw6dram_bsp/\libhal_bsp.a(alt_main.o)
                              ../hw6dram_bsp//obj/HAL/src/crt0.o (alt_main)
../hw6dram_bsp/\libhal_bsp.a(alt_sys_init.o)
                              ../hw6dram_bsp/\libhal_bsp.a(alt_main.o) (alt_irq_init)
../hw6dram_bsp/\libhal_bsp.a(altera_avalon_timer_sc.o)
                              ../hw6dram_bsp/\libhal_bsp.a(alt_sys_init.o) (alt_avalon_timer_sc_init)
../hw6dram_bsp/\libhal_bsp.a(alt_dcache_flush_all.o)
                              ../hw6dram_bsp/\libhal_bsp.a(alt_load.o) (alt_dcache_flush_all)
../hw6dram_bsp/\libhal_bsp.a(alt_icache_flush_all.o)
                              ../hw6dram_bsp/\libhal_bsp.a(alt_load.o) (alt_icache_flush_all)
../hw6dram_bsp/\libhal_bsp.a(alt_iic.o)
                              ../hw6dram_bsp/\libhal_bsp.a(altera_avalon_timer_sc.o) (alt_ic_isr_register)
../hw6dram_bsp/\libhal_bsp.a(alt_iic_isr_register.o)
                              ../hw6dram_bsp/\libhal_bsp.a(alt_iic.o) (alt_iic_isr_register)
../hw6dram_bsp/\libhal_bsp.a(alt_irq_entry.o)
                              ../hw6dram_bsp/\libhal_bsp.a(alt_iic_isr_register.o) (alt_irq_entry)
../hw6dram_bsp/\libhal_bsp.a(alt_irq_handler.o)
                              ../hw6dram_bsp/\libhal_bsp.a(alt_iic_isr_register.o) (alt_irq_handler)
../hw6dram_bsp/\libhal_bsp.a(alt_irq_vars.o)
                              ../hw6dram_bsp/\libhal_bsp.a(alt_iic.o) (alt_irq_active)
../hw6dram_bsp/\libhal_bsp.a(alt_tick.o)
                              ../hw6dram_bsp/\libhal_bsp.a(altera_avalon_timer_sc.o) (alt_tick)
../hw6dram_bsp/\libhal_bsp.a(altera_nios2_qsys_irq.o)
                              ../hw6dram_bsp/\libhal_bsp.a(alt_sys_init.o) (altera_nios2_qsys_irq_init)
../hw6dram_bsp/\libhal_bsp.a(alt_exception_entry.o)
                              ../hw6dram_bsp/\libhal_bsp.a(alt_irq_entry.o) (alt_exception)
../hw6dram_bsp/\libhal_bsp.a(alt_icache_flush.o)
                              ../hw6dram_bsp/\libhal_bsp.a(alt_icache_flush_all.o) (alt_icache_flush)

Allocating common symbols
Common symbol       size              file

alt_irq             0x100             ../hw6dram_bsp/\libhal_bsp.a(alt_irq_handler.o)

Memory Configuration

Name             Origin             Length             Attributes
onchip_memory2_0 0x0000000000000000 0x0000000000001000
reset            0x0000000008000000 0x0000000000000020
sdram            0x0000000008000020 0x0000000007fff7e0
interrupt_stack  0x000000000ffff800 0x0000000000000400
exception_stack  0x000000000ffffc00 0x0000000000000400
*default*        0x0000000000000000 0xffffffffffffffff

Linker script and memory map

LOAD ../hw6dram_bsp//obj/HAL/src/crt0.o
LOAD c:/intelfpga_lite/17.1/nios2eds/bin/gnu/h-x86_64-mingw32/bin/../lib/gcc/nios2-elf/5.3.0/../../../../../H-x86_64-mingw32/nios2-elf/lib\libstdc++.a
LOAD c:/intelfpga_lite/17.1/nios2eds/bin/gnu/h-x86_64-mingw32/bin/../lib/gcc/nios2-elf/5.3.0/../../../../../H-x86_64-mingw32/nios2-elf/lib\libm.a
LOAD c:/intelfpga_lite/17.1/nios2eds/bin/gnu/h-x86_64-mingw32/bin/../lib/gcc/nios2-elf/5.3.0\libgcc.a
START GROUP
LOAD c:/intelfpga_lite/17.1/nios2eds/bin/gnu/h-x86_64-mingw32/bin/../lib/gcc/nios2-elf/5.3.0/../../../../../H-x86_64-mingw32/nios2-elf/lib\libsmallc.a
LOAD c:/intelfpga_lite/17.1/nios2eds/bin/gnu/h-x86_64-mingw32/bin/../lib/gcc/nios2-elf/5.3.0\libgcc.a
LOAD ../hw6dram_bsp/\libhal_bsp.a
LOAD c:/intelfpga_lite/17.1/nios2eds/bin/gnu/h-x86_64-mingw32/bin/../lib/gcc/nios2-elf/5.3.0/../../../../../H-x86_64-mingw32/nios2-elf/lib\libm.a
END GROUP
LOAD c:/intelfpga_lite/17.1/nios2eds/bin/gnu/h-x86_64-mingw32/bin/../lib/gcc/nios2-elf/5.3.0\libgcc.a
                0x0000000000000000                __alt_mem_onchip_memory2_0 = 0x0
                0x0000000008000000                __alt_mem_sdram = 0x8000000

.entry          0x0000000008000000       0x20
 *(.entry)
 .entry         0x0000000008000000       0x20 ../hw6dram_bsp//obj/HAL/src/crt0.o
                0x0000000008000000                __reset
                0x000000000800001c                _exit

.exceptions     0x0000000008000020      0x138
                0x0000000008000020                PROVIDE (__ram_exceptions_start, ABSOLUTE (.))
                0x0000000008000020                . = ALIGN (0x20)
 *(.irq)
 *(.exceptions.entry.label)
 .exceptions.entry.label
                0x0000000008000020        0x0 ../hw6dram_bsp/\libhal_bsp.a(alt_irq_entry.o)
                0x0000000008000020                alt_irq_entry
 .exceptions.entry.label
                0x0000000008000020        0x0 ../hw6dram_bsp/\libhal_bsp.a(alt_exception_entry.o)
                0x0000000008000020                alt_exception
 *(.exceptions.entry.user)
 *(.exceptions.entry.ecc_fatal)
 *(.exceptions.entry)
 .exceptions.entry
                0x0000000008000020       0x60 ../hw6dram_bsp/\libhal_bsp.a(alt_exception_entry.o)
 *(.exceptions.irqtest.user)
 *(.exceptions.irqtest)
 .exceptions.irqtest
                0x0000000008000080       0x10 ../hw6dram_bsp/\libhal_bsp.a(alt_irq_entry.o)
 *(.exceptions.irqhandler.user)
 *(.exceptions.irqhandler)
 .exceptions.irqhandler
                0x0000000008000090        0x4 ../hw6dram_bsp/\libhal_bsp.a(alt_irq_entry.o)
 *(.exceptions.irqreturn.user)
 *(.exceptions.irqreturn)
 .exceptions.irqreturn
                0x0000000008000094        0x4 ../hw6dram_bsp/\libhal_bsp.a(alt_irq_entry.o)
 *(.exceptions.notirq.label)
 .exceptions.notirq.label
                0x0000000008000098        0x0 ../hw6dram_bsp/\libhal_bsp.a(alt_irq_entry.o)
 *(.exceptions.notirq.user)
 *(.exceptions.notirq)
 .exceptions.notirq
                0x0000000008000098        0x8 ../hw6dram_bsp/\libhal_bsp.a(alt_exception_entry.o)
 *(.exceptions.soft.user)
 *(.exceptions.soft)
 *(.exceptions.unknown.user)
 *(.exceptions.unknown)
 .exceptions.unknown
                0x00000000080000a0        0x4 ../hw6dram_bsp/\libhal_bsp.a(alt_exception_entry.o)
 *(.exceptions.exit.label)
 .exceptions.exit.label
                0x00000000080000a4        0x0 ../hw6dram_bsp/\libhal_bsp.a(alt_irq_entry.o)
 .exceptions.exit.label
                0x00000000080000a4        0x0 ../hw6dram_bsp/\libhal_bsp.a(alt_exception_entry.o)
 *(.exceptions.exit.user)
 *(.exceptions.exit)
 .exceptions.exit
                0x00000000080000a4       0x54 ../hw6dram_bsp/\libhal_bsp.a(alt_exception_entry.o)
 *(.exceptions)
 .exceptions    0x00000000080000f8       0x60 ../hw6dram_bsp/\libhal_bsp.a(alt_irq_handler.o)
                0x00000000080000f8                alt_irq_handler
                0x0000000008000158                PROVIDE (__ram_exceptions_end, ABSOLUTE (.))
                0x0000000008000020                PROVIDE (__flash_exceptions_start, LOADADDR (.exceptions))

.text           0x0000000008000158      0x454
                [!provide]                        PROVIDE (stext, ABSOLUTE (.))
 *(.interp)
 *(.hash)
 *(.dynsym)
 *(.dynstr)
 *(.gnu.version)
 *(.gnu.version_d)
 *(.gnu.version_r)
 *(.rel.init)
 *(.rela.init)
 *(.rel.text .rel.text.* .rel.gnu.linkonce.t.*)
 *(.rela.text .rela.text.* .rela.gnu.linkonce.t.*)
 *(.rel.fini)
 *(.rela.fini)
 *(.rel.rodata .rel.rodata.* .rel.gnu.linkonce.r.*)
 *(.rela.rodata .rela.rodata.* .rela.gnu.linkonce.r.*)
 *(.rel.data .rel.data.* .rel.gnu.linkonce.d.*)
 *(.rela.data .rela.data.* .rela.gnu.linkonce.d.*)
 *(.rel.tdata .rel.tdata.* .rel.gnu.linkonce.td.*)
 *(.rela.tdata .rela.tdata.* .rela.gnu.linkonce.td.*)
 *(.rel.tbss .rel.tbss.* .rel.gnu.linkonce.tb.*)
 *(.rela.tbss .rela.tbss.* .rela.gnu.linkonce.tb.*)
 *(.rel.ctors)
 *(.rela.ctors)
 *(.rel.dtors)
 *(.rela.dtors)
 *(.rel.got)
 *(.rela.got)
 *(.rel.sdata .rel.sdata.* .rel.gnu.linkonce.s.*)
 *(.rela.sdata .rela.sdata.* .rela.gnu.linkonce.s.*)
 *(.rel.sbss .rel.sbss.* .rel.gnu.linkonce.sb.*)
 *(.rela.sbss .rela.sbss.* .rela.gnu.linkonce.sb.*)
 *(.rel.sdata2 .rel.sdata2.* .rel.gnu.linkonce.s2.*)
 *(.rela.sdata2 .rela.sdata2.* .rela.gnu.linkonce.s2.*)
 *(.rel.sbss2 .rel.sbss2.* .rel.gnu.linkonce.sb2.*)
 *(.rela.sbss2 .rela.sbss2.* .rela.gnu.linkonce.sb2.*)
 *(.rel.bss .rel.bss.* .rel.gnu.linkonce.b.*)
 *(.rela.bss .rela.bss.* .rela.gnu.linkonce.b.*)
 *(.rel.plt)
 *(.rela.plt)
 *(.rel.dyn)
 *(.init)
 *(.plt)
 *(.text .stub .text.* .gnu.linkonce.t.*)
 .text          0x0000000008000158       0x4c ../hw6dram_bsp//obj/HAL/src/crt0.o
                0x0000000008000158                _start
 .text          0x00000000080001a4       0xe0 ../hw6dram_bsp/\libhal_bsp.a(alt_load.o)
                0x00000000080001a4                alt_load
 .text          0x0000000008000284       0x2c ../hw6dram_bsp/\libhal_bsp.a(alt_main.o)
                0x0000000008000284                alt_main
 .text          0x00000000080002b0       0x34 ../hw6dram_bsp/\libhal_bsp.a(alt_sys_init.o)
                0x00000000080002b0                alt_irq_init
                0x00000000080002d0                alt_sys_init
 .text          0x00000000080002e4       0x84 ../hw6dram_bsp/\libhal_bsp.a(altera_avalon_timer_sc.o)
                0x0000000008000320                alt_avalon_timer_sc_init
 .text          0x0000000008000368       0x18 ../hw6dram_bsp/\libhal_bsp.a(alt_dcache_flush_all.o)
                0x0000000008000368                alt_dcache_flush_all
 .text          0x0000000008000380        0xc ../hw6dram_bsp/\libhal_bsp.a(alt_icache_flush_all.o)
                0x0000000008000380                alt_icache_flush_all
 .text          0x000000000800038c       0x8c ../hw6dram_bsp/\libhal_bsp.a(alt_iic.o)
                0x000000000800038c                alt_ic_isr_register
                0x0000000008000390                alt_ic_irq_enable
                0x00000000080003c8                alt_ic_irq_disable
                0x0000000008000400                alt_ic_irq_enabled
 .text          0x0000000008000418       0x68 ../hw6dram_bsp/\libhal_bsp.a(alt_iic_isr_register.o)
                0x0000000008000418                alt_iic_isr_register
 .text          0x0000000008000480        0x0 ../hw6dram_bsp/\libhal_bsp.a(alt_irq_entry.o)
 .text          0x0000000008000480        0x0 ../hw6dram_bsp/\libhal_bsp.a(alt_irq_handler.o)
 .text          0x0000000008000480        0x0 ../hw6dram_bsp/\libhal_bsp.a(alt_irq_vars.o)
 .text          0x0000000008000480       0xec ../hw6dram_bsp/\libhal_bsp.a(alt_tick.o)
                0x0000000008000480                alt_alarm_stop
                0x00000000080004b4                alt_tick
 .text          0x000000000800056c        0x8 ../hw6dram_bsp/\libhal_bsp.a(altera_nios2_qsys_irq.o)
                0x000000000800056c                altera_nios2_qsys_irq_init
 .text          0x0000000008000574        0x0 ../hw6dram_bsp/\libhal_bsp.a(alt_exception_entry.o)
 .text          0x0000000008000574       0x38 ../hw6dram_bsp/\libhal_bsp.a(alt_icache_flush.o)
                0x0000000008000574                alt_icache_flush
 *(.gnu.warning.*)
 *(.fini)
                [!provide]                        PROVIDE (__etext, ABSOLUTE (.))
                [!provide]                        PROVIDE (_etext, ABSOLUTE (.))
                [!provide]                        PROVIDE (etext, ABSOLUTE (.))
 *(.eh_frame_hdr)
                0x00000000080005ac                . = ALIGN (0x4)
                [!provide]                        PROVIDE (__preinit_array_start, ABSOLUTE (.))
 *(.preinit_array)
                [!provide]                        PROVIDE (__preinit_array_end, ABSOLUTE (.))
                [!provide]                        PROVIDE (__init_array_start, ABSOLUTE (.))
 *(.init_array)
                [!provide]                        PROVIDE (__init_array_end, ABSOLUTE (.))
                [!provide]                        PROVIDE (__fini_array_start, ABSOLUTE (.))
 *(.fini_array)
                [!provide]                        PROVIDE (__fini_array_end, ABSOLUTE (.))
 *(.eh_frame)
 *(.gcc_except_table .gcc_except_table.*)
 *(.dynamic)
                [!provide]                        PROVIDE (__CTOR_LIST__, ABSOLUTE (.))
 *(.ctors)
 *(SORT(.ctors.*))
                [!provide]                        PROVIDE (__CTOR_END__, ABSOLUTE (.))
                [!provide]                        PROVIDE (__DTOR_LIST__, ABSOLUTE (.))
 *(.dtors)
 *(SORT(.dtors.*))
                [!provide]                        PROVIDE (__DTOR_END__, ABSOLUTE (.))
 *(.jcr)
                0x00000000080005ac                . = ALIGN (0x4)

.rodata         0x00000000080005ac        0x0
                0x00000000080005ac                PROVIDE (__ram_rodata_start, ABSOLUTE (.))
                0x00000000080005ac                . = ALIGN (0x4)
 *(.rodata .rodata.* .gnu.linkonce.r.*)
 *(.rodata1)
                0x00000000080005ac                . = ALIGN (0x4)
                0x00000000080005ac                PROVIDE (__ram_rodata_end, ABSOLUTE (.))
                0x00000000080005ac                PROVIDE (__flash_rodata_start, LOADADDR (.rodata))

.rwdata         0x00000000080005ac        0xc load address 0x00000000080005b8
                0x00000000080005ac                PROVIDE (__ram_rwdata_start, ABSOLUTE (.))
                0x00000000080005ac                . = ALIGN (0x4)
 *(.got.plt)
 *(.got)
 *(.data1)
 *(.data .data.* .gnu.linkonce.d.*)
 .data          0x00000000080005ac        0x0 ../hw6dram_bsp//obj/HAL/src/crt0.o
 .data          0x00000000080005ac        0x0 ../hw6dram_bsp/\libhal_bsp.a(alt_load.o)
 .data          0x00000000080005ac        0x0 ../hw6dram_bsp/\libhal_bsp.a(alt_main.o)
 .data          0x00000000080005ac        0x0 ../hw6dram_bsp/\libhal_bsp.a(alt_sys_init.o)
 .data          0x00000000080005ac        0x0 ../hw6dram_bsp/\libhal_bsp.a(altera_avalon_timer_sc.o)
 .data          0x00000000080005ac        0x0 ../hw6dram_bsp/\libhal_bsp.a(alt_dcache_flush_all.o)
 .data          0x00000000080005ac        0x0 ../hw6dram_bsp/\libhal_bsp.a(alt_icache_flush_all.o)
 .data          0x00000000080005ac        0x0 ../hw6dram_bsp/\libhal_bsp.a(alt_iic.o)
 .data          0x00000000080005ac        0x0 ../hw6dram_bsp/\libhal_bsp.a(alt_iic_isr_register.o)
 .data          0x00000000080005ac        0x0 ../hw6dram_bsp/\libhal_bsp.a(alt_irq_entry.o)
 .data          0x00000000080005ac        0x0 ../hw6dram_bsp/\libhal_bsp.a(alt_irq_handler.o)
 .data          0x00000000080005ac        0x0 ../hw6dram_bsp/\libhal_bsp.a(alt_irq_vars.o)
 .data          0x00000000080005ac        0x0 ../hw6dram_bsp/\libhal_bsp.a(alt_tick.o)
 .data          0x00000000080005ac        0x0 ../hw6dram_bsp/\libhal_bsp.a(altera_nios2_qsys_irq.o)
 .data          0x00000000080005ac        0x0 ../hw6dram_bsp/\libhal_bsp.a(alt_exception_entry.o)
 .data          0x00000000080005ac        0x0 ../hw6dram_bsp/\libhal_bsp.a(alt_icache_flush.o)
                0x00000000080085ac                _gp = ABSOLUTE ((. + 0x8000))
                [!provide]                        PROVIDE (gp, _gp)
 *(.rwdata .rwdata.*)
 *(.sdata .sdata.* .gnu.linkonce.s.*)
 .sdata         0x00000000080005ac        0x4 ../hw6dram_bsp/\libhal_bsp.a(alt_sys_init.o)
                0x00000000080005ac                jtag_uart_0
 .sdata         0x00000000080005b0        0x8 ../hw6dram_bsp/\libhal_bsp.a(alt_tick.o)
                0x00000000080005b0                alt_alarm_list
 *(.sdata2 .sdata2.* .gnu.linkonce.s2.*)
                0x00000000080005b8                . = ALIGN (0x4)
                0x00000000080005b8                _edata = ABSOLUTE (.)
                [!provide]                        PROVIDE (edata, ABSOLUTE (.))
                0x00000000080005b8                PROVIDE (__ram_rwdata_end, ABSOLUTE (.))
                0x00000000080005b8                PROVIDE (__flash_rwdata_start, LOADADDR (.rwdata))

.bss            0x00000000080005c4      0x118
                0x00000000080005c4                __bss_start = ABSOLUTE (.)
                [!provide]                        PROVIDE (__sbss_start, ABSOLUTE (.))
                [!provide]                        PROVIDE (___sbss_start, ABSOLUTE (.))
 *(.dynsbss)
 *(.sbss .sbss.* .gnu.linkonce.sb.*)
 .sbss          0x00000000080005c4        0xc ../hw6dram_bsp/\libhal_bsp.a(alt_main.o)
                0x00000000080005c4                alt_envp
                0x00000000080005c8                alt_argv
                0x00000000080005cc                alt_argc
 .sbss          0x00000000080005d0        0x4 ../hw6dram_bsp/\libhal_bsp.a(alt_irq_vars.o)
                0x00000000080005d0                alt_irq_active
 .sbss          0x00000000080005d4        0x8 ../hw6dram_bsp/\libhal_bsp.a(alt_tick.o)
                0x00000000080005d4                _alt_nticks
                0x00000000080005d8                _alt_tick_rate
 *(.sbss2 .sbss2.* .gnu.linkonce.sb2.*)
 *(.scommon)
                [!provide]                        PROVIDE (__sbss_end, ABSOLUTE (.))
                [!provide]                        PROVIDE (___sbss_end, ABSOLUTE (.))
 *(.dynbss)
 *(.bss .bss.* .gnu.linkonce.b.*)
 .bss           0x00000000080005dc        0x0 ../hw6dram_bsp//obj/HAL/src/crt0.o
 .bss           0x00000000080005dc        0x0 ../hw6dram_bsp/\libhal_bsp.a(alt_load.o)
 .bss           0x00000000080005dc        0x0 ../hw6dram_bsp/\libhal_bsp.a(alt_main.o)
 .bss           0x00000000080005dc        0x0 ../hw6dram_bsp/\libhal_bsp.a(alt_sys_init.o)
 .bss           0x00000000080005dc        0x0 ../hw6dram_bsp/\libhal_bsp.a(altera_avalon_timer_sc.o)
 .bss           0x00000000080005dc        0x0 ../hw6dram_bsp/\libhal_bsp.a(alt_dcache_flush_all.o)
 .bss           0x00000000080005dc        0x0 ../hw6dram_bsp/\libhal_bsp.a(alt_icache_flush_all.o)
 .bss           0x00000000080005dc        0x0 ../hw6dram_bsp/\libhal_bsp.a(alt_iic.o)
 .bss           0x00000000080005dc        0x0 ../hw6dram_bsp/\libhal_bsp.a(alt_iic_isr_register.o)
 .bss           0x00000000080005dc        0x0 ../hw6dram_bsp/\libhal_bsp.a(alt_irq_entry.o)
 .bss           0x00000000080005dc        0x0 ../hw6dram_bsp/\libhal_bsp.a(alt_irq_handler.o)
 .bss           0x00000000080005dc        0x0 ../hw6dram_bsp/\libhal_bsp.a(alt_irq_vars.o)
 .bss           0x00000000080005dc        0x0 ../hw6dram_bsp/\libhal_bsp.a(alt_tick.o)
 .bss           0x00000000080005dc        0x0 ../hw6dram_bsp/\libhal_bsp.a(altera_nios2_qsys_irq.o)
 .bss           0x00000000080005dc        0x0 ../hw6dram_bsp/\libhal_bsp.a(alt_exception_entry.o)
 .bss           0x00000000080005dc        0x0 ../hw6dram_bsp/\libhal_bsp.a(alt_icache_flush.o)
 *(COMMON)
 COMMON         0x00000000080005dc      0x100 ../hw6dram_bsp/\libhal_bsp.a(alt_irq_handler.o)
                0x00000000080005dc                alt_irq
                0x00000000080006dc                . = ALIGN (0x4)
                0x00000000080006dc                __bss_end = ABSOLUTE (.)

.onchip_memory2_0
                0x0000000000000000        0x0 load address 0x00000000080006dc
                [!provide]                        PROVIDE (_alt_partition_onchip_memory2_0_start, ABSOLUTE (.))
 *(.onchip_memory2_0 .onchip_memory2_0. onchip_memory2_0.*)
                0x0000000000000000                . = ALIGN (0x4)
                [!provide]                        PROVIDE (_alt_partition_onchip_memory2_0_end, ABSOLUTE (.))
                [!provide]                        PROVIDE (_alt_partition_onchip_memory2_0_load_addr, LOADADDR (.onchip_memory2_0))

.sdram          0x00000000080006dc        0x0
                [!provide]                        PROVIDE (_alt_partition_sdram_start, ABSOLUTE (.))
 *(.sdram .sdram. sdram.*)
                0x00000000080006dc                . = ALIGN (0x4)
                [!provide]                        PROVIDE (_alt_partition_sdram_end, ABSOLUTE (.))
                0x00000000080006dc                _end = ABSOLUTE (.)
                0x00000000080006dc                end = ABSOLUTE (.)
                0x00000000080006dc                __alt_stack_base = ABSOLUTE (.)
                [!provide]                        PROVIDE (_alt_partition_sdram_load_addr, LOADADDR (.sdram))

.stab
 *(.stab)

.stabstr
 *(.stabstr)

.stab.excl
 *(.stab.excl)

.stab.exclstr
 *(.stab.exclstr)

.stab.index
 *(.stab.index)

.stab.indexstr
 *(.stab.indexstr)

.comment        0x0000000000000000       0x23
 *(.comment)
 .comment       0x0000000000000000       0x23 ../hw6dram_bsp/\libhal_bsp.a(alt_load.o)
                                         0x24 (size before relaxing)
 .comment       0x0000000000000023       0x24 ../hw6dram_bsp/\libhal_bsp.a(alt_main.o)
 .comment       0x0000000000000023       0x24 ../hw6dram_bsp/\libhal_bsp.a(alt_sys_init.o)
 .comment       0x0000000000000023       0x24 ../hw6dram_bsp/\libhal_bsp.a(altera_avalon_timer_sc.o)
 .comment       0x0000000000000023       0x24 ../hw6dram_bsp/\libhal_bsp.a(alt_dcache_flush_all.o)
 .comment       0x0000000000000023       0x24 ../hw6dram_bsp/\libhal_bsp.a(alt_icache_flush_all.o)
 .comment       0x0000000000000023       0x24 ../hw6dram_bsp/\libhal_bsp.a(alt_iic.o)
 .comment       0x0000000000000023       0x24 ../hw6dram_bsp/\libhal_bsp.a(alt_iic_isr_register.o)
 .comment       0x0000000000000023       0x24 ../hw6dram_bsp/\libhal_bsp.a(alt_irq_handler.o)
 .comment       0x0000000000000023       0x24 ../hw6dram_bsp/\libhal_bsp.a(alt_irq_vars.o)
 .comment       0x0000000000000023       0x24 ../hw6dram_bsp/\libhal_bsp.a(alt_tick.o)
 .comment       0x0000000000000023       0x24 ../hw6dram_bsp/\libhal_bsp.a(altera_nios2_qsys_irq.o)
 .comment       0x0000000000000023       0x24 ../hw6dram_bsp/\libhal_bsp.a(alt_icache_flush.o)

.debug
 *(.debug)

.line
 *(.line)

.debug_srcinfo
 *(.debug_srcinfo)

.debug_sfnames
 *(.debug_sfnames)

.debug_aranges  0x0000000000000000      0x228
 *(.debug_aranges)
 .debug_aranges
                0x0000000000000000       0x28 ../hw6dram_bsp//obj/HAL/src/crt0.o
 .debug_aranges
                0x0000000000000028       0x20 ../hw6dram_bsp/\libhal_bsp.a(alt_load.o)
 .debug_aranges
                0x0000000000000048       0x20 ../hw6dram_bsp/\libhal_bsp.a(alt_main.o)
 .debug_aranges
                0x0000000000000068       0x20 ../hw6dram_bsp/\libhal_bsp.a(alt_sys_init.o)
 .debug_aranges
                0x0000000000000088       0x20 ../hw6dram_bsp/\libhal_bsp.a(altera_avalon_timer_sc.o)
 .debug_aranges
                0x00000000000000a8       0x20 ../hw6dram_bsp/\libhal_bsp.a(alt_dcache_flush_all.o)
 .debug_aranges
                0x00000000000000c8       0x20 ../hw6dram_bsp/\libhal_bsp.a(alt_icache_flush_all.o)
 .debug_aranges
                0x00000000000000e8       0x20 ../hw6dram_bsp/\libhal_bsp.a(alt_iic.o)
 .debug_aranges
                0x0000000000000108       0x20 ../hw6dram_bsp/\libhal_bsp.a(alt_iic_isr_register.o)
 .debug_aranges
                0x0000000000000128       0x30 ../hw6dram_bsp/\libhal_bsp.a(alt_irq_entry.o)
 .debug_aranges
                0x0000000000000158       0x20 ../hw6dram_bsp/\libhal_bsp.a(alt_irq_handler.o)
 .debug_aranges
                0x0000000000000178       0x18 ../hw6dram_bsp/\libhal_bsp.a(alt_irq_vars.o)
 .debug_aranges
                0x0000000000000190       0x20 ../hw6dram_bsp/\libhal_bsp.a(alt_tick.o)
 .debug_aranges
                0x00000000000001b0       0x20 ../hw6dram_bsp/\libhal_bsp.a(altera_nios2_qsys_irq.o)
 .debug_aranges
                0x00000000000001d0       0x38 ../hw6dram_bsp/\libhal_bsp.a(alt_exception_entry.o)
 .debug_aranges
                0x0000000000000208       0x20 ../hw6dram_bsp/\libhal_bsp.a(alt_icache_flush.o)

.debug_pubnames
 *(.debug_pubnames)

.debug_info     0x0000000000000000     0x160e
 *(.debug_info .gnu.linkonce.wi.*)
 .debug_info    0x0000000000000000       0x76 ../hw6dram_bsp//obj/HAL/src/crt0.o
 .debug_info    0x0000000000000076      0x1c9 ../hw6dram_bsp/\libhal_bsp.a(alt_load.o)
 .debug_info    0x000000000000023f      0x169 ../hw6dram_bsp/\libhal_bsp.a(alt_main.o)
 .debug_info    0x00000000000003a8      0x1cf ../hw6dram_bsp/\libhal_bsp.a(alt_sys_init.o)
 .debug_info    0x0000000000000577      0x270 ../hw6dram_bsp/\libhal_bsp.a(altera_avalon_timer_sc.o)
 .debug_info    0x00000000000007e7       0xa6 ../hw6dram_bsp/\libhal_bsp.a(alt_dcache_flush_all.o)
 .debug_info    0x000000000000088d       0xb8 ../hw6dram_bsp/\libhal_bsp.a(alt_icache_flush_all.o)
 .debug_info    0x0000000000000945      0x37f ../hw6dram_bsp/\libhal_bsp.a(alt_iic.o)
 .debug_info    0x0000000000000cc4      0x232 ../hw6dram_bsp/\libhal_bsp.a(alt_iic_isr_register.o)
 .debug_info    0x0000000000000ef6       0x7f ../hw6dram_bsp/\libhal_bsp.a(alt_irq_entry.o)
 .debug_info    0x0000000000000f75      0x184 ../hw6dram_bsp/\libhal_bsp.a(alt_irq_handler.o)
 .debug_info    0x00000000000010f9       0x77 ../hw6dram_bsp/\libhal_bsp.a(alt_irq_vars.o)
 .debug_info    0x0000000000001170      0x2a9 ../hw6dram_bsp/\libhal_bsp.a(alt_tick.o)
 .debug_info    0x0000000000001419       0x92 ../hw6dram_bsp/\libhal_bsp.a(altera_nios2_qsys_irq.o)
 .debug_info    0x00000000000014ab       0x85 ../hw6dram_bsp/\libhal_bsp.a(alt_exception_entry.o)
 .debug_info    0x0000000000001530       0xde ../hw6dram_bsp/\libhal_bsp.a(alt_icache_flush.o)

.debug_abbrev   0x0000000000000000      0xc66
 *(.debug_abbrev)
 .debug_abbrev  0x0000000000000000       0x12 ../hw6dram_bsp//obj/HAL/src/crt0.o
 .debug_abbrev  0x0000000000000012       0xd8 ../hw6dram_bsp/\libhal_bsp.a(alt_load.o)
 .debug_abbrev  0x00000000000000ea       0xee ../hw6dram_bsp/\libhal_bsp.a(alt_main.o)
 .debug_abbrev  0x00000000000001d8      0x110 ../hw6dram_bsp/\libhal_bsp.a(alt_sys_init.o)
 .debug_abbrev  0x00000000000002e8      0x191 ../hw6dram_bsp/\libhal_bsp.a(altera_avalon_timer_sc.o)
 .debug_abbrev  0x0000000000000479       0x5a ../hw6dram_bsp/\libhal_bsp.a(alt_dcache_flush_all.o)
 .debug_abbrev  0x00000000000004d3       0x6f ../hw6dram_bsp/\libhal_bsp.a(alt_icache_flush_all.o)
 .debug_abbrev  0x0000000000000542      0x1a0 ../hw6dram_bsp/\libhal_bsp.a(alt_iic.o)
 .debug_abbrev  0x00000000000006e2      0x19c ../hw6dram_bsp/\libhal_bsp.a(alt_iic_isr_register.o)
 .debug_abbrev  0x000000000000087e       0x12 ../hw6dram_bsp/\libhal_bsp.a(alt_irq_entry.o)
 .debug_abbrev  0x0000000000000890      0x120 ../hw6dram_bsp/\libhal_bsp.a(alt_irq_handler.o)
 .debug_abbrev  0x00000000000009b0       0x40 ../hw6dram_bsp/\libhal_bsp.a(alt_irq_vars.o)
 .debug_abbrev  0x00000000000009f0      0x187 ../hw6dram_bsp/\libhal_bsp.a(alt_tick.o)
 .debug_abbrev  0x0000000000000b77       0x42 ../hw6dram_bsp/\libhal_bsp.a(altera_nios2_qsys_irq.o)
 .debug_abbrev  0x0000000000000bb9       0x12 ../hw6dram_bsp/\libhal_bsp.a(alt_exception_entry.o)
 .debug_abbrev  0x0000000000000bcb       0x9b ../hw6dram_bsp/\libhal_bsp.a(alt_icache_flush.o)

.debug_line     0x0000000000000000      0xa5c
 *(.debug_line)
 .debug_line    0x0000000000000000       0x72 ../hw6dram_bsp//obj/HAL/src/crt0.o
 .debug_line    0x0000000000000072       0xa4 ../hw6dram_bsp/\libhal_bsp.a(alt_load.o)
 .debug_line    0x0000000000000116       0xbd ../hw6dram_bsp/\libhal_bsp.a(alt_main.o)
 .debug_line    0x00000000000001d3      0x11d ../hw6dram_bsp/\libhal_bsp.a(alt_sys_init.o)
 .debug_line    0x00000000000002f0       0xfe ../hw6dram_bsp/\libhal_bsp.a(altera_avalon_timer_sc.o)
 .debug_line    0x00000000000003ee       0x5a ../hw6dram_bsp/\libhal_bsp.a(alt_dcache_flush_all.o)
 .debug_line    0x0000000000000448       0x6e ../hw6dram_bsp/\libhal_bsp.a(alt_icache_flush_all.o)
 .debug_line    0x00000000000004b6       0xf1 ../hw6dram_bsp/\libhal_bsp.a(alt_iic.o)
 .debug_line    0x00000000000005a7       0xd6 ../hw6dram_bsp/\libhal_bsp.a(alt_iic_isr_register.o)
 .debug_line    0x000000000000067d       0x6b ../hw6dram_bsp/\libhal_bsp.a(alt_irq_entry.o)
 .debug_line    0x00000000000006e8       0xa5 ../hw6dram_bsp/\libhal_bsp.a(alt_irq_handler.o)
 .debug_line    0x000000000000078d       0x50 ../hw6dram_bsp/\libhal_bsp.a(alt_irq_vars.o)
 .debug_line    0x00000000000007dd      0x104 ../hw6dram_bsp/\libhal_bsp.a(alt_tick.o)
 .debug_line    0x00000000000008e1       0x50 ../hw6dram_bsp/\libhal_bsp.a(altera_nios2_qsys_irq.o)
 .debug_line    0x0000000000000931       0xae ../hw6dram_bsp/\libhal_bsp.a(alt_exception_entry.o)
 .debug_line    0x00000000000009df       0x7d ../hw6dram_bsp/\libhal_bsp.a(alt_icache_flush.o)

.debug_frame    0x0000000000000000      0x268
 *(.debug_frame)
 .debug_frame   0x0000000000000000       0x30 ../hw6dram_bsp/\libhal_bsp.a(alt_load.o)
 .debug_frame   0x0000000000000030       0x2c ../hw6dram_bsp/\libhal_bsp.a(alt_main.o)
 .debug_frame   0x000000000000005c       0x3c ../hw6dram_bsp/\libhal_bsp.a(alt_sys_init.o)
 .debug_frame   0x0000000000000098       0x4c ../hw6dram_bsp/\libhal_bsp.a(altera_avalon_timer_sc.o)
 .debug_frame   0x00000000000000e4       0x20 ../hw6dram_bsp/\libhal_bsp.a(alt_dcache_flush_all.o)
 .debug_frame   0x0000000000000104       0x20 ../hw6dram_bsp/\libhal_bsp.a(alt_icache_flush_all.o)
 .debug_frame   0x0000000000000124       0x50 ../hw6dram_bsp/\libhal_bsp.a(alt_iic.o)
 .debug_frame   0x0000000000000174       0x30 ../hw6dram_bsp/\libhal_bsp.a(alt_iic_isr_register.o)
 .debug_frame   0x00000000000001a4       0x34 ../hw6dram_bsp/\libhal_bsp.a(alt_irq_handler.o)
 .debug_frame   0x00000000000001d8       0x50 ../hw6dram_bsp/\libhal_bsp.a(alt_tick.o)
 .debug_frame   0x0000000000000228       0x20 ../hw6dram_bsp/\libhal_bsp.a(altera_nios2_qsys_irq.o)
 .debug_frame   0x0000000000000248       0x20 ../hw6dram_bsp/\libhal_bsp.a(alt_icache_flush.o)

.debug_str      0x0000000000000000      0x6a0
 *(.debug_str)
 .debug_str     0x0000000000000000      0x208 ../hw6dram_bsp/\libhal_bsp.a(alt_load.o)
                                        0x241 (size before relaxing)
 .debug_str     0x0000000000000208       0x8f ../hw6dram_bsp/\libhal_bsp.a(alt_main.o)
                                        0x1ba (size before relaxing)
 .debug_str     0x0000000000000297       0xfe ../hw6dram_bsp/\libhal_bsp.a(alt_sys_init.o)
                                        0x27c (size before relaxing)
 .debug_str     0x0000000000000395       0xc1 ../hw6dram_bsp/\libhal_bsp.a(altera_avalon_timer_sc.o)
                                        0x26d (size before relaxing)
 .debug_str     0x0000000000000456       0x1f ../hw6dram_bsp/\libhal_bsp.a(alt_dcache_flush_all.o)
                                        0x15a (size before relaxing)
 .debug_str     0x0000000000000475       0x30 ../hw6dram_bsp/\libhal_bsp.a(alt_icache_flush_all.o)
                                        0x16b (size before relaxing)
 .debug_str     0x00000000000004a5       0xb9 ../hw6dram_bsp/\libhal_bsp.a(alt_iic.o)
                                        0x246 (size before relaxing)
 .debug_str     0x000000000000055e       0x37 ../hw6dram_bsp/\libhal_bsp.a(alt_iic_isr_register.o)
                                        0x212 (size before relaxing)
 .debug_str     0x0000000000000595       0x3f ../hw6dram_bsp/\libhal_bsp.a(alt_irq_handler.o)
                                        0x19c (size before relaxing)
 .debug_str     0x00000000000005d4       0x17 ../hw6dram_bsp/\libhal_bsp.a(alt_irq_vars.o)
                                        0x12d (size before relaxing)
 .debug_str     0x00000000000005eb       0x7a ../hw6dram_bsp/\libhal_bsp.a(alt_tick.o)
                                        0x257 (size before relaxing)
 .debug_str     0x0000000000000665       0x20 ../hw6dram_bsp/\libhal_bsp.a(altera_nios2_qsys_irq.o)
                                        0x161 (size before relaxing)
 .debug_str     0x0000000000000685       0x1b ../hw6dram_bsp/\libhal_bsp.a(alt_icache_flush.o)
                                        0x160 (size before relaxing)

.debug_loc      0x0000000000000000      0x568
 *(.debug_loc)
 .debug_loc     0x0000000000000000       0x21 ../hw6dram_bsp/\libhal_bsp.a(alt_sys_init.o)
 .debug_loc     0x0000000000000021       0xec ../hw6dram_bsp/\libhal_bsp.a(altera_avalon_timer_sc.o)
 .debug_loc     0x000000000000010d       0x1f ../hw6dram_bsp/\libhal_bsp.a(alt_dcache_flush_all.o)
 .debug_loc     0x000000000000012c      0x170 ../hw6dram_bsp/\libhal_bsp.a(alt_iic.o)
 .debug_loc     0x000000000000029c      0x193 ../hw6dram_bsp/\libhal_bsp.a(alt_iic_isr_register.o)
 .debug_loc     0x000000000000042f       0x72 ../hw6dram_bsp/\libhal_bsp.a(alt_irq_handler.o)
 .debug_loc     0x00000000000004a1       0x75 ../hw6dram_bsp/\libhal_bsp.a(alt_tick.o)
 .debug_loc     0x0000000000000516       0x52 ../hw6dram_bsp/\libhal_bsp.a(alt_icache_flush.o)

.debug_macinfo
 *(.debug_macinfo)

.debug_weaknames
 *(.debug_weaknames)

.debug_funcnames
 *(.debug_funcnames)

.debug_typenames
 *(.debug_typenames)

.debug_varnames
 *(.debug_varnames)

.debug_alt_sim_info
                0x0000000000000000       0x30
 *(.debug_alt_sim_info)
 .debug_alt_sim_info
                0x0000000000000000       0x30 ../hw6dram_bsp//obj/HAL/src/crt0.o
                0x000000000ffff800                __alt_data_end = 0xffff800
                0x000000000ffff800                PROVIDE (__alt_stack_pointer, __alt_data_end)
                [!provide]                        PROVIDE (__alt_stack_limit, __alt_stack_base)
                0x0000000010000000                PROVIDE (__alt_exception_stack_pointer, 0x10000000)
                [!provide]                        PROVIDE (__alt_exception_stack_limit, 0xffffc00)
                [!provide]                        PROVIDE (__alt_interrupt_stack_pointer, 0xffffc00)
                [!provide]                        PROVIDE (__alt_interrupt_stack_limit, 0xffff800)
                [!provide]                        PROVIDE (__alt_heap_start, end)
                [!provide]                        PROVIDE (__alt_heap_limit, 0xffff800)
OUTPUT(hw5dram.elf elf32-littlenios2)

.debug_ranges   0x0000000000000000       0xf8
 .debug_ranges  0x0000000000000000       0x20 ../hw6dram_bsp//obj/HAL/src/crt0.o
 .debug_ranges  0x0000000000000020       0x48 ../hw6dram_bsp/\libhal_bsp.a(alt_load.o)
 .debug_ranges  0x0000000000000068       0x18 ../hw6dram_bsp/\libhal_bsp.a(altera_avalon_timer_sc.o)
 .debug_ranges  0x0000000000000080       0x28 ../hw6dram_bsp/\libhal_bsp.a(alt_irq_entry.o)
 .debug_ranges  0x00000000000000a8       0x10 ../hw6dram_bsp/\libhal_bsp.a(alt_irq_handler.o)
 .debug_ranges  0x00000000000000b8       0x30 ../hw6dram_bsp/\libhal_bsp.a(alt_exception_entry.o)
 .debug_ranges  0x00000000000000e8       0x10 ../hw6dram_bsp/\libhal_bsp.a(alt_icache_flush.o)
