Archive member included to satisfy reference by file (symbol)

../hw5_bsp/\libhal_bsp.a(alt_getchar.o)
                              obj/default/hello_world_small.o (alt_getchar)
../hw5_bsp/\libhal_bsp.a(alt_load.o)
                              ../hw5_bsp//obj/HAL/src/crt0.o (alt_load)
../hw5_bsp/\libhal_bsp.a(alt_main.o)
                              ../hw5_bsp//obj/HAL/src/crt0.o (alt_main)
../hw5_bsp/\libhal_bsp.a(alt_putstr.o)
                              obj/default/hello_world_small.o (alt_putstr)
../hw5_bsp/\libhal_bsp.a(alt_sys_init.o)
                              ../hw5_bsp/\libhal_bsp.a(alt_main.o) (alt_irq_init)
../hw5_bsp/\libhal_bsp.a(altera_avalon_jtag_uart_read.o)
                              ../hw5_bsp/\libhal_bsp.a(alt_getchar.o) (altera_avalon_jtag_uart_read)
../hw5_bsp/\libhal_bsp.a(altera_avalon_jtag_uart_write.o)
                              ../hw5_bsp/\libhal_bsp.a(alt_putstr.o) (altera_avalon_jtag_uart_write)
../hw5_bsp/\libhal_bsp.a(alt_dcache_flush_all.o)
                              ../hw5_bsp/\libhal_bsp.a(alt_load.o) (alt_dcache_flush_all)
../hw5_bsp/\libhal_bsp.a(alt_dev.o)
                              ../hw5_bsp/\libhal_bsp.a(alt_getchar.o) (alt_fd_list)
../hw5_bsp/\libhal_bsp.a(alt_icache_flush_all.o)
                              ../hw5_bsp/\libhal_bsp.a(alt_load.o) (alt_icache_flush_all)
../hw5_bsp/\libhal_bsp.a(altera_nios2_qsys_irq.o)
                              ../hw5_bsp/\libhal_bsp.a(alt_sys_init.o) (altera_nios2_qsys_irq_init)
../hw5_bsp/\libhal_bsp.a(alt_icache_flush.o)
                              ../hw5_bsp/\libhal_bsp.a(alt_icache_flush_all.o) (alt_icache_flush)
c:/intelfpga_lite/17.1/nios2eds/bin/gnu/h-x86_64-mingw32/bin/../lib/gcc/nios2-elf/5.3.0/../../../../../H-x86_64-mingw32/nios2-elf/lib\libsmallc.a(lib_a-strlen.o)
                              ../hw5_bsp/\libhal_bsp.a(alt_putstr.o) (strlen)

Memory Configuration

Name             Origin             Length             Attributes
reset            0x0000000000000000 0x0000000000000020
onchip_memory2_0 0x0000000000000020 0x0000000000000fe0
*default*        0x0000000000000000 0xffffffffffffffff

Linker script and memory map

LOAD ../hw5_bsp//obj/HAL/src/crt0.o
LOAD obj/default/hello_world_small.o
LOAD c:/intelfpga_lite/17.1/nios2eds/bin/gnu/h-x86_64-mingw32/bin/../lib/gcc/nios2-elf/5.3.0/../../../../../H-x86_64-mingw32/nios2-elf/lib\libstdc++.a
LOAD c:/intelfpga_lite/17.1/nios2eds/bin/gnu/h-x86_64-mingw32/bin/../lib/gcc/nios2-elf/5.3.0/../../../../../H-x86_64-mingw32/nios2-elf/lib\libm.a
LOAD c:/intelfpga_lite/17.1/nios2eds/bin/gnu/h-x86_64-mingw32/bin/../lib/gcc/nios2-elf/5.3.0\libgcc.a
START GROUP
LOAD c:/intelfpga_lite/17.1/nios2eds/bin/gnu/h-x86_64-mingw32/bin/../lib/gcc/nios2-elf/5.3.0/../../../../../H-x86_64-mingw32/nios2-elf/lib\libsmallc.a
LOAD c:/intelfpga_lite/17.1/nios2eds/bin/gnu/h-x86_64-mingw32/bin/../lib/gcc/nios2-elf/5.3.0\libgcc.a
LOAD ../hw5_bsp/\libhal_bsp.a
LOAD c:/intelfpga_lite/17.1/nios2eds/bin/gnu/h-x86_64-mingw32/bin/../lib/gcc/nios2-elf/5.3.0/../../../../../H-x86_64-mingw32/nios2-elf/lib\libm.a
END GROUP
LOAD c:/intelfpga_lite/17.1/nios2eds/bin/gnu/h-x86_64-mingw32/bin/../lib/gcc/nios2-elf/5.3.0\libgcc.a
                0x0000000000000000                __alt_mem_onchip_memory2_0 = 0x0

.entry          0x0000000000000000       0x20
 *(.entry)
 .entry         0x0000000000000000       0x20 ../hw5_bsp//obj/HAL/src/crt0.o
                0x0000000000000000                __reset
                0x000000000000001c                _exit

.exceptions     0x0000000000000020        0x0
                0x0000000000000020                PROVIDE (__ram_exceptions_start, ABSOLUTE (.))
                0x0000000000000020                . = ALIGN (0x20)
 *(.irq)
 *(.exceptions.entry.label)
 *(.exceptions.entry.user)
 *(.exceptions.entry.ecc_fatal)
 *(.exceptions.entry)
 *(.exceptions.irqtest.user)
 *(.exceptions.irqtest)
 *(.exceptions.irqhandler.user)
 *(.exceptions.irqhandler)
 *(.exceptions.irqreturn.user)
 *(.exceptions.irqreturn)
 *(.exceptions.notirq.label)
 *(.exceptions.notirq.user)
 *(.exceptions.notirq)
 *(.exceptions.soft.user)
 *(.exceptions.soft)
 *(.exceptions.unknown.user)
 *(.exceptions.unknown)
 *(.exceptions.exit.label)
 *(.exceptions.exit.user)
 *(.exceptions.exit)
 *(.exceptions)
                0x0000000000000020                PROVIDE (__ram_exceptions_end, ABSOLUTE (.))
                0x0000000000000020                PROVIDE (__flash_exceptions_start, LOADADDR (.exceptions))

.text           0x0000000000000020      0x42c
                [!provide]                        PROVIDE (stext, ABSOLUTE (.))
 *(.interp)
 *(.hash)
 *(.dynsym)
 *(.dynstr)
 *(.gnu.version)
 *(.gnu.version_d)
 *(.gnu.version_r)
 *(.rel.init)
 *(.rela.init)
 *(.rel.text .rel.text.* .rel.gnu.linkonce.t.*)
 *(.rela.text .rela.text.* .rela.gnu.linkonce.t.*)
 *(.rel.fini)
 *(.rela.fini)
 *(.rel.rodata .rel.rodata.* .rel.gnu.linkonce.r.*)
 *(.rela.rodata .rela.rodata.* .rela.gnu.linkonce.r.*)
 *(.rel.data .rel.data.* .rel.gnu.linkonce.d.*)
 *(.rela.data .rela.data.* .rela.gnu.linkonce.d.*)
 *(.rel.tdata .rel.tdata.* .rel.gnu.linkonce.td.*)
 *(.rela.tdata .rela.tdata.* .rela.gnu.linkonce.td.*)
 *(.rel.tbss .rel.tbss.* .rel.gnu.linkonce.tb.*)
 *(.rela.tbss .rela.tbss.* .rela.gnu.linkonce.tb.*)
 *(.rel.ctors)
 *(.rela.ctors)
 *(.rel.dtors)
 *(.rela.dtors)
 *(.rel.got)
 *(.rela.got)
 *(.rel.sdata .rel.sdata.* .rel.gnu.linkonce.s.*)
 *(.rela.sdata .rela.sdata.* .rela.gnu.linkonce.s.*)
 *(.rel.sbss .rel.sbss.* .rel.gnu.linkonce.sb.*)
 *(.rela.sbss .rela.sbss.* .rela.gnu.linkonce.sb.*)
 *(.rel.sdata2 .rel.sdata2.* .rel.gnu.linkonce.s2.*)
 *(.rela.sdata2 .rela.sdata2.* .rela.gnu.linkonce.s2.*)
 *(.rel.sbss2 .rel.sbss2.* .rel.gnu.linkonce.sb2.*)
 *(.rela.sbss2 .rela.sbss2.* .rela.gnu.linkonce.sb2.*)
 *(.rel.bss .rel.bss.* .rel.gnu.linkonce.b.*)
 *(.rela.bss .rela.bss.* .rela.gnu.linkonce.b.*)
 *(.rel.plt)
 *(.rela.plt)
 *(.rel.dyn)
 *(.init)
 *(.plt)
 *(.text .stub .text.* .gnu.linkonce.t.*)
 .text          0x0000000000000020       0x4c ../hw5_bsp//obj/HAL/src/crt0.o
                0x0000000000000020                _start
 .text          0x000000000000006c      0x110 obj/default/hello_world_small.o
                0x000000000000006c                clearhex
                0x00000000000000b4                part1
 .text.startup  0x000000000000017c        0xc obj/default/hello_world_small.o
                0x000000000000017c                main
 .text          0x0000000000000188       0x44 ../hw5_bsp/\libhal_bsp.a(alt_getchar.o)
                0x0000000000000188                alt_getchar
 .text          0x00000000000001cc       0xe0 ../hw5_bsp/\libhal_bsp.a(alt_load.o)
                0x00000000000001cc                alt_load
 .text          0x00000000000002ac       0x2c ../hw5_bsp/\libhal_bsp.a(alt_main.o)
                0x00000000000002ac                alt_main
 .text          0x00000000000002d8       0x38 ../hw5_bsp/\libhal_bsp.a(alt_putstr.o)
                0x00000000000002d8                alt_putstr
 .text          0x0000000000000310       0x24 ../hw5_bsp/\libhal_bsp.a(alt_sys_init.o)
                0x0000000000000310                alt_irq_init
                0x0000000000000330                alt_sys_init
 .text          0x0000000000000334       0x5c ../hw5_bsp/\libhal_bsp.a(altera_avalon_jtag_uart_read.o)
                0x0000000000000334                altera_avalon_jtag_uart_read
 .text          0x0000000000000390       0x34 ../hw5_bsp/\libhal_bsp.a(altera_avalon_jtag_uart_write.o)
                0x0000000000000390                altera_avalon_jtag_uart_write
 .text          0x00000000000003c4       0x18 ../hw5_bsp/\libhal_bsp.a(alt_dcache_flush_all.o)
                0x00000000000003c4                alt_dcache_flush_all
 .text          0x00000000000003dc        0x8 ../hw5_bsp/\libhal_bsp.a(alt_dev.o)
 .text          0x00000000000003e4        0xc ../hw5_bsp/\libhal_bsp.a(alt_icache_flush_all.o)
                0x00000000000003e4                alt_icache_flush_all
 .text          0x00000000000003f0        0x8 ../hw5_bsp/\libhal_bsp.a(altera_nios2_qsys_irq.o)
                0x00000000000003f0                altera_nios2_qsys_irq_init
 .text          0x00000000000003f8       0x38 ../hw5_bsp/\libhal_bsp.a(alt_icache_flush.o)
                0x00000000000003f8                alt_icache_flush
 .text          0x0000000000000430        0x0 c:/intelfpga_lite/17.1/nios2eds/bin/gnu/h-x86_64-mingw32/bin/../lib/gcc/nios2-elf/5.3.0/../../../../../H-x86_64-mingw32/nios2-elf/lib\libsmallc.a(lib_a-strlen.o)
 .text.strlen   0x0000000000000430       0x1c c:/intelfpga_lite/17.1/nios2eds/bin/gnu/h-x86_64-mingw32/bin/../lib/gcc/nios2-elf/5.3.0/../../../../../H-x86_64-mingw32/nios2-elf/lib\libsmallc.a(lib_a-strlen.o)
                0x0000000000000430                strlen
 *(.gnu.warning.*)
 *(.fini)
                [!provide]                        PROVIDE (__etext, ABSOLUTE (.))
                [!provide]                        PROVIDE (_etext, ABSOLUTE (.))
                [!provide]                        PROVIDE (etext, ABSOLUTE (.))
 *(.eh_frame_hdr)
                0x000000000000044c                . = ALIGN (0x4)
                [!provide]                        PROVIDE (__preinit_array_start, ABSOLUTE (.))
 *(.preinit_array)
                [!provide]                        PROVIDE (__preinit_array_end, ABSOLUTE (.))
                [!provide]                        PROVIDE (__init_array_start, ABSOLUTE (.))
 *(.init_array)
                [!provide]                        PROVIDE (__init_array_end, ABSOLUTE (.))
                [!provide]                        PROVIDE (__fini_array_start, ABSOLUTE (.))
 *(.fini_array)
                [!provide]                        PROVIDE (__fini_array_end, ABSOLUTE (.))
 *(.eh_frame)
 *(.gcc_except_table .gcc_except_table.*)
 *(.dynamic)
                [!provide]                        PROVIDE (__CTOR_LIST__, ABSOLUTE (.))
 *(.ctors)
 *(SORT(.ctors.*))
                [!provide]                        PROVIDE (__CTOR_END__, ABSOLUTE (.))
                [!provide]                        PROVIDE (__DTOR_LIST__, ABSOLUTE (.))
 *(.dtors)
 *(SORT(.dtors.*))
                [!provide]                        PROVIDE (__DTOR_END__, ABSOLUTE (.))
 *(.jcr)
                0x000000000000044c                . = ALIGN (0x4)

.rodata         0x000000000000044c       0xa8
                0x000000000000044c                PROVIDE (__ram_rodata_start, ABSOLUTE (.))
                0x000000000000044c                . = ALIGN (0x4)
 *(.rodata .rodata.* .gnu.linkonce.r.*)
 .rodata.str1.4
                0x000000000000044c       0x9a obj/default/hello_world_small.o
 *fill*         0x00000000000004e6        0x2 
 .rodata.str1.4
                0x00000000000004e8        0xc ../hw5_bsp/\libhal_bsp.a(alt_dev.o)
                                          0xa (size before relaxing)
 *(.rodata1)
                0x00000000000004f4                . = ALIGN (0x4)
                0x00000000000004f4                PROVIDE (__ram_rodata_end, ABSOLUTE (.))
                0x000000000000044c                PROVIDE (__flash_rodata_start, LOADADDR (.rodata))

.rwdata         0x00000000000004f4       0xc4 load address 0x00000000000005b8
                0x00000000000004f4                PROVIDE (__ram_rwdata_start, ABSOLUTE (.))
                0x00000000000004f4                . = ALIGN (0x4)
 *(.got.plt)
 *(.got)
 *(.data1)
 *(.data .data.* .gnu.linkonce.d.*)
 .data          0x00000000000004f4        0x0 ../hw5_bsp//obj/HAL/src/crt0.o
 .data          0x00000000000004f4       0x28 obj/default/hello_world_small.o
                0x00000000000004f4                hextable
 .data          0x000000000000051c        0x0 ../hw5_bsp/\libhal_bsp.a(alt_getchar.o)
 .data          0x000000000000051c        0x0 ../hw5_bsp/\libhal_bsp.a(alt_load.o)
 .data          0x000000000000051c        0x0 ../hw5_bsp/\libhal_bsp.a(alt_main.o)
 .data          0x000000000000051c        0x0 ../hw5_bsp/\libhal_bsp.a(alt_putstr.o)
 .data          0x000000000000051c        0x0 ../hw5_bsp/\libhal_bsp.a(alt_sys_init.o)
 .data          0x000000000000051c        0x0 ../hw5_bsp/\libhal_bsp.a(altera_avalon_jtag_uart_read.o)
 .data          0x000000000000051c        0x0 ../hw5_bsp/\libhal_bsp.a(altera_avalon_jtag_uart_write.o)
 .data          0x000000000000051c        0x0 ../hw5_bsp/\libhal_bsp.a(alt_dcache_flush_all.o)
 .data          0x000000000000051c       0x58 ../hw5_bsp/\libhal_bsp.a(alt_dev.o)
                0x000000000000051c                alt_fd_list
                0x000000000000054c                alt_dev_null
 .data          0x0000000000000574        0x0 ../hw5_bsp/\libhal_bsp.a(alt_icache_flush_all.o)
 .data          0x0000000000000574        0x0 ../hw5_bsp/\libhal_bsp.a(altera_nios2_qsys_irq.o)
 .data          0x0000000000000574        0x0 ../hw5_bsp/\libhal_bsp.a(alt_icache_flush.o)
 .data          0x0000000000000574        0x0 c:/intelfpga_lite/17.1/nios2eds/bin/gnu/h-x86_64-mingw32/bin/../lib/gcc/nios2-elf/5.3.0/../../../../../H-x86_64-mingw32/nios2-elf/lib\libsmallc.a(lib_a-strlen.o)
                0x0000000000008574                _gp = ABSOLUTE ((. + 0x8000))
                [!provide]                        PROVIDE (gp, _gp)
 *(.rwdata .rwdata.*)
 *(.sdata .sdata.* .gnu.linkonce.s.*)
 .sdata         0x0000000000000574       0x2c obj/default/hello_world_small.o
                0x0000000000000574                hex7
                0x0000000000000578                hex6
                0x000000000000057c                hex5
                0x0000000000000580                hex4
                0x0000000000000584                hex3
                0x0000000000000588                hex2
                0x000000000000058c                hex1
                0x0000000000000590                hex0
                0x0000000000000594                pushbutton
                0x0000000000000598                switch_base
                0x000000000000059c                ledg
 .sdata         0x00000000000005a0        0x4 ../hw5_bsp/\libhal_bsp.a(alt_sys_init.o)
                0x00000000000005a0                jtag_uart_0
 .sdata         0x00000000000005a4       0x14 ../hw5_bsp/\libhal_bsp.a(alt_dev.o)
                0x00000000000005a4                alt_max_fd
                0x00000000000005a8                alt_dev_list
                0x00000000000005b0                alt_fs_list
 *(.sdata2 .sdata2.* .gnu.linkonce.s2.*)
                0x00000000000005b8                . = ALIGN (0x4)
                0x00000000000005b8                _edata = ABSOLUTE (.)
                [!provide]                        PROVIDE (edata, ABSOLUTE (.))
                0x00000000000005b8                PROVIDE (__ram_rwdata_end, ABSOLUTE (.))
                0x00000000000005b8                PROVIDE (__flash_rwdata_start, LOADADDR (.rwdata))

.bss            0x000000000000067c        0xc
                0x000000000000067c                __bss_start = ABSOLUTE (.)
                [!provide]                        PROVIDE (__sbss_start, ABSOLUTE (.))
                [!provide]                        PROVIDE (___sbss_start, ABSOLUTE (.))
 *(.dynsbss)
 *(.sbss .sbss.* .gnu.linkonce.sb.*)
 .sbss          0x000000000000067c        0xc ../hw5_bsp/\libhal_bsp.a(alt_main.o)
                0x000000000000067c                alt_envp
                0x0000000000000680                alt_argv
                0x0000000000000684                alt_argc
 *(.sbss2 .sbss2.* .gnu.linkonce.sb2.*)
 *(.scommon)
                [!provide]                        PROVIDE (__sbss_end, ABSOLUTE (.))
                [!provide]                        PROVIDE (___sbss_end, ABSOLUTE (.))
 *(.dynbss)
 *(.bss .bss.* .gnu.linkonce.b.*)
 .bss           0x0000000000000688        0x0 ../hw5_bsp//obj/HAL/src/crt0.o
 .bss           0x0000000000000688        0x0 obj/default/hello_world_small.o
 .bss           0x0000000000000688        0x0 ../hw5_bsp/\libhal_bsp.a(alt_getchar.o)
 .bss           0x0000000000000688        0x0 ../hw5_bsp/\libhal_bsp.a(alt_load.o)
 .bss           0x0000000000000688        0x0 ../hw5_bsp/\libhal_bsp.a(alt_main.o)
 .bss           0x0000000000000688        0x0 ../hw5_bsp/\libhal_bsp.a(alt_putstr.o)
 .bss           0x0000000000000688        0x0 ../hw5_bsp/\libhal_bsp.a(alt_sys_init.o)
 .bss           0x0000000000000688        0x0 ../hw5_bsp/\libhal_bsp.a(altera_avalon_jtag_uart_read.o)
 .bss           0x0000000000000688        0x0 ../hw5_bsp/\libhal_bsp.a(altera_avalon_jtag_uart_write.o)
 .bss           0x0000000000000688        0x0 ../hw5_bsp/\libhal_bsp.a(alt_dcache_flush_all.o)
 .bss           0x0000000000000688        0x0 ../hw5_bsp/\libhal_bsp.a(alt_dev.o)
 .bss           0x0000000000000688        0x0 ../hw5_bsp/\libhal_bsp.a(alt_icache_flush_all.o)
 .bss           0x0000000000000688        0x0 ../hw5_bsp/\libhal_bsp.a(altera_nios2_qsys_irq.o)
 .bss           0x0000000000000688        0x0 ../hw5_bsp/\libhal_bsp.a(alt_icache_flush.o)
 .bss           0x0000000000000688        0x0 c:/intelfpga_lite/17.1/nios2eds/bin/gnu/h-x86_64-mingw32/bin/../lib/gcc/nios2-elf/5.3.0/../../../../../H-x86_64-mingw32/nios2-elf/lib\libsmallc.a(lib_a-strlen.o)
 *(COMMON)
                0x0000000000000688                . = ALIGN (0x4)
                0x0000000000000688                __bss_end = ABSOLUTE (.)

.onchip_memory2_0
                0x0000000000000688        0x0
                [!provide]                        PROVIDE (_alt_partition_onchip_memory2_0_start, ABSOLUTE (.))
 *(.onchip_memory2_0 .onchip_memory2_0. onchip_memory2_0.*)
                0x0000000000000688                . = ALIGN (0x4)
                [!provide]                        PROVIDE (_alt_partition_onchip_memory2_0_end, ABSOLUTE (.))
                0x0000000000000688                _end = ABSOLUTE (.)
                0x0000000000000688                end = ABSOLUTE (.)
                0x0000000000000688                __alt_stack_base = ABSOLUTE (.)
                [!provide]                        PROVIDE (_alt_partition_onchip_memory2_0_load_addr, LOADADDR (.onchip_memory2_0))

.stab
 *(.stab)

.stabstr
 *(.stabstr)

.stab.excl
 *(.stab.excl)

.stab.exclstr
 *(.stab.exclstr)

.stab.index
 *(.stab.index)

.stab.indexstr
 *(.stab.indexstr)

.comment        0x0000000000000000       0x23
 *(.comment)
 .comment       0x0000000000000000       0x23 obj/default/hello_world_small.o
                                         0x24 (size before relaxing)
 .comment       0x0000000000000023       0x24 ../hw5_bsp/\libhal_bsp.a(alt_getchar.o)
 .comment       0x0000000000000023       0x24 ../hw5_bsp/\libhal_bsp.a(alt_load.o)
 .comment       0x0000000000000023       0x24 ../hw5_bsp/\libhal_bsp.a(alt_main.o)
 .comment       0x0000000000000023       0x24 ../hw5_bsp/\libhal_bsp.a(alt_putstr.o)
 .comment       0x0000000000000023       0x24 ../hw5_bsp/\libhal_bsp.a(alt_sys_init.o)
 .comment       0x0000000000000023       0x24 ../hw5_bsp/\libhal_bsp.a(altera_avalon_jtag_uart_read.o)
 .comment       0x0000000000000023       0x24 ../hw5_bsp/\libhal_bsp.a(altera_avalon_jtag_uart_write.o)
 .comment       0x0000000000000023       0x24 ../hw5_bsp/\libhal_bsp.a(alt_dcache_flush_all.o)
 .comment       0x0000000000000023       0x24 ../hw5_bsp/\libhal_bsp.a(alt_dev.o)
 .comment       0x0000000000000023       0x24 ../hw5_bsp/\libhal_bsp.a(alt_icache_flush_all.o)
 .comment       0x0000000000000023       0x24 ../hw5_bsp/\libhal_bsp.a(altera_nios2_qsys_irq.o)
 .comment       0x0000000000000023       0x24 ../hw5_bsp/\libhal_bsp.a(alt_icache_flush.o)
 .comment       0x0000000000000023       0x24 c:/intelfpga_lite/17.1/nios2eds/bin/gnu/h-x86_64-mingw32/bin/../lib/gcc/nios2-elf/5.3.0/../../../../../H-x86_64-mingw32/nios2-elf/lib\libsmallc.a(lib_a-strlen.o)

.debug
 *(.debug)

.line
 *(.line)

.debug_srcinfo
 *(.debug_srcinfo)

.debug_sfnames
 *(.debug_sfnames)

.debug_aranges  0x0000000000000000      0x1f0
 *(.debug_aranges)
 .debug_aranges
                0x0000000000000000       0x28 ../hw5_bsp//obj/HAL/src/crt0.o
 .debug_aranges
                0x0000000000000028       0x28 obj/default/hello_world_small.o
 .debug_aranges
                0x0000000000000050       0x20 ../hw5_bsp/\libhal_bsp.a(alt_getchar.o)
 .debug_aranges
                0x0000000000000070       0x20 ../hw5_bsp/\libhal_bsp.a(alt_load.o)
 .debug_aranges
                0x0000000000000090       0x20 ../hw5_bsp/\libhal_bsp.a(alt_main.o)
 .debug_aranges
                0x00000000000000b0       0x20 ../hw5_bsp/\libhal_bsp.a(alt_putstr.o)
 .debug_aranges
                0x00000000000000d0       0x20 ../hw5_bsp/\libhal_bsp.a(alt_sys_init.o)
 .debug_aranges
                0x00000000000000f0       0x20 ../hw5_bsp/\libhal_bsp.a(altera_avalon_jtag_uart_read.o)
 .debug_aranges
                0x0000000000000110       0x20 ../hw5_bsp/\libhal_bsp.a(altera_avalon_jtag_uart_write.o)
 .debug_aranges
                0x0000000000000130       0x20 ../hw5_bsp/\libhal_bsp.a(alt_dcache_flush_all.o)
 .debug_aranges
                0x0000000000000150       0x20 ../hw5_bsp/\libhal_bsp.a(alt_dev.o)
 .debug_aranges
                0x0000000000000170       0x20 ../hw5_bsp/\libhal_bsp.a(alt_icache_flush_all.o)
 .debug_aranges
                0x0000000000000190       0x20 ../hw5_bsp/\libhal_bsp.a(altera_nios2_qsys_irq.o)
 .debug_aranges
                0x00000000000001b0       0x20 ../hw5_bsp/\libhal_bsp.a(alt_icache_flush.o)
 .debug_aranges
                0x00000000000001d0       0x20 c:/intelfpga_lite/17.1/nios2eds/bin/gnu/h-x86_64-mingw32/bin/../lib/gcc/nios2-elf/5.3.0/../../../../../H-x86_64-mingw32/nios2-elf/lib\libsmallc.a(lib_a-strlen.o)

.debug_pubnames
 *(.debug_pubnames)

.debug_info     0x0000000000000000     0x174c
 *(.debug_info .gnu.linkonce.wi.*)
 .debug_info    0x0000000000000000       0x75 ../hw5_bsp//obj/HAL/src/crt0.o
 .debug_info    0x0000000000000075      0x226 obj/default/hello_world_small.o
 .debug_info    0x000000000000029b      0x32d ../hw5_bsp/\libhal_bsp.a(alt_getchar.o)
 .debug_info    0x00000000000005c8      0x1c9 ../hw5_bsp/\libhal_bsp.a(alt_load.o)
 .debug_info    0x0000000000000791      0x169 ../hw5_bsp/\libhal_bsp.a(alt_main.o)
 .debug_info    0x00000000000008fa      0x13a ../hw5_bsp/\libhal_bsp.a(alt_putstr.o)
 .debug_info    0x0000000000000a34      0x19d ../hw5_bsp/\libhal_bsp.a(alt_sys_init.o)
 .debug_info    0x0000000000000bd1      0x1b4 ../hw5_bsp/\libhal_bsp.a(altera_avalon_jtag_uart_read.o)
 .debug_info    0x0000000000000d85      0x197 ../hw5_bsp/\libhal_bsp.a(altera_avalon_jtag_uart_write.o)
 .debug_info    0x0000000000000f1c       0xa6 ../hw5_bsp/\libhal_bsp.a(alt_dcache_flush_all.o)
 .debug_info    0x0000000000000fc2      0x499 ../hw5_bsp/\libhal_bsp.a(alt_dev.o)
 .debug_info    0x000000000000145b       0xb8 ../hw5_bsp/\libhal_bsp.a(alt_icache_flush_all.o)
 .debug_info    0x0000000000001513       0x92 ../hw5_bsp/\libhal_bsp.a(altera_nios2_qsys_irq.o)
 .debug_info    0x00000000000015a5       0xde ../hw5_bsp/\libhal_bsp.a(alt_icache_flush.o)
 .debug_info    0x0000000000001683       0xc9 c:/intelfpga_lite/17.1/nios2eds/bin/gnu/h-x86_64-mingw32/bin/../lib/gcc/nios2-elf/5.3.0/../../../../../H-x86_64-mingw32/nios2-elf/lib\libsmallc.a(lib_a-strlen.o)

.debug_abbrev   0x0000000000000000      0xaa9
 *(.debug_abbrev)
 .debug_abbrev  0x0000000000000000       0x12 ../hw5_bsp//obj/HAL/src/crt0.o
 .debug_abbrev  0x0000000000000012       0xfe obj/default/hello_world_small.o
 .debug_abbrev  0x0000000000000110      0x11d ../hw5_bsp/\libhal_bsp.a(alt_getchar.o)
 .debug_abbrev  0x000000000000022d       0xd8 ../hw5_bsp/\libhal_bsp.a(alt_load.o)
 .debug_abbrev  0x0000000000000305       0xee ../hw5_bsp/\libhal_bsp.a(alt_main.o)
 .debug_abbrev  0x00000000000003f3       0xd3 ../hw5_bsp/\libhal_bsp.a(alt_putstr.o)
 .debug_abbrev  0x00000000000004c6      0x10e ../hw5_bsp/\libhal_bsp.a(alt_sys_init.o)
 .debug_abbrev  0x00000000000005d4      0x102 ../hw5_bsp/\libhal_bsp.a(altera_avalon_jtag_uart_read.o)
 .debug_abbrev  0x00000000000006d6       0xd5 ../hw5_bsp/\libhal_bsp.a(altera_avalon_jtag_uart_write.o)
 .debug_abbrev  0x00000000000007ab       0x5a ../hw5_bsp/\libhal_bsp.a(alt_dcache_flush_all.o)
 .debug_abbrev  0x0000000000000805       0xd9 ../hw5_bsp/\libhal_bsp.a(alt_dev.o)
 .debug_abbrev  0x00000000000008de       0x6f ../hw5_bsp/\libhal_bsp.a(alt_icache_flush_all.o)
 .debug_abbrev  0x000000000000094d       0x42 ../hw5_bsp/\libhal_bsp.a(altera_nios2_qsys_irq.o)
 .debug_abbrev  0x000000000000098f       0x9b ../hw5_bsp/\libhal_bsp.a(alt_icache_flush.o)
 .debug_abbrev  0x0000000000000a2a       0x7f c:/intelfpga_lite/17.1/nios2eds/bin/gnu/h-x86_64-mingw32/bin/../lib/gcc/nios2-elf/5.3.0/../../../../../H-x86_64-mingw32/nios2-elf/lib\libsmallc.a(lib_a-strlen.o)

.debug_line     0x0000000000000000      0xad1
 *(.debug_line)
 .debug_line    0x0000000000000000       0x72 ../hw5_bsp//obj/HAL/src/crt0.o
 .debug_line    0x0000000000000072       0xbe obj/default/hello_world_small.o
 .debug_line    0x0000000000000130       0xb7 ../hw5_bsp/\libhal_bsp.a(alt_getchar.o)
 .debug_line    0x00000000000001e7       0xa4 ../hw5_bsp/\libhal_bsp.a(alt_load.o)
 .debug_line    0x000000000000028b       0xbd ../hw5_bsp/\libhal_bsp.a(alt_main.o)
 .debug_line    0x0000000000000348       0xa0 ../hw5_bsp/\libhal_bsp.a(alt_putstr.o)
 .debug_line    0x00000000000003e8      0x11a ../hw5_bsp/\libhal_bsp.a(alt_sys_init.o)
 .debug_line    0x0000000000000502       0xfb ../hw5_bsp/\libhal_bsp.a(altera_avalon_jtag_uart_read.o)
 .debug_line    0x00000000000005fd       0xf0 ../hw5_bsp/\libhal_bsp.a(altera_avalon_jtag_uart_write.o)
 .debug_line    0x00000000000006ed       0x5a ../hw5_bsp/\libhal_bsp.a(alt_dcache_flush_all.o)
 .debug_line    0x0000000000000747       0xf6 ../hw5_bsp/\libhal_bsp.a(alt_dev.o)
 .debug_line    0x000000000000083d       0x6e ../hw5_bsp/\libhal_bsp.a(alt_icache_flush_all.o)
 .debug_line    0x00000000000008ab       0x50 ../hw5_bsp/\libhal_bsp.a(altera_nios2_qsys_irq.o)
 .debug_line    0x00000000000008fb       0x7d ../hw5_bsp/\libhal_bsp.a(alt_icache_flush.o)
 .debug_line    0x0000000000000978      0x159 c:/intelfpga_lite/17.1/nios2eds/bin/gnu/h-x86_64-mingw32/bin/../lib/gcc/nios2-elf/5.3.0/../../../../../H-x86_64-mingw32/nios2-elf/lib\libsmallc.a(lib_a-strlen.o)

.debug_frame    0x0000000000000000      0x248
 *(.debug_frame)
 .debug_frame   0x0000000000000000       0x54 obj/default/hello_world_small.o
 .debug_frame   0x0000000000000054       0x2c ../hw5_bsp/\libhal_bsp.a(alt_getchar.o)
 .debug_frame   0x0000000000000080       0x30 ../hw5_bsp/\libhal_bsp.a(alt_load.o)
 .debug_frame   0x00000000000000b0       0x2c ../hw5_bsp/\libhal_bsp.a(alt_main.o)
 .debug_frame   0x00000000000000dc       0x30 ../hw5_bsp/\libhal_bsp.a(alt_putstr.o)
 .debug_frame   0x000000000000010c       0x3c ../hw5_bsp/\libhal_bsp.a(alt_sys_init.o)
 .debug_frame   0x0000000000000148       0x20 ../hw5_bsp/\libhal_bsp.a(altera_avalon_jtag_uart_read.o)
 .debug_frame   0x0000000000000168       0x20 ../hw5_bsp/\libhal_bsp.a(altera_avalon_jtag_uart_write.o)
 .debug_frame   0x0000000000000188       0x20 ../hw5_bsp/\libhal_bsp.a(alt_dcache_flush_all.o)
 .debug_frame   0x00000000000001a8       0x20 ../hw5_bsp/\libhal_bsp.a(alt_dev.o)
 .debug_frame   0x00000000000001c8       0x20 ../hw5_bsp/\libhal_bsp.a(alt_icache_flush_all.o)
 .debug_frame   0x00000000000001e8       0x20 ../hw5_bsp/\libhal_bsp.a(altera_nios2_qsys_irq.o)
 .debug_frame   0x0000000000000208       0x20 ../hw5_bsp/\libhal_bsp.a(alt_icache_flush.o)
 .debug_frame   0x0000000000000228       0x20 c:/intelfpga_lite/17.1/nios2eds/bin/gnu/h-x86_64-mingw32/bin/../lib/gcc/nios2-elf/5.3.0/../../../../../H-x86_64-mingw32/nios2-elf/lib\libsmallc.a(lib_a-strlen.o)

.debug_str      0x0000000000000000      0x888
 *(.debug_str)
 .debug_str     0x0000000000000000      0x176 obj/default/hello_world_small.o
                                        0x1b4 (size before relaxing)
 .debug_str     0x0000000000000176      0x12f ../hw5_bsp/\libhal_bsp.a(alt_getchar.o)
                                        0x23c (size before relaxing)
 .debug_str     0x00000000000002a5      0x159 ../hw5_bsp/\libhal_bsp.a(alt_load.o)
                                        0x23d (size before relaxing)
 .debug_str     0x00000000000003fe       0x5e ../hw5_bsp/\libhal_bsp.a(alt_main.o)
                                        0x1b9 (size before relaxing)
 .debug_str     0x000000000000045c       0x3a ../hw5_bsp/\libhal_bsp.a(alt_putstr.o)
                                        0x196 (size before relaxing)
 .debug_str     0x0000000000000496       0xb9 ../hw5_bsp/\libhal_bsp.a(alt_sys_init.o)
                                        0x262 (size before relaxing)
 .debug_str     0x000000000000054f       0x3d ../hw5_bsp/\libhal_bsp.a(altera_avalon_jtag_uart_read.o)
                                        0x223 (size before relaxing)
 .debug_str     0x000000000000058c       0x32 ../hw5_bsp/\libhal_bsp.a(altera_avalon_jtag_uart_write.o)
                                        0x219 (size before relaxing)
 .debug_str     0x00000000000005be       0x1f ../hw5_bsp/\libhal_bsp.a(alt_dcache_flush_all.o)
                                        0x159 (size before relaxing)
 .debug_str     0x00000000000005dd      0x120 ../hw5_bsp/\libhal_bsp.a(alt_dev.o)
                                        0x309 (size before relaxing)
 .debug_str     0x00000000000006fd       0x30 ../hw5_bsp/\libhal_bsp.a(alt_icache_flush_all.o)
                                        0x16a (size before relaxing)
 .debug_str     0x000000000000072d       0x20 ../hw5_bsp/\libhal_bsp.a(altera_nios2_qsys_irq.o)
                                        0x160 (size before relaxing)
 .debug_str     0x000000000000074d       0x1b ../hw5_bsp/\libhal_bsp.a(alt_icache_flush.o)
                                        0x15f (size before relaxing)
 .debug_str     0x0000000000000768      0x120 c:/intelfpga_lite/17.1/nios2eds/bin/gnu/h-x86_64-mingw32/bin/../lib/gcc/nios2-elf/5.3.0/../../../../../H-x86_64-mingw32/nios2-elf/lib\libsmallc.a(lib_a-strlen.o)
                                        0x1cb (size before relaxing)

.debug_loc      0x0000000000000000      0x252
 *(.debug_loc)
 .debug_loc     0x0000000000000000       0x13 obj/default/hello_world_small.o
 .debug_loc     0x0000000000000013       0x37 ../hw5_bsp/\libhal_bsp.a(alt_putstr.o)
 .debug_loc     0x000000000000004a       0x21 ../hw5_bsp/\libhal_bsp.a(alt_sys_init.o)
 .debug_loc     0x000000000000006b       0xcd ../hw5_bsp/\libhal_bsp.a(altera_avalon_jtag_uart_read.o)
 .debug_loc     0x0000000000000138       0x8b ../hw5_bsp/\libhal_bsp.a(altera_avalon_jtag_uart_write.o)
 .debug_loc     0x00000000000001c3       0x1f ../hw5_bsp/\libhal_bsp.a(alt_dcache_flush_all.o)
 .debug_loc     0x00000000000001e2       0x52 ../hw5_bsp/\libhal_bsp.a(alt_icache_flush.o)
 .debug_loc     0x0000000000000234       0x1e c:/intelfpga_lite/17.1/nios2eds/bin/gnu/h-x86_64-mingw32/bin/../lib/gcc/nios2-elf/5.3.0/../../../../../H-x86_64-mingw32/nios2-elf/lib\libsmallc.a(lib_a-strlen.o)

.debug_macinfo
 *(.debug_macinfo)

.debug_weaknames
 *(.debug_weaknames)

.debug_funcnames
 *(.debug_funcnames)

.debug_typenames
 *(.debug_typenames)

.debug_varnames
 *(.debug_varnames)

.debug_alt_sim_info
                0x0000000000000000       0x30
 *(.debug_alt_sim_info)
 .debug_alt_sim_info
                0x0000000000000000       0x30 ../hw5_bsp//obj/HAL/src/crt0.o
                0x0000000000001000                __alt_data_end = 0x1000
                0x0000000000001000                PROVIDE (__alt_stack_pointer, __alt_data_end)
                [!provide]                        PROVIDE (__alt_stack_limit, __alt_stack_base)
                [!provide]                        PROVIDE (__alt_heap_start, end)
                [!provide]                        PROVIDE (__alt_heap_limit, 0x1000)
OUTPUT(hw5.elf elf32-littlenios2)

.debug_ranges   0x0000000000000000       0xc0
 .debug_ranges  0x0000000000000000       0x20 ../hw5_bsp//obj/HAL/src/crt0.o
 .debug_ranges  0x0000000000000020       0x18 obj/default/hello_world_small.o
 .debug_ranges  0x0000000000000038       0x48 ../hw5_bsp/\libhal_bsp.a(alt_load.o)
 .debug_ranges  0x0000000000000080       0x20 ../hw5_bsp/\libhal_bsp.a(altera_avalon_jtag_uart_read.o)
 .debug_ranges  0x00000000000000a0       0x10 ../hw5_bsp/\libhal_bsp.a(alt_icache_flush.o)
 .debug_ranges  0x00000000000000b0       0x10 c:/intelfpga_lite/17.1/nios2eds/bin/gnu/h-x86_64-mingw32/bin/../lib/gcc/nios2-elf/5.3.0/../../../../../H-x86_64-mingw32/nios2-elf/lib\libsmallc.a(lib_a-strlen.o)
