Archive member included to satisfy reference by file (symbol)

c:/intelfpga_lite/17.1/nios2eds/bin/gnu/h-x86_64-mingw32/bin/../lib/gcc/nios2-elf/5.3.0\libgcc.a(lib2-divmod.o)
                              obj/default/hello_world_small.o (__udivsi3)
../hw5_bsp/\libhal_bsp.a(alt_getchar.o)
                              obj/default/hello_world_small.o (alt_getchar)
../hw5_bsp/\libhal_bsp.a(alt_load.o)
                              ../hw5_bsp//obj/HAL/src/crt0.o (alt_load)
../hw5_bsp/\libhal_bsp.a(alt_main.o)
                              ../hw5_bsp//obj/HAL/src/crt0.o (alt_main)
../hw5_bsp/\libhal_bsp.a(alt_putstr.o)
                              obj/default/hello_world_small.o (alt_putstr)
../hw5_bsp/\libhal_bsp.a(alt_sys_init.o)
                              ../hw5_bsp/\libhal_bsp.a(alt_main.o) (alt_irq_init)
../hw5_bsp/\libhal_bsp.a(altera_avalon_jtag_uart_read.o)
                              ../hw5_bsp/\libhal_bsp.a(alt_getchar.o) (altera_avalon_jtag_uart_read)
../hw5_bsp/\libhal_bsp.a(altera_avalon_jtag_uart_write.o)
                              ../hw5_bsp/\libhal_bsp.a(alt_putstr.o) (altera_avalon_jtag_uart_write)
../hw5_bsp/\libhal_bsp.a(alt_dcache_flush_all.o)
                              ../hw5_bsp/\libhal_bsp.a(alt_load.o) (alt_dcache_flush_all)
../hw5_bsp/\libhal_bsp.a(alt_dev.o)
                              ../hw5_bsp/\libhal_bsp.a(alt_getchar.o) (alt_fd_list)
../hw5_bsp/\libhal_bsp.a(alt_icache_flush_all.o)
                              ../hw5_bsp/\libhal_bsp.a(alt_load.o) (alt_icache_flush_all)
../hw5_bsp/\libhal_bsp.a(altera_nios2_qsys_irq.o)
                              ../hw5_bsp/\libhal_bsp.a(alt_sys_init.o) (altera_nios2_qsys_irq_init)
../hw5_bsp/\libhal_bsp.a(alt_icache_flush.o)
                              ../hw5_bsp/\libhal_bsp.a(alt_icache_flush_all.o) (alt_icache_flush)
c:/intelfpga_lite/17.1/nios2eds/bin/gnu/h-x86_64-mingw32/bin/../lib/gcc/nios2-elf/5.3.0/../../../../../H-x86_64-mingw32/nios2-elf/lib\libsmallc.a(lib_a-strlen.o)
                              ../hw5_bsp/\libhal_bsp.a(alt_putstr.o) (strlen)

Memory Configuration

Name             Origin             Length             Attributes
reset            0x0000000000000000 0x0000000000000020
onchip_memory2_0 0x0000000000000020 0x0000000000000fe0
*default*        0x0000000000000000 0xffffffffffffffff

Linker script and memory map

LOAD ../hw5_bsp//obj/HAL/src/crt0.o
LOAD obj/default/hello_world_small.o
LOAD c:/intelfpga_lite/17.1/nios2eds/bin/gnu/h-x86_64-mingw32/bin/../lib/gcc/nios2-elf/5.3.0/../../../../../H-x86_64-mingw32/nios2-elf/lib\libstdc++.a
LOAD c:/intelfpga_lite/17.1/nios2eds/bin/gnu/h-x86_64-mingw32/bin/../lib/gcc/nios2-elf/5.3.0/../../../../../H-x86_64-mingw32/nios2-elf/lib\libm.a
LOAD c:/intelfpga_lite/17.1/nios2eds/bin/gnu/h-x86_64-mingw32/bin/../lib/gcc/nios2-elf/5.3.0\libgcc.a
START GROUP
LOAD c:/intelfpga_lite/17.1/nios2eds/bin/gnu/h-x86_64-mingw32/bin/../lib/gcc/nios2-elf/5.3.0/../../../../../H-x86_64-mingw32/nios2-elf/lib\libsmallc.a
LOAD c:/intelfpga_lite/17.1/nios2eds/bin/gnu/h-x86_64-mingw32/bin/../lib/gcc/nios2-elf/5.3.0\libgcc.a
LOAD ../hw5_bsp/\libhal_bsp.a
LOAD c:/intelfpga_lite/17.1/nios2eds/bin/gnu/h-x86_64-mingw32/bin/../lib/gcc/nios2-elf/5.3.0/../../../../../H-x86_64-mingw32/nios2-elf/lib\libm.a
END GROUP
LOAD c:/intelfpga_lite/17.1/nios2eds/bin/gnu/h-x86_64-mingw32/bin/../lib/gcc/nios2-elf/5.3.0\libgcc.a
                0x0000000000000000                __alt_mem_onchip_memory2_0 = 0x0

.entry          0x0000000000000000       0x20
 *(.entry)
 .entry         0x0000000000000000       0x20 ../hw5_bsp//obj/HAL/src/crt0.o
                0x0000000000000000                __reset
                0x000000000000001c                _exit

.exceptions     0x0000000000000020        0x0
                0x0000000000000020                PROVIDE (__ram_exceptions_start, ABSOLUTE (.))
                0x0000000000000020                . = ALIGN (0x20)
 *(.irq)
 *(.exceptions.entry.label)
 *(.exceptions.entry.user)
 *(.exceptions.entry.ecc_fatal)
 *(.exceptions.entry)
 *(.exceptions.irqtest.user)
 *(.exceptions.irqtest)
 *(.exceptions.irqhandler.user)
 *(.exceptions.irqhandler)
 *(.exceptions.irqreturn.user)
 *(.exceptions.irqreturn)
 *(.exceptions.notirq.label)
 *(.exceptions.notirq.user)
 *(.exceptions.notirq)
 *(.exceptions.soft.user)
 *(.exceptions.soft)
 *(.exceptions.unknown.user)
 *(.exceptions.unknown)
 *(.exceptions.exit.label)
 *(.exceptions.exit.user)
 *(.exceptions.exit)
 *(.exceptions)
                0x0000000000000020                PROVIDE (__ram_exceptions_end, ABSOLUTE (.))
                0x0000000000000020                PROVIDE (__flash_exceptions_start, LOADADDR (.exceptions))

.text           0x0000000000000020      0x740
                [!provide]                        PROVIDE (stext, ABSOLUTE (.))
 *(.interp)
 *(.hash)
 *(.dynsym)
 *(.dynstr)
 *(.gnu.version)
 *(.gnu.version_d)
 *(.gnu.version_r)
 *(.rel.init)
 *(.rela.init)
 *(.rel.text .rel.text.* .rel.gnu.linkonce.t.*)
 *(.rela.text .rela.text.* .rela.gnu.linkonce.t.*)
 *(.rel.fini)
 *(.rela.fini)
 *(.rel.rodata .rel.rodata.* .rel.gnu.linkonce.r.*)
 *(.rela.rodata .rela.rodata.* .rela.gnu.linkonce.r.*)
 *(.rel.data .rel.data.* .rel.gnu.linkonce.d.*)
 *(.rela.data .rela.data.* .rela.gnu.linkonce.d.*)
 *(.rel.tdata .rel.tdata.* .rel.gnu.linkonce.td.*)
 *(.rela.tdata .rela.tdata.* .rela.gnu.linkonce.td.*)
 *(.rel.tbss .rel.tbss.* .rel.gnu.linkonce.tb.*)
 *(.rela.tbss .rela.tbss.* .rela.gnu.linkonce.tb.*)
 *(.rel.ctors)
 *(.rela.ctors)
 *(.rel.dtors)
 *(.rela.dtors)
 *(.rel.got)
 *(.rela.got)
 *(.rel.sdata .rel.sdata.* .rel.gnu.linkonce.s.*)
 *(.rela.sdata .rela.sdata.* .rela.gnu.linkonce.s.*)
 *(.rel.sbss .rel.sbss.* .rel.gnu.linkonce.sb.*)
 *(.rela.sbss .rela.sbss.* .rela.gnu.linkonce.sb.*)
 *(.rel.sdata2 .rel.sdata2.* .rel.gnu.linkonce.s2.*)
 *(.rela.sdata2 .rela.sdata2.* .rela.gnu.linkonce.s2.*)
 *(.rel.sbss2 .rel.sbss2.* .rel.gnu.linkonce.sb2.*)
 *(.rela.sbss2 .rela.sbss2.* .rela.gnu.linkonce.sb2.*)
 *(.rel.bss .rel.bss.* .rel.gnu.linkonce.b.*)
 *(.rela.bss .rela.bss.* .rela.gnu.linkonce.b.*)
 *(.rel.plt)
 *(.rela.plt)
 *(.rel.dyn)
 *(.init)
 *(.plt)
 *(.text .stub .text.* .gnu.linkonce.t.*)
 .text          0x0000000000000020       0x4c ../hw5_bsp//obj/HAL/src/crt0.o
                0x0000000000000020                _start
 .text          0x000000000000006c      0x270 obj/default/hello_world_small.o
                0x000000000000006c                clearhex
                0x00000000000000b4                part1
                0x000000000000017c                decimal_to_hex
                0x0000000000000264                part2
 .text.startup  0x00000000000002dc        0xc obj/default/hello_world_small.o
                0x00000000000002dc                main
 .text          0x00000000000002e8      0x1b4 c:/intelfpga_lite/17.1/nios2eds/bin/gnu/h-x86_64-mingw32/bin/../lib/gcc/nios2-elf/5.3.0\libgcc.a(lib2-divmod.o)
                0x00000000000002e8                __divsi3
                0x000000000000036c                __modsi3
                0x00000000000003e0                __udivsi3
                0x0000000000000444                __umodsi3
 .text          0x000000000000049c       0x44 ../hw5_bsp/\libhal_bsp.a(alt_getchar.o)
                0x000000000000049c                alt_getchar
 .text          0x00000000000004e0       0xe0 ../hw5_bsp/\libhal_bsp.a(alt_load.o)
                0x00000000000004e0                alt_load
 .text          0x00000000000005c0       0x2c ../hw5_bsp/\libhal_bsp.a(alt_main.o)
                0x00000000000005c0                alt_main
 .text          0x00000000000005ec       0x38 ../hw5_bsp/\libhal_bsp.a(alt_putstr.o)
                0x00000000000005ec                alt_putstr
 .text          0x0000000000000624       0x24 ../hw5_bsp/\libhal_bsp.a(alt_sys_init.o)
                0x0000000000000624                alt_irq_init
                0x0000000000000644                alt_sys_init
 .text          0x0000000000000648       0x5c ../hw5_bsp/\libhal_bsp.a(altera_avalon_jtag_uart_read.o)
                0x0000000000000648                altera_avalon_jtag_uart_read
 .text          0x00000000000006a4       0x34 ../hw5_bsp/\libhal_bsp.a(altera_avalon_jtag_uart_write.o)
                0x00000000000006a4                altera_avalon_jtag_uart_write
 .text          0x00000000000006d8       0x18 ../hw5_bsp/\libhal_bsp.a(alt_dcache_flush_all.o)
                0x00000000000006d8                alt_dcache_flush_all
 .text          0x00000000000006f0        0x8 ../hw5_bsp/\libhal_bsp.a(alt_dev.o)
 .text          0x00000000000006f8        0xc ../hw5_bsp/\libhal_bsp.a(alt_icache_flush_all.o)
                0x00000000000006f8                alt_icache_flush_all
 .text          0x0000000000000704        0x8 ../hw5_bsp/\libhal_bsp.a(altera_nios2_qsys_irq.o)
                0x0000000000000704                altera_nios2_qsys_irq_init
 .text          0x000000000000070c       0x38 ../hw5_bsp/\libhal_bsp.a(alt_icache_flush.o)
                0x000000000000070c                alt_icache_flush
 .text          0x0000000000000744        0x0 c:/intelfpga_lite/17.1/nios2eds/bin/gnu/h-x86_64-mingw32/bin/../lib/gcc/nios2-elf/5.3.0/../../../../../H-x86_64-mingw32/nios2-elf/lib\libsmallc.a(lib_a-strlen.o)
 .text.strlen   0x0000000000000744       0x1c c:/intelfpga_lite/17.1/nios2eds/bin/gnu/h-x86_64-mingw32/bin/../lib/gcc/nios2-elf/5.3.0/../../../../../H-x86_64-mingw32/nios2-elf/lib\libsmallc.a(lib_a-strlen.o)
                0x0000000000000744                strlen
 *(.gnu.warning.*)
 *(.fini)
                [!provide]                        PROVIDE (__etext, ABSOLUTE (.))
                [!provide]                        PROVIDE (_etext, ABSOLUTE (.))
                [!provide]                        PROVIDE (etext, ABSOLUTE (.))
 *(.eh_frame_hdr)
                0x0000000000000760                . = ALIGN (0x4)
                [!provide]                        PROVIDE (__preinit_array_start, ABSOLUTE (.))
 *(.preinit_array)
                [!provide]                        PROVIDE (__preinit_array_end, ABSOLUTE (.))
                [!provide]                        PROVIDE (__init_array_start, ABSOLUTE (.))
 *(.init_array)
                [!provide]                        PROVIDE (__init_array_end, ABSOLUTE (.))
                [!provide]                        PROVIDE (__fini_array_start, ABSOLUTE (.))
 *(.fini_array)
                [!provide]                        PROVIDE (__fini_array_end, ABSOLUTE (.))
 *(.eh_frame)
 *(.gcc_except_table .gcc_except_table.*)
 *(.dynamic)
                [!provide]                        PROVIDE (__CTOR_LIST__, ABSOLUTE (.))
 *(.ctors)
 *(SORT(.ctors.*))
                [!provide]                        PROVIDE (__CTOR_END__, ABSOLUTE (.))
                [!provide]                        PROVIDE (__DTOR_LIST__, ABSOLUTE (.))
 *(.dtors)
 *(SORT(.dtors.*))
                [!provide]                        PROVIDE (__DTOR_END__, ABSOLUTE (.))
 *(.jcr)
                0x0000000000000760                . = ALIGN (0x4)

.rodata         0x0000000000000760      0x13c
                0x0000000000000760                PROVIDE (__ram_rodata_start, ABSOLUTE (.))
                0x0000000000000760                . = ALIGN (0x4)
 *(.rodata .rodata.* .gnu.linkonce.r.*)
 .rodata.str1.4
                0x0000000000000760      0x130 obj/default/hello_world_small.o
 .rodata.str1.4
                0x0000000000000890        0xc ../hw5_bsp/\libhal_bsp.a(alt_dev.o)
                                          0xa (size before relaxing)
 *(.rodata1)
                0x000000000000089c                . = ALIGN (0x4)
                0x000000000000089c                PROVIDE (__ram_rodata_end, ABSOLUTE (.))
                0x0000000000000760                PROVIDE (__flash_rodata_start, LOADADDR (.rodata))

.rwdata         0x000000000000089c       0xc4 load address 0x0000000000000960
                0x000000000000089c                PROVIDE (__ram_rwdata_start, ABSOLUTE (.))
                0x000000000000089c                . = ALIGN (0x4)
 *(.got.plt)
 *(.got)
 *(.data1)
 *(.data .data.* .gnu.linkonce.d.*)
 .data          0x000000000000089c        0x0 ../hw5_bsp//obj/HAL/src/crt0.o
 .data          0x000000000000089c       0x28 obj/default/hello_world_small.o
                0x000000000000089c                hextable
 .data          0x00000000000008c4        0x0 c:/intelfpga_lite/17.1/nios2eds/bin/gnu/h-x86_64-mingw32/bin/../lib/gcc/nios2-elf/5.3.0\libgcc.a(lib2-divmod.o)
 .data          0x00000000000008c4        0x0 ../hw5_bsp/\libhal_bsp.a(alt_getchar.o)
 .data          0x00000000000008c4        0x0 ../hw5_bsp/\libhal_bsp.a(alt_load.o)
 .data          0x00000000000008c4        0x0 ../hw5_bsp/\libhal_bsp.a(alt_main.o)
 .data          0x00000000000008c4        0x0 ../hw5_bsp/\libhal_bsp.a(alt_putstr.o)
 .data          0x00000000000008c4        0x0 ../hw5_bsp/\libhal_bsp.a(alt_sys_init.o)
 .data          0x00000000000008c4        0x0 ../hw5_bsp/\libhal_bsp.a(altera_avalon_jtag_uart_read.o)
 .data          0x00000000000008c4        0x0 ../hw5_bsp/\libhal_bsp.a(altera_avalon_jtag_uart_write.o)
 .data          0x00000000000008c4        0x0 ../hw5_bsp/\libhal_bsp.a(alt_dcache_flush_all.o)
 .data          0x00000000000008c4       0x58 ../hw5_bsp/\libhal_bsp.a(alt_dev.o)
                0x00000000000008c4                alt_fd_list
                0x00000000000008f4                alt_dev_null
 .data          0x000000000000091c        0x0 ../hw5_bsp/\libhal_bsp.a(alt_icache_flush_all.o)
 .data          0x000000000000091c        0x0 ../hw5_bsp/\libhal_bsp.a(altera_nios2_qsys_irq.o)
 .data          0x000000000000091c        0x0 ../hw5_bsp/\libhal_bsp.a(alt_icache_flush.o)
 .data          0x000000000000091c        0x0 c:/intelfpga_lite/17.1/nios2eds/bin/gnu/h-x86_64-mingw32/bin/../lib/gcc/nios2-elf/5.3.0/../../../../../H-x86_64-mingw32/nios2-elf/lib\libsmallc.a(lib_a-strlen.o)
                0x000000000000891c                _gp = ABSOLUTE ((. + 0x8000))
                [!provide]                        PROVIDE (gp, _gp)
 *(.rwdata .rwdata.*)
 *(.sdata .sdata.* .gnu.linkonce.s.*)
 .sdata         0x000000000000091c       0x2c obj/default/hello_world_small.o
                0x000000000000091c                hex7
                0x0000000000000920                hex6
                0x0000000000000924                hex5
                0x0000000000000928                hex4
                0x000000000000092c                hex3
                0x0000000000000930                hex2
                0x0000000000000934                hex1
                0x0000000000000938                hex0
                0x000000000000093c                pushbutton
                0x0000000000000940                switch_base
                0x0000000000000944                ledg
 .sdata         0x0000000000000948        0x4 ../hw5_bsp/\libhal_bsp.a(alt_sys_init.o)
                0x0000000000000948                jtag_uart_0
 .sdata         0x000000000000094c       0x14 ../hw5_bsp/\libhal_bsp.a(alt_dev.o)
                0x000000000000094c                alt_max_fd
                0x0000000000000950                alt_dev_list
                0x0000000000000958                alt_fs_list
 *(.sdata2 .sdata2.* .gnu.linkonce.s2.*)
                0x0000000000000960                . = ALIGN (0x4)
                0x0000000000000960                _edata = ABSOLUTE (.)
                [!provide]                        PROVIDE (edata, ABSOLUTE (.))
                0x0000000000000960                PROVIDE (__ram_rwdata_end, ABSOLUTE (.))
                0x0000000000000960                PROVIDE (__flash_rwdata_start, LOADADDR (.rwdata))

.bss            0x0000000000000a24        0xc
                0x0000000000000a24                __bss_start = ABSOLUTE (.)
                [!provide]                        PROVIDE (__sbss_start, ABSOLUTE (.))
                [!provide]                        PROVIDE (___sbss_start, ABSOLUTE (.))
 *(.dynsbss)
 *(.sbss .sbss.* .gnu.linkonce.sb.*)
 .sbss          0x0000000000000a24        0xc ../hw5_bsp/\libhal_bsp.a(alt_main.o)
                0x0000000000000a24                alt_envp
                0x0000000000000a28                alt_argv
                0x0000000000000a2c                alt_argc
 *(.sbss2 .sbss2.* .gnu.linkonce.sb2.*)
 *(.scommon)
                [!provide]                        PROVIDE (__sbss_end, ABSOLUTE (.))
                [!provide]                        PROVIDE (___sbss_end, ABSOLUTE (.))
 *(.dynbss)
 *(.bss .bss.* .gnu.linkonce.b.*)
 .bss           0x0000000000000a30        0x0 ../hw5_bsp//obj/HAL/src/crt0.o
 .bss           0x0000000000000a30        0x0 obj/default/hello_world_small.o
 .bss           0x0000000000000a30        0x0 c:/intelfpga_lite/17.1/nios2eds/bin/gnu/h-x86_64-mingw32/bin/../lib/gcc/nios2-elf/5.3.0\libgcc.a(lib2-divmod.o)
 .bss           0x0000000000000a30        0x0 ../hw5_bsp/\libhal_bsp.a(alt_getchar.o)
 .bss           0x0000000000000a30        0x0 ../hw5_bsp/\libhal_bsp.a(alt_load.o)
 .bss           0x0000000000000a30        0x0 ../hw5_bsp/\libhal_bsp.a(alt_main.o)
 .bss           0x0000000000000a30        0x0 ../hw5_bsp/\libhal_bsp.a(alt_putstr.o)
 .bss           0x0000000000000a30        0x0 ../hw5_bsp/\libhal_bsp.a(alt_sys_init.o)
 .bss           0x0000000000000a30        0x0 ../hw5_bsp/\libhal_bsp.a(altera_avalon_jtag_uart_read.o)
 .bss           0x0000000000000a30        0x0 ../hw5_bsp/\libhal_bsp.a(altera_avalon_jtag_uart_write.o)
 .bss           0x0000000000000a30        0x0 ../hw5_bsp/\libhal_bsp.a(alt_dcache_flush_all.o)
 .bss           0x0000000000000a30        0x0 ../hw5_bsp/\libhal_bsp.a(alt_dev.o)
 .bss           0x0000000000000a30        0x0 ../hw5_bsp/\libhal_bsp.a(alt_icache_flush_all.o)
 .bss           0x0000000000000a30        0x0 ../hw5_bsp/\libhal_bsp.a(altera_nios2_qsys_irq.o)
 .bss           0x0000000000000a30        0x0 ../hw5_bsp/\libhal_bsp.a(alt_icache_flush.o)
 .bss           0x0000000000000a30        0x0 c:/intelfpga_lite/17.1/nios2eds/bin/gnu/h-x86_64-mingw32/bin/../lib/gcc/nios2-elf/5.3.0/../../../../../H-x86_64-mingw32/nios2-elf/lib\libsmallc.a(lib_a-strlen.o)
 *(COMMON)
                0x0000000000000a30                . = ALIGN (0x4)
                0x0000000000000a30                __bss_end = ABSOLUTE (.)

.onchip_memory2_0
                0x0000000000000a30        0x0
                [!provide]                        PROVIDE (_alt_partition_onchip_memory2_0_start, ABSOLUTE (.))
 *(.onchip_memory2_0 .onchip_memory2_0. onchip_memory2_0.*)
                0x0000000000000a30                . = ALIGN (0x4)
                [!provide]                        PROVIDE (_alt_partition_onchip_memory2_0_end, ABSOLUTE (.))
                0x0000000000000a30                _end = ABSOLUTE (.)
                0x0000000000000a30                end = ABSOLUTE (.)
                0x0000000000000a30                __alt_stack_base = ABSOLUTE (.)
                [!provide]                        PROVIDE (_alt_partition_onchip_memory2_0_load_addr, LOADADDR (.onchip_memory2_0))

.stab
 *(.stab)

.stabstr
 *(.stabstr)

.stab.excl
 *(.stab.excl)

.stab.exclstr
 *(.stab.exclstr)

.stab.index
 *(.stab.index)

.stab.indexstr
 *(.stab.indexstr)

.comment        0x0000000000000000       0x23
 *(.comment)
 .comment       0x0000000000000000       0x23 obj/default/hello_world_small.o
                                         0x24 (size before relaxing)
 .comment       0x0000000000000023       0x24 c:/intelfpga_lite/17.1/nios2eds/bin/gnu/h-x86_64-mingw32/bin/../lib/gcc/nios2-elf/5.3.0\libgcc.a(lib2-divmod.o)
 .comment       0x0000000000000023       0x24 ../hw5_bsp/\libhal_bsp.a(alt_getchar.o)
 .comment       0x0000000000000023       0x24 ../hw5_bsp/\libhal_bsp.a(alt_load.o)
 .comment       0x0000000000000023       0x24 ../hw5_bsp/\libhal_bsp.a(alt_main.o)
 .comment       0x0000000000000023       0x24 ../hw5_bsp/\libhal_bsp.a(alt_putstr.o)
 .comment       0x0000000000000023       0x24 ../hw5_bsp/\libhal_bsp.a(alt_sys_init.o)
 .comment       0x0000000000000023       0x24 ../hw5_bsp/\libhal_bsp.a(altera_avalon_jtag_uart_read.o)
 .comment       0x0000000000000023       0x24 ../hw5_bsp/\libhal_bsp.a(altera_avalon_jtag_uart_write.o)
 .comment       0x0000000000000023       0x24 ../hw5_bsp/\libhal_bsp.a(alt_dcache_flush_all.o)
 .comment       0x0000000000000023       0x24 ../hw5_bsp/\libhal_bsp.a(alt_dev.o)
 .comment       0x0000000000000023       0x24 ../hw5_bsp/\libhal_bsp.a(alt_icache_flush_all.o)
 .comment       0x0000000000000023       0x24 ../hw5_bsp/\libhal_bsp.a(altera_nios2_qsys_irq.o)
 .comment       0x0000000000000023       0x24 ../hw5_bsp/\libhal_bsp.a(alt_icache_flush.o)
 .comment       0x0000000000000023       0x24 c:/intelfpga_lite/17.1/nios2eds/bin/gnu/h-x86_64-mingw32/bin/../lib/gcc/nios2-elf/5.3.0/../../../../../H-x86_64-mingw32/nios2-elf/lib\libsmallc.a(lib_a-strlen.o)

.debug
 *(.debug)

.line
 *(.line)

.debug_srcinfo
 *(.debug_srcinfo)

.debug_sfnames
 *(.debug_sfnames)

.debug_aranges  0x0000000000000000      0x210
 *(.debug_aranges)
 .debug_aranges
                0x0000000000000000       0x28 ../hw5_bsp//obj/HAL/src/crt0.o
 .debug_aranges
                0x0000000000000028       0x28 obj/default/hello_world_small.o
 .debug_aranges
                0x0000000000000050       0x20 c:/intelfpga_lite/17.1/nios2eds/bin/gnu/h-x86_64-mingw32/bin/../lib/gcc/nios2-elf/5.3.0\libgcc.a(lib2-divmod.o)
 .debug_aranges
                0x0000000000000070       0x20 ../hw5_bsp/\libhal_bsp.a(alt_getchar.o)
 .debug_aranges
                0x0000000000000090       0x20 ../hw5_bsp/\libhal_bsp.a(alt_load.o)
 .debug_aranges
                0x00000000000000b0       0x20 ../hw5_bsp/\libhal_bsp.a(alt_main.o)
 .debug_aranges
                0x00000000000000d0       0x20 ../hw5_bsp/\libhal_bsp.a(alt_putstr.o)
 .debug_aranges
                0x00000000000000f0       0x20 ../hw5_bsp/\libhal_bsp.a(alt_sys_init.o)
 .debug_aranges
                0x0000000000000110       0x20 ../hw5_bsp/\libhal_bsp.a(altera_avalon_jtag_uart_read.o)
 .debug_aranges
                0x0000000000000130       0x20 ../hw5_bsp/\libhal_bsp.a(altera_avalon_jtag_uart_write.o)
 .debug_aranges
                0x0000000000000150       0x20 ../hw5_bsp/\libhal_bsp.a(alt_dcache_flush_all.o)
 .debug_aranges
                0x0000000000000170       0x20 ../hw5_bsp/\libhal_bsp.a(alt_dev.o)
 .debug_aranges
                0x0000000000000190       0x20 ../hw5_bsp/\libhal_bsp.a(alt_icache_flush_all.o)
 .debug_aranges
                0x00000000000001b0       0x20 ../hw5_bsp/\libhal_bsp.a(altera_nios2_qsys_irq.o)
 .debug_aranges
                0x00000000000001d0       0x20 ../hw5_bsp/\libhal_bsp.a(alt_icache_flush.o)
 .debug_aranges
                0x00000000000001f0       0x20 c:/intelfpga_lite/17.1/nios2eds/bin/gnu/h-x86_64-mingw32/bin/../lib/gcc/nios2-elf/5.3.0/../../../../../H-x86_64-mingw32/nios2-elf/lib\libsmallc.a(lib_a-strlen.o)

.debug_pubnames
 *(.debug_pubnames)

.debug_info     0x0000000000000000     0x1abb
 *(.debug_info .gnu.linkonce.wi.*)
 .debug_info    0x0000000000000000       0x75 ../hw5_bsp//obj/HAL/src/crt0.o
 .debug_info    0x0000000000000075      0x2cf obj/default/hello_world_small.o
 .debug_info    0x0000000000000344      0x2c6 c:/intelfpga_lite/17.1/nios2eds/bin/gnu/h-x86_64-mingw32/bin/../lib/gcc/nios2-elf/5.3.0\libgcc.a(lib2-divmod.o)
 .debug_info    0x000000000000060a      0x32d ../hw5_bsp/\libhal_bsp.a(alt_getchar.o)
 .debug_info    0x0000000000000937      0x1c9 ../hw5_bsp/\libhal_bsp.a(alt_load.o)
 .debug_info    0x0000000000000b00      0x169 ../hw5_bsp/\libhal_bsp.a(alt_main.o)
 .debug_info    0x0000000000000c69      0x13a ../hw5_bsp/\libhal_bsp.a(alt_putstr.o)
 .debug_info    0x0000000000000da3      0x19d ../hw5_bsp/\libhal_bsp.a(alt_sys_init.o)
 .debug_info    0x0000000000000f40      0x1b4 ../hw5_bsp/\libhal_bsp.a(altera_avalon_jtag_uart_read.o)
 .debug_info    0x00000000000010f4      0x197 ../hw5_bsp/\libhal_bsp.a(altera_avalon_jtag_uart_write.o)
 .debug_info    0x000000000000128b       0xa6 ../hw5_bsp/\libhal_bsp.a(alt_dcache_flush_all.o)
 .debug_info    0x0000000000001331      0x499 ../hw5_bsp/\libhal_bsp.a(alt_dev.o)
 .debug_info    0x00000000000017ca       0xb8 ../hw5_bsp/\libhal_bsp.a(alt_icache_flush_all.o)
 .debug_info    0x0000000000001882       0x92 ../hw5_bsp/\libhal_bsp.a(altera_nios2_qsys_irq.o)
 .debug_info    0x0000000000001914       0xde ../hw5_bsp/\libhal_bsp.a(alt_icache_flush.o)
 .debug_info    0x00000000000019f2       0xc9 c:/intelfpga_lite/17.1/nios2eds/bin/gnu/h-x86_64-mingw32/bin/../lib/gcc/nios2-elf/5.3.0/../../../../../H-x86_64-mingw32/nios2-elf/lib\libsmallc.a(lib_a-strlen.o)

.debug_abbrev   0x0000000000000000      0xbef
 *(.debug_abbrev)
 .debug_abbrev  0x0000000000000000       0x12 ../hw5_bsp//obj/HAL/src/crt0.o
 .debug_abbrev  0x0000000000000012      0x136 obj/default/hello_world_small.o
 .debug_abbrev  0x0000000000000148      0x10e c:/intelfpga_lite/17.1/nios2eds/bin/gnu/h-x86_64-mingw32/bin/../lib/gcc/nios2-elf/5.3.0\libgcc.a(lib2-divmod.o)
 .debug_abbrev  0x0000000000000256      0x11d ../hw5_bsp/\libhal_bsp.a(alt_getchar.o)
 .debug_abbrev  0x0000000000000373       0xd8 ../hw5_bsp/\libhal_bsp.a(alt_load.o)
 .debug_abbrev  0x000000000000044b       0xee ../hw5_bsp/\libhal_bsp.a(alt_main.o)
 .debug_abbrev  0x0000000000000539       0xd3 ../hw5_bsp/\libhal_bsp.a(alt_putstr.o)
 .debug_abbrev  0x000000000000060c      0x10e ../hw5_bsp/\libhal_bsp.a(alt_sys_init.o)
 .debug_abbrev  0x000000000000071a      0x102 ../hw5_bsp/\libhal_bsp.a(altera_avalon_jtag_uart_read.o)
 .debug_abbrev  0x000000000000081c       0xd5 ../hw5_bsp/\libhal_bsp.a(altera_avalon_jtag_uart_write.o)
 .debug_abbrev  0x00000000000008f1       0x5a ../hw5_bsp/\libhal_bsp.a(alt_dcache_flush_all.o)
 .debug_abbrev  0x000000000000094b       0xd9 ../hw5_bsp/\libhal_bsp.a(alt_dev.o)
 .debug_abbrev  0x0000000000000a24       0x6f ../hw5_bsp/\libhal_bsp.a(alt_icache_flush_all.o)
 .debug_abbrev  0x0000000000000a93       0x42 ../hw5_bsp/\libhal_bsp.a(altera_nios2_qsys_irq.o)
 .debug_abbrev  0x0000000000000ad5       0x9b ../hw5_bsp/\libhal_bsp.a(alt_icache_flush.o)
 .debug_abbrev  0x0000000000000b70       0x7f c:/intelfpga_lite/17.1/nios2eds/bin/gnu/h-x86_64-mingw32/bin/../lib/gcc/nios2-elf/5.3.0/../../../../../H-x86_64-mingw32/nios2-elf/lib\libsmallc.a(lib_a-strlen.o)

.debug_line     0x0000000000000000      0xbff
 *(.debug_line)
 .debug_line    0x0000000000000000       0x72 ../hw5_bsp//obj/HAL/src/crt0.o
 .debug_line    0x0000000000000072       0xea obj/default/hello_world_small.o
 .debug_line    0x000000000000015c      0x102 c:/intelfpga_lite/17.1/nios2eds/bin/gnu/h-x86_64-mingw32/bin/../lib/gcc/nios2-elf/5.3.0\libgcc.a(lib2-divmod.o)
 .debug_line    0x000000000000025e       0xb7 ../hw5_bsp/\libhal_bsp.a(alt_getchar.o)
 .debug_line    0x0000000000000315       0xa4 ../hw5_bsp/\libhal_bsp.a(alt_load.o)
 .debug_line    0x00000000000003b9       0xbd ../hw5_bsp/\libhal_bsp.a(alt_main.o)
 .debug_line    0x0000000000000476       0xa0 ../hw5_bsp/\libhal_bsp.a(alt_putstr.o)
 .debug_line    0x0000000000000516      0x11a ../hw5_bsp/\libhal_bsp.a(alt_sys_init.o)
 .debug_line    0x0000000000000630       0xfb ../hw5_bsp/\libhal_bsp.a(altera_avalon_jtag_uart_read.o)
 .debug_line    0x000000000000072b       0xf0 ../hw5_bsp/\libhal_bsp.a(altera_avalon_jtag_uart_write.o)
 .debug_line    0x000000000000081b       0x5a ../hw5_bsp/\libhal_bsp.a(alt_dcache_flush_all.o)
 .debug_line    0x0000000000000875       0xf6 ../hw5_bsp/\libhal_bsp.a(alt_dev.o)
 .debug_line    0x000000000000096b       0x6e ../hw5_bsp/\libhal_bsp.a(alt_icache_flush_all.o)
 .debug_line    0x00000000000009d9       0x50 ../hw5_bsp/\libhal_bsp.a(altera_nios2_qsys_irq.o)
 .debug_line    0x0000000000000a29       0x7d ../hw5_bsp/\libhal_bsp.a(alt_icache_flush.o)
 .debug_line    0x0000000000000aa6      0x159 c:/intelfpga_lite/17.1/nios2eds/bin/gnu/h-x86_64-mingw32/bin/../lib/gcc/nios2-elf/5.3.0/../../../../../H-x86_64-mingw32/nios2-elf/lib\libsmallc.a(lib_a-strlen.o)

.debug_frame    0x0000000000000000      0x2e0
 *(.debug_frame)
 .debug_frame   0x0000000000000000       0x9c obj/default/hello_world_small.o
 .debug_frame   0x000000000000009c       0x50 c:/intelfpga_lite/17.1/nios2eds/bin/gnu/h-x86_64-mingw32/bin/../lib/gcc/nios2-elf/5.3.0\libgcc.a(lib2-divmod.o)
 .debug_frame   0x00000000000000ec       0x2c ../hw5_bsp/\libhal_bsp.a(alt_getchar.o)
 .debug_frame   0x0000000000000118       0x30 ../hw5_bsp/\libhal_bsp.a(alt_load.o)
 .debug_frame   0x0000000000000148       0x2c ../hw5_bsp/\libhal_bsp.a(alt_main.o)
 .debug_frame   0x0000000000000174       0x30 ../hw5_bsp/\libhal_bsp.a(alt_putstr.o)
 .debug_frame   0x00000000000001a4       0x3c ../hw5_bsp/\libhal_bsp.a(alt_sys_init.o)
 .debug_frame   0x00000000000001e0       0x20 ../hw5_bsp/\libhal_bsp.a(altera_avalon_jtag_uart_read.o)
 .debug_frame   0x0000000000000200       0x20 ../hw5_bsp/\libhal_bsp.a(altera_avalon_jtag_uart_write.o)
 .debug_frame   0x0000000000000220       0x20 ../hw5_bsp/\libhal_bsp.a(alt_dcache_flush_all.o)
 .debug_frame   0x0000000000000240       0x20 ../hw5_bsp/\libhal_bsp.a(alt_dev.o)
 .debug_frame   0x0000000000000260       0x20 ../hw5_bsp/\libhal_bsp.a(alt_icache_flush_all.o)
 .debug_frame   0x0000000000000280       0x20 ../hw5_bsp/\libhal_bsp.a(altera_nios2_qsys_irq.o)
 .debug_frame   0x00000000000002a0       0x20 ../hw5_bsp/\libhal_bsp.a(alt_icache_flush.o)
 .debug_frame   0x00000000000002c0       0x20 c:/intelfpga_lite/17.1/nios2eds/bin/gnu/h-x86_64-mingw32/bin/../lib/gcc/nios2-elf/5.3.0/../../../../../H-x86_64-mingw32/nios2-elf/lib\libsmallc.a(lib_a-strlen.o)

.debug_str      0x0000000000000000      0xa20
 *(.debug_str)
 .debug_str     0x0000000000000000      0x1a1 obj/default/hello_world_small.o
                                        0x1e6 (size before relaxing)
 .debug_str     0x00000000000001a1      0x16d c:/intelfpga_lite/17.1/nios2eds/bin/gnu/h-x86_64-mingw32/bin/../lib/gcc/nios2-elf/5.3.0\libgcc.a(lib2-divmod.o)
                                        0x1b8 (size before relaxing)
 .debug_str     0x000000000000030e      0x12f ../hw5_bsp/\libhal_bsp.a(alt_getchar.o)
                                        0x23c (size before relaxing)
 .debug_str     0x000000000000043d      0x159 ../hw5_bsp/\libhal_bsp.a(alt_load.o)
                                        0x23d (size before relaxing)
 .debug_str     0x0000000000000596       0x5e ../hw5_bsp/\libhal_bsp.a(alt_main.o)
                                        0x1b9 (size before relaxing)
 .debug_str     0x00000000000005f4       0x3a ../hw5_bsp/\libhal_bsp.a(alt_putstr.o)
                                        0x196 (size before relaxing)
 .debug_str     0x000000000000062e       0xb9 ../hw5_bsp/\libhal_bsp.a(alt_sys_init.o)
                                        0x262 (size before relaxing)
 .debug_str     0x00000000000006e7       0x3d ../hw5_bsp/\libhal_bsp.a(altera_avalon_jtag_uart_read.o)
                                        0x223 (size before relaxing)
 .debug_str     0x0000000000000724       0x32 ../hw5_bsp/\libhal_bsp.a(altera_avalon_jtag_uart_write.o)
                                        0x219 (size before relaxing)
 .debug_str     0x0000000000000756       0x1f ../hw5_bsp/\libhal_bsp.a(alt_dcache_flush_all.o)
                                        0x159 (size before relaxing)
 .debug_str     0x0000000000000775      0x120 ../hw5_bsp/\libhal_bsp.a(alt_dev.o)
                                        0x309 (size before relaxing)
 .debug_str     0x0000000000000895       0x30 ../hw5_bsp/\libhal_bsp.a(alt_icache_flush_all.o)
                                        0x16a (size before relaxing)
 .debug_str     0x00000000000008c5       0x20 ../hw5_bsp/\libhal_bsp.a(altera_nios2_qsys_irq.o)
                                        0x160 (size before relaxing)
 .debug_str     0x00000000000008e5       0x1b ../hw5_bsp/\libhal_bsp.a(alt_icache_flush.o)
                                        0x15f (size before relaxing)
 .debug_str     0x0000000000000900      0x120 c:/intelfpga_lite/17.1/nios2eds/bin/gnu/h-x86_64-mingw32/bin/../lib/gcc/nios2-elf/5.3.0/../../../../../H-x86_64-mingw32/nios2-elf/lib\libsmallc.a(lib_a-strlen.o)
                                        0x1cb (size before relaxing)

.debug_loc      0x0000000000000000      0x7e5
 *(.debug_loc)
 .debug_loc     0x0000000000000000       0xd8 obj/default/hello_world_small.o
 .debug_loc     0x00000000000000d8      0x4ce c:/intelfpga_lite/17.1/nios2eds/bin/gnu/h-x86_64-mingw32/bin/../lib/gcc/nios2-elf/5.3.0\libgcc.a(lib2-divmod.o)
 .debug_loc     0x00000000000005a6       0x37 ../hw5_bsp/\libhal_bsp.a(alt_putstr.o)
 .debug_loc     0x00000000000005dd       0x21 ../hw5_bsp/\libhal_bsp.a(alt_sys_init.o)
 .debug_loc     0x00000000000005fe       0xcd ../hw5_bsp/\libhal_bsp.a(altera_avalon_jtag_uart_read.o)
 .debug_loc     0x00000000000006cb       0x8b ../hw5_bsp/\libhal_bsp.a(altera_avalon_jtag_uart_write.o)
 .debug_loc     0x0000000000000756       0x1f ../hw5_bsp/\libhal_bsp.a(alt_dcache_flush_all.o)
 .debug_loc     0x0000000000000775       0x52 ../hw5_bsp/\libhal_bsp.a(alt_icache_flush.o)
 .debug_loc     0x00000000000007c7       0x1e c:/intelfpga_lite/17.1/nios2eds/bin/gnu/h-x86_64-mingw32/bin/../lib/gcc/nios2-elf/5.3.0/../../../../../H-x86_64-mingw32/nios2-elf/lib\libsmallc.a(lib_a-strlen.o)

.debug_macinfo
 *(.debug_macinfo)

.debug_weaknames
 *(.debug_weaknames)

.debug_funcnames
 *(.debug_funcnames)

.debug_typenames
 *(.debug_typenames)

.debug_varnames
 *(.debug_varnames)

.debug_alt_sim_info
                0x0000000000000000       0x30
 *(.debug_alt_sim_info)
 .debug_alt_sim_info
                0x0000000000000000       0x30 ../hw5_bsp//obj/HAL/src/crt0.o
                0x0000000000001000                __alt_data_end = 0x1000
                0x0000000000001000                PROVIDE (__alt_stack_pointer, __alt_data_end)
                [!provide]                        PROVIDE (__alt_stack_limit, __alt_stack_base)
                [!provide]                        PROVIDE (__alt_heap_start, end)
                [!provide]                        PROVIDE (__alt_heap_limit, 0x1000)
OUTPUT(hw5.elf elf32-littlenios2)

.debug_ranges   0x0000000000000000      0x120
 .debug_ranges  0x0000000000000000       0x20 ../hw5_bsp//obj/HAL/src/crt0.o
 .debug_ranges  0x0000000000000020       0x18 obj/default/hello_world_small.o
 .debug_ranges  0x0000000000000038       0x60 c:/intelfpga_lite/17.1/nios2eds/bin/gnu/h-x86_64-mingw32/bin/../lib/gcc/nios2-elf/5.3.0\libgcc.a(lib2-divmod.o)
 .debug_ranges  0x0000000000000098       0x48 ../hw5_bsp/\libhal_bsp.a(alt_load.o)
 .debug_ranges  0x00000000000000e0       0x20 ../hw5_bsp/\libhal_bsp.a(altera_avalon_jtag_uart_read.o)
 .debug_ranges  0x0000000000000100       0x10 ../hw5_bsp/\libhal_bsp.a(alt_icache_flush.o)
 .debug_ranges  0x0000000000000110       0x10 c:/intelfpga_lite/17.1/nios2eds/bin/gnu/h-x86_64-mingw32/bin/../lib/gcc/nios2-elf/5.3.0/../../../../../H-x86_64-mingw32/nios2-elf/lib\libsmallc.a(lib_a-strlen.o)
