Archive member included to satisfy reference by file (symbol)

c:/intelfpga_lite/17.1/nios2eds/bin/gnu/h-x86_64-mingw32/bin/../lib/gcc/nios2-elf/5.3.0\libgcc.a(lib2-divmod.o)
                              obj/default/hello_world_small.o (__udivsi3)
../hw6dram_bsp/\libhal_bsp.a(alt_iic.o)
                              obj/default/hello_world_small.o (alt_ic_isr_register)
../hw6dram_bsp/\libhal_bsp.a(alt_iic_isr_register.o)
                              ../hw6dram_bsp/\libhal_bsp.a(alt_iic.o) (alt_iic_isr_register)
../hw6dram_bsp/\libhal_bsp.a(alt_irq_entry.o)
                              ../hw6dram_bsp/\libhal_bsp.a(alt_iic_isr_register.o) (alt_irq_entry)
../hw6dram_bsp/\libhal_bsp.a(alt_irq_handler.o)
                              ../hw6dram_bsp/\libhal_bsp.a(alt_iic_isr_register.o) (alt_irq_handler)
../hw6dram_bsp/\libhal_bsp.a(alt_irq_vars.o)
                              ../hw6dram_bsp/\libhal_bsp.a(alt_iic.o) (alt_irq_active)
../hw6dram_bsp/\libhal_bsp.a(alt_load.o)
                              ../hw6dram_bsp//obj/HAL/src/crt0.o (alt_load)
../hw6dram_bsp/\libhal_bsp.a(alt_main.o)
                              ../hw6dram_bsp//obj/HAL/src/crt0.o (alt_main)
../hw6dram_bsp/\libhal_bsp.a(alt_printf.o)
                              obj/default/hello_world_small.o (alt_printf)
../hw6dram_bsp/\libhal_bsp.a(alt_putchar.o)
                              ../hw6dram_bsp/\libhal_bsp.a(alt_printf.o) (alt_putchar)
../hw6dram_bsp/\libhal_bsp.a(alt_sys_init.o)
                              ../hw6dram_bsp/\libhal_bsp.a(alt_main.o) (alt_irq_init)
../hw6dram_bsp/\libhal_bsp.a(altera_avalon_jtag_uart_write.o)
                              ../hw6dram_bsp/\libhal_bsp.a(alt_putchar.o) (altera_avalon_jtag_uart_write)
../hw6dram_bsp/\libhal_bsp.a(altera_avalon_timer_sc.o)
                              ../hw6dram_bsp/\libhal_bsp.a(alt_sys_init.o) (alt_avalon_timer_sc_init)
../hw6dram_bsp/\libhal_bsp.a(alt_dcache_flush_all.o)
                              ../hw6dram_bsp/\libhal_bsp.a(alt_load.o) (alt_dcache_flush_all)
../hw6dram_bsp/\libhal_bsp.a(alt_exception_entry.o)
                              ../hw6dram_bsp/\libhal_bsp.a(alt_irq_entry.o) (alt_exception)
../hw6dram_bsp/\libhal_bsp.a(alt_icache_flush_all.o)
                              ../hw6dram_bsp/\libhal_bsp.a(alt_load.o) (alt_icache_flush_all)
../hw6dram_bsp/\libhal_bsp.a(alt_tick.o)
                              ../hw6dram_bsp/\libhal_bsp.a(altera_avalon_timer_sc.o) (alt_tick)
../hw6dram_bsp/\libhal_bsp.a(altera_nios2_qsys_irq.o)
                              ../hw6dram_bsp/\libhal_bsp.a(alt_sys_init.o) (altera_nios2_qsys_irq_init)
../hw6dram_bsp/\libhal_bsp.a(alt_icache_flush.o)
                              ../hw6dram_bsp/\libhal_bsp.a(alt_icache_flush_all.o) (alt_icache_flush)

Allocating common symbols
Common symbol       size              file

alt_irq             0x100             ../hw6dram_bsp/\libhal_bsp.a(alt_irq_handler.o)
edge_capture        0x4               obj/default/hello_world_small.o

Memory Configuration

Name             Origin             Length             Attributes
onchip_memory2_0 0x0000000000000000 0x0000000000001000
reset            0x0000000008000000 0x0000000000000020
sdram            0x0000000008000020 0x0000000007fff7e0
interrupt_stack  0x000000000ffff800 0x0000000000000400
exception_stack  0x000000000ffffc00 0x0000000000000400
*default*        0x0000000000000000 0xffffffffffffffff

Linker script and memory map

LOAD ../hw6dram_bsp//obj/HAL/src/crt0.o
LOAD obj/default/hello_world_small.o
LOAD c:/intelfpga_lite/17.1/nios2eds/bin/gnu/h-x86_64-mingw32/bin/../lib/gcc/nios2-elf/5.3.0/../../../../../H-x86_64-mingw32/nios2-elf/lib\libstdc++.a
LOAD c:/intelfpga_lite/17.1/nios2eds/bin/gnu/h-x86_64-mingw32/bin/../lib/gcc/nios2-elf/5.3.0/../../../../../H-x86_64-mingw32/nios2-elf/lib\libm.a
LOAD c:/intelfpga_lite/17.1/nios2eds/bin/gnu/h-x86_64-mingw32/bin/../lib/gcc/nios2-elf/5.3.0\libgcc.a
START GROUP
LOAD c:/intelfpga_lite/17.1/nios2eds/bin/gnu/h-x86_64-mingw32/bin/../lib/gcc/nios2-elf/5.3.0/../../../../../H-x86_64-mingw32/nios2-elf/lib\libsmallc.a
LOAD c:/intelfpga_lite/17.1/nios2eds/bin/gnu/h-x86_64-mingw32/bin/../lib/gcc/nios2-elf/5.3.0\libgcc.a
LOAD ../hw6dram_bsp/\libhal_bsp.a
LOAD c:/intelfpga_lite/17.1/nios2eds/bin/gnu/h-x86_64-mingw32/bin/../lib/gcc/nios2-elf/5.3.0/../../../../../H-x86_64-mingw32/nios2-elf/lib\libm.a
END GROUP
LOAD c:/intelfpga_lite/17.1/nios2eds/bin/gnu/h-x86_64-mingw32/bin/../lib/gcc/nios2-elf/5.3.0\libgcc.a
                0x0000000000000000                __alt_mem_onchip_memory2_0 = 0x0
                0x0000000008000000                __alt_mem_sdram = 0x8000000

.entry          0x0000000008000000       0x20
 *(.entry)
 .entry         0x0000000008000000       0x20 ../hw6dram_bsp//obj/HAL/src/crt0.o
                0x0000000008000000                __reset
                0x000000000800001c                _exit

.exceptions     0x0000000008000020      0x138
                0x0000000008000020                PROVIDE (__ram_exceptions_start, ABSOLUTE (.))
                0x0000000008000020                . = ALIGN (0x20)
 *(.irq)
 *(.exceptions.entry.label)
 .exceptions.entry.label
                0x0000000008000020        0x0 ../hw6dram_bsp/\libhal_bsp.a(alt_irq_entry.o)
                0x0000000008000020                alt_irq_entry
 .exceptions.entry.label
                0x0000000008000020        0x0 ../hw6dram_bsp/\libhal_bsp.a(alt_exception_entry.o)
                0x0000000008000020                alt_exception
 *(.exceptions.entry.user)
 *(.exceptions.entry.ecc_fatal)
 *(.exceptions.entry)
 .exceptions.entry
                0x0000000008000020       0x60 ../hw6dram_bsp/\libhal_bsp.a(alt_exception_entry.o)
 *(.exceptions.irqtest.user)
 *(.exceptions.irqtest)
 .exceptions.irqtest
                0x0000000008000080       0x10 ../hw6dram_bsp/\libhal_bsp.a(alt_irq_entry.o)
 *(.exceptions.irqhandler.user)
 *(.exceptions.irqhandler)
 .exceptions.irqhandler
                0x0000000008000090        0x4 ../hw6dram_bsp/\libhal_bsp.a(alt_irq_entry.o)
 *(.exceptions.irqreturn.user)
 *(.exceptions.irqreturn)
 .exceptions.irqreturn
                0x0000000008000094        0x4 ../hw6dram_bsp/\libhal_bsp.a(alt_irq_entry.o)
 *(.exceptions.notirq.label)
 .exceptions.notirq.label
                0x0000000008000098        0x0 ../hw6dram_bsp/\libhal_bsp.a(alt_irq_entry.o)
 *(.exceptions.notirq.user)
 *(.exceptions.notirq)
 .exceptions.notirq
                0x0000000008000098        0x8 ../hw6dram_bsp/\libhal_bsp.a(alt_exception_entry.o)
 *(.exceptions.soft.user)
 *(.exceptions.soft)
 *(.exceptions.unknown.user)
 *(.exceptions.unknown)
 .exceptions.unknown
                0x00000000080000a0        0x4 ../hw6dram_bsp/\libhal_bsp.a(alt_exception_entry.o)
 *(.exceptions.exit.label)
 .exceptions.exit.label
                0x00000000080000a4        0x0 ../hw6dram_bsp/\libhal_bsp.a(alt_irq_entry.o)
 .exceptions.exit.label
                0x00000000080000a4        0x0 ../hw6dram_bsp/\libhal_bsp.a(alt_exception_entry.o)
 *(.exceptions.exit.user)
 *(.exceptions.exit)
 .exceptions.exit
                0x00000000080000a4       0x54 ../hw6dram_bsp/\libhal_bsp.a(alt_exception_entry.o)
 *(.exceptions)
 .exceptions    0x00000000080000f8       0x60 ../hw6dram_bsp/\libhal_bsp.a(alt_irq_handler.o)
                0x00000000080000f8                alt_irq_handler
                0x0000000008000158                PROVIDE (__ram_exceptions_end, ABSOLUTE (.))
                0x0000000008000020                PROVIDE (__flash_exceptions_start, LOADADDR (.exceptions))

.text           0x0000000008000158      0xbe4
                [!provide]                        PROVIDE (stext, ABSOLUTE (.))
 *(.interp)
 *(.hash)
 *(.dynsym)
 *(.dynstr)
 *(.gnu.version)
 *(.gnu.version_d)
 *(.gnu.version_r)
 *(.rel.init)
 *(.rela.init)
 *(.rel.text .rel.text.* .rel.gnu.linkonce.t.*)
 *(.rela.text .rela.text.* .rela.gnu.linkonce.t.*)
 *(.rel.fini)
 *(.rela.fini)
 *(.rel.rodata .rel.rodata.* .rel.gnu.linkonce.r.*)
 *(.rela.rodata .rela.rodata.* .rela.gnu.linkonce.r.*)
 *(.rel.data .rel.data.* .rel.gnu.linkonce.d.*)
 *(.rela.data .rela.data.* .rela.gnu.linkonce.d.*)
 *(.rel.tdata .rel.tdata.* .rel.gnu.linkonce.td.*)
 *(.rela.tdata .rela.tdata.* .rela.gnu.linkonce.td.*)
 *(.rel.tbss .rel.tbss.* .rel.gnu.linkonce.tb.*)
 *(.rela.tbss .rela.tbss.* .rela.gnu.linkonce.tb.*)
 *(.rel.ctors)
 *(.rela.ctors)
 *(.rel.dtors)
 *(.rela.dtors)
 *(.rel.got)
 *(.rela.got)
 *(.rel.sdata .rel.sdata.* .rel.gnu.linkonce.s.*)
 *(.rela.sdata .rela.sdata.* .rela.gnu.linkonce.s.*)
 *(.rel.sbss .rel.sbss.* .rel.gnu.linkonce.sb.*)
 *(.rela.sbss .rela.sbss.* .rela.gnu.linkonce.sb.*)
 *(.rel.sdata2 .rel.sdata2.* .rel.gnu.linkonce.s2.*)
 *(.rela.sdata2 .rela.sdata2.* .rela.gnu.linkonce.s2.*)
 *(.rel.sbss2 .rel.sbss2.* .rel.gnu.linkonce.sb2.*)
 *(.rela.sbss2 .rela.sbss2.* .rela.gnu.linkonce.sb2.*)
 *(.rel.bss .rel.bss.* .rel.gnu.linkonce.b.*)
 *(.rela.bss .rela.bss.* .rela.gnu.linkonce.b.*)
 *(.rel.plt)
 *(.rela.plt)
 *(.rel.dyn)
 *(.init)
 *(.plt)
 *(.text .stub .text.* .gnu.linkonce.t.*)
 .text          0x0000000008000158       0x4c ../hw6dram_bsp//obj/HAL/src/crt0.o
                0x0000000008000158                _start
 .text          0x00000000080001a4      0x3a4 obj/default/hello_world_small.o
                0x00000000080001a4                clearhex
                0x00000000080001ec                decimal_to_hex
                0x00000000080002ac                hextableplace
                0x000000000800036c                concatenate
                0x0000000008000390                get_hex
 .text.startup  0x0000000008000548       0x4c obj/default/hello_world_small.o
                0x0000000008000548                main
 .text          0x0000000008000594      0x1b4 c:/intelfpga_lite/17.1/nios2eds/bin/gnu/h-x86_64-mingw32/bin/../lib/gcc/nios2-elf/5.3.0\libgcc.a(lib2-divmod.o)
                0x0000000008000594                __divsi3
                0x0000000008000618                __modsi3
                0x000000000800068c                __udivsi3
                0x00000000080006f0                __umodsi3
 .text          0x0000000008000748       0x8c ../hw6dram_bsp/\libhal_bsp.a(alt_iic.o)
                0x0000000008000748                alt_ic_isr_register
                0x000000000800074c                alt_ic_irq_enable
                0x0000000008000784                alt_ic_irq_disable
                0x00000000080007bc                alt_ic_irq_enabled
 .text          0x00000000080007d4       0x68 ../hw6dram_bsp/\libhal_bsp.a(alt_iic_isr_register.o)
                0x00000000080007d4                alt_iic_isr_register
 .text          0x000000000800083c        0x0 ../hw6dram_bsp/\libhal_bsp.a(alt_irq_entry.o)
 .text          0x000000000800083c        0x0 ../hw6dram_bsp/\libhal_bsp.a(alt_irq_handler.o)
 .text          0x000000000800083c        0x0 ../hw6dram_bsp/\libhal_bsp.a(alt_irq_vars.o)
 .text          0x000000000800083c       0xe0 ../hw6dram_bsp/\libhal_bsp.a(alt_load.o)
                0x000000000800083c                alt_load
 .text          0x000000000800091c       0x2c ../hw6dram_bsp/\libhal_bsp.a(alt_main.o)
                0x000000000800091c                alt_main
 .text          0x0000000008000948      0x170 ../hw6dram_bsp/\libhal_bsp.a(alt_printf.o)
                0x0000000008000948                alt_printf
 .text          0x0000000008000ab8       0x48 ../hw6dram_bsp/\libhal_bsp.a(alt_putchar.o)
                0x0000000008000ab8                alt_putchar
 .text          0x0000000008000b00       0x34 ../hw6dram_bsp/\libhal_bsp.a(alt_sys_init.o)
                0x0000000008000b00                alt_irq_init
                0x0000000008000b20                alt_sys_init
 .text          0x0000000008000b34       0x34 ../hw6dram_bsp/\libhal_bsp.a(altera_avalon_jtag_uart_write.o)
                0x0000000008000b34                altera_avalon_jtag_uart_write
 .text          0x0000000008000b68       0x84 ../hw6dram_bsp/\libhal_bsp.a(altera_avalon_timer_sc.o)
                0x0000000008000ba4                alt_avalon_timer_sc_init
 .text          0x0000000008000bec       0x18 ../hw6dram_bsp/\libhal_bsp.a(alt_dcache_flush_all.o)
                0x0000000008000bec                alt_dcache_flush_all
 .text          0x0000000008000c04        0x0 ../hw6dram_bsp/\libhal_bsp.a(alt_exception_entry.o)
 .text          0x0000000008000c04        0xc ../hw6dram_bsp/\libhal_bsp.a(alt_icache_flush_all.o)
                0x0000000008000c04                alt_icache_flush_all
 .text          0x0000000008000c10       0xec ../hw6dram_bsp/\libhal_bsp.a(alt_tick.o)
                0x0000000008000c10                alt_alarm_stop
                0x0000000008000c44                alt_tick
 .text          0x0000000008000cfc        0x8 ../hw6dram_bsp/\libhal_bsp.a(altera_nios2_qsys_irq.o)
                0x0000000008000cfc                altera_nios2_qsys_irq_init
 .text          0x0000000008000d04       0x38 ../hw6dram_bsp/\libhal_bsp.a(alt_icache_flush.o)
                0x0000000008000d04                alt_icache_flush
 *(.gnu.warning.*)
 *(.fini)
                [!provide]                        PROVIDE (__etext, ABSOLUTE (.))
                [!provide]                        PROVIDE (_etext, ABSOLUTE (.))
                [!provide]                        PROVIDE (etext, ABSOLUTE (.))
 *(.eh_frame_hdr)
                0x0000000008000d3c                . = ALIGN (0x4)
                [!provide]                        PROVIDE (__preinit_array_start, ABSOLUTE (.))
 *(.preinit_array)
                [!provide]                        PROVIDE (__preinit_array_end, ABSOLUTE (.))
                [!provide]                        PROVIDE (__init_array_start, ABSOLUTE (.))
 *(.init_array)
                [!provide]                        PROVIDE (__init_array_end, ABSOLUTE (.))
                [!provide]                        PROVIDE (__fini_array_start, ABSOLUTE (.))
 *(.fini_array)
                [!provide]                        PROVIDE (__fini_array_end, ABSOLUTE (.))
 *(.eh_frame)
 *(.gcc_except_table .gcc_except_table.*)
 *(.dynamic)
                [!provide]                        PROVIDE (__CTOR_LIST__, ABSOLUTE (.))
 *(.ctors)
 *(SORT(.ctors.*))
                [!provide]                        PROVIDE (__CTOR_END__, ABSOLUTE (.))
                [!provide]                        PROVIDE (__DTOR_LIST__, ABSOLUTE (.))
 *(.dtors)
 *(SORT(.dtors.*))
                [!provide]                        PROVIDE (__DTOR_END__, ABSOLUTE (.))
 *(.jcr)
                0x0000000008000d3c                . = ALIGN (0x4)

.rodata         0x0000000008000d3c       0xa0
                0x0000000008000d3c                PROVIDE (__ram_rodata_start, ABSOLUTE (.))
                0x0000000008000d3c                . = ALIGN (0x4)
 *(.rodata .rodata.* .gnu.linkonce.r.*)
 .rodata.str1.4
                0x0000000008000d3c       0xa0 obj/default/hello_world_small.o
                                         0x9e (size before relaxing)
 *(.rodata1)
                0x0000000008000ddc                . = ALIGN (0x4)
                0x0000000008000ddc                PROVIDE (__ram_rodata_end, ABSOLUTE (.))
                0x0000000008000d3c                PROVIDE (__flash_rodata_start, LOADADDR (.rodata))

.rwdata         0x0000000008000ddc       0x34 load address 0x0000000008000e10
                0x0000000008000ddc                PROVIDE (__ram_rwdata_start, ABSOLUTE (.))
                0x0000000008000ddc                . = ALIGN (0x4)
 *(.got.plt)
 *(.got)
 *(.data1)
 *(.data .data.* .gnu.linkonce.d.*)
 .data          0x0000000008000ddc        0x0 ../hw6dram_bsp//obj/HAL/src/crt0.o
 .data          0x0000000008000ddc       0x28 obj/default/hello_world_small.o
                0x0000000008000ddc                hextable
 .data          0x0000000008000e04        0x0 c:/intelfpga_lite/17.1/nios2eds/bin/gnu/h-x86_64-mingw32/bin/../lib/gcc/nios2-elf/5.3.0\libgcc.a(lib2-divmod.o)
 .data          0x0000000008000e04        0x0 ../hw6dram_bsp/\libhal_bsp.a(alt_iic.o)
 .data          0x0000000008000e04        0x0 ../hw6dram_bsp/\libhal_bsp.a(alt_iic_isr_register.o)
 .data          0x0000000008000e04        0x0 ../hw6dram_bsp/\libhal_bsp.a(alt_irq_entry.o)
 .data          0x0000000008000e04        0x0 ../hw6dram_bsp/\libhal_bsp.a(alt_irq_handler.o)
 .data          0x0000000008000e04        0x0 ../hw6dram_bsp/\libhal_bsp.a(alt_irq_vars.o)
 .data          0x0000000008000e04        0x0 ../hw6dram_bsp/\libhal_bsp.a(alt_load.o)
 .data          0x0000000008000e04        0x0 ../hw6dram_bsp/\libhal_bsp.a(alt_main.o)
 .data          0x0000000008000e04        0x0 ../hw6dram_bsp/\libhal_bsp.a(alt_printf.o)
 .data          0x0000000008000e04        0x0 ../hw6dram_bsp/\libhal_bsp.a(alt_putchar.o)
 .data          0x0000000008000e04        0x0 ../hw6dram_bsp/\libhal_bsp.a(alt_sys_init.o)
 .data          0x0000000008000e04        0x0 ../hw6dram_bsp/\libhal_bsp.a(altera_avalon_jtag_uart_write.o)
 .data          0x0000000008000e04        0x0 ../hw6dram_bsp/\libhal_bsp.a(altera_avalon_timer_sc.o)
 .data          0x0000000008000e04        0x0 ../hw6dram_bsp/\libhal_bsp.a(alt_dcache_flush_all.o)
 .data          0x0000000008000e04        0x0 ../hw6dram_bsp/\libhal_bsp.a(alt_exception_entry.o)
 .data          0x0000000008000e04        0x0 ../hw6dram_bsp/\libhal_bsp.a(alt_icache_flush_all.o)
 .data          0x0000000008000e04        0x0 ../hw6dram_bsp/\libhal_bsp.a(alt_tick.o)
 .data          0x0000000008000e04        0x0 ../hw6dram_bsp/\libhal_bsp.a(altera_nios2_qsys_irq.o)
 .data          0x0000000008000e04        0x0 ../hw6dram_bsp/\libhal_bsp.a(alt_icache_flush.o)
                0x0000000008008e04                _gp = ABSOLUTE ((. + 0x8000))
                [!provide]                        PROVIDE (gp, _gp)
 *(.rwdata .rwdata.*)
 *(.sdata .sdata.* .gnu.linkonce.s.*)
 .sdata         0x0000000008000e04        0x4 ../hw6dram_bsp/\libhal_bsp.a(alt_sys_init.o)
                0x0000000008000e04                jtag_uart_0
 .sdata         0x0000000008000e08        0x8 ../hw6dram_bsp/\libhal_bsp.a(alt_tick.o)
                0x0000000008000e08                alt_alarm_list
 *(.sdata2 .sdata2.* .gnu.linkonce.s2.*)
                0x0000000008000e10                . = ALIGN (0x4)
                0x0000000008000e10                _edata = ABSOLUTE (.)
                [!provide]                        PROVIDE (edata, ABSOLUTE (.))
                0x0000000008000e10                PROVIDE (__ram_rwdata_end, ABSOLUTE (.))
                0x0000000008000e10                PROVIDE (__flash_rwdata_start, LOADADDR (.rwdata))

.bss            0x0000000008000e44      0x11c
                0x0000000008000e44                __bss_start = ABSOLUTE (.)
                [!provide]                        PROVIDE (__sbss_start, ABSOLUTE (.))
                [!provide]                        PROVIDE (___sbss_start, ABSOLUTE (.))
 *(.dynsbss)
 *(.sbss .sbss.* .gnu.linkonce.sb.*)
 .sbss          0x0000000008000e44        0x4 obj/default/hello_world_small.o
                0x0000000008000e44                edge_capture
 .sbss          0x0000000008000e48        0x4 ../hw6dram_bsp/\libhal_bsp.a(alt_irq_vars.o)
                0x0000000008000e48                alt_irq_active
 .sbss          0x0000000008000e4c        0xc ../hw6dram_bsp/\libhal_bsp.a(alt_main.o)
                0x0000000008000e4c                alt_envp
                0x0000000008000e50                alt_argv
                0x0000000008000e54                alt_argc
 .sbss          0x0000000008000e58        0x8 ../hw6dram_bsp/\libhal_bsp.a(alt_tick.o)
                0x0000000008000e58                _alt_nticks
                0x0000000008000e5c                _alt_tick_rate
 *(.sbss2 .sbss2.* .gnu.linkonce.sb2.*)
 *(.scommon)
                [!provide]                        PROVIDE (__sbss_end, ABSOLUTE (.))
                [!provide]                        PROVIDE (___sbss_end, ABSOLUTE (.))
 *(.dynbss)
 *(.bss .bss.* .gnu.linkonce.b.*)
 .bss           0x0000000008000e60        0x0 ../hw6dram_bsp//obj/HAL/src/crt0.o
 .bss           0x0000000008000e60        0x0 obj/default/hello_world_small.o
 .bss           0x0000000008000e60        0x0 c:/intelfpga_lite/17.1/nios2eds/bin/gnu/h-x86_64-mingw32/bin/../lib/gcc/nios2-elf/5.3.0\libgcc.a(lib2-divmod.o)
 .bss           0x0000000008000e60        0x0 ../hw6dram_bsp/\libhal_bsp.a(alt_iic.o)
 .bss           0x0000000008000e60        0x0 ../hw6dram_bsp/\libhal_bsp.a(alt_iic_isr_register.o)
 .bss           0x0000000008000e60        0x0 ../hw6dram_bsp/\libhal_bsp.a(alt_irq_entry.o)
 .bss           0x0000000008000e60        0x0 ../hw6dram_bsp/\libhal_bsp.a(alt_irq_handler.o)
 .bss           0x0000000008000e60        0x0 ../hw6dram_bsp/\libhal_bsp.a(alt_irq_vars.o)
 .bss           0x0000000008000e60        0x0 ../hw6dram_bsp/\libhal_bsp.a(alt_load.o)
 .bss           0x0000000008000e60        0x0 ../hw6dram_bsp/\libhal_bsp.a(alt_main.o)
 .bss           0x0000000008000e60        0x0 ../hw6dram_bsp/\libhal_bsp.a(alt_printf.o)
 .bss           0x0000000008000e60        0x0 ../hw6dram_bsp/\libhal_bsp.a(alt_putchar.o)
 .bss           0x0000000008000e60        0x0 ../hw6dram_bsp/\libhal_bsp.a(alt_sys_init.o)
 .bss           0x0000000008000e60        0x0 ../hw6dram_bsp/\libhal_bsp.a(altera_avalon_jtag_uart_write.o)
 .bss           0x0000000008000e60        0x0 ../hw6dram_bsp/\libhal_bsp.a(altera_avalon_timer_sc.o)
 .bss           0x0000000008000e60        0x0 ../hw6dram_bsp/\libhal_bsp.a(alt_dcache_flush_all.o)
 .bss           0x0000000008000e60        0x0 ../hw6dram_bsp/\libhal_bsp.a(alt_exception_entry.o)
 .bss           0x0000000008000e60        0x0 ../hw6dram_bsp/\libhal_bsp.a(alt_icache_flush_all.o)
 .bss           0x0000000008000e60        0x0 ../hw6dram_bsp/\libhal_bsp.a(alt_tick.o)
 .bss           0x0000000008000e60        0x0 ../hw6dram_bsp/\libhal_bsp.a(altera_nios2_qsys_irq.o)
 .bss           0x0000000008000e60        0x0 ../hw6dram_bsp/\libhal_bsp.a(alt_icache_flush.o)
 *(COMMON)
 COMMON         0x0000000008000e60      0x100 ../hw6dram_bsp/\libhal_bsp.a(alt_irq_handler.o)
                0x0000000008000e60                alt_irq
                0x0000000008000f60                . = ALIGN (0x4)
                0x0000000008000f60                __bss_end = ABSOLUTE (.)

.onchip_memory2_0
                0x0000000000000000        0x0 load address 0x0000000008000f60
                [!provide]                        PROVIDE (_alt_partition_onchip_memory2_0_start, ABSOLUTE (.))
 *(.onchip_memory2_0 .onchip_memory2_0. onchip_memory2_0.*)
                0x0000000000000000                . = ALIGN (0x4)
                [!provide]                        PROVIDE (_alt_partition_onchip_memory2_0_end, ABSOLUTE (.))
                [!provide]                        PROVIDE (_alt_partition_onchip_memory2_0_load_addr, LOADADDR (.onchip_memory2_0))

.sdram          0x0000000008000f60        0x0
                [!provide]                        PROVIDE (_alt_partition_sdram_start, ABSOLUTE (.))
 *(.sdram .sdram. sdram.*)
                0x0000000008000f60                . = ALIGN (0x4)
                [!provide]                        PROVIDE (_alt_partition_sdram_end, ABSOLUTE (.))
                0x0000000008000f60                _end = ABSOLUTE (.)
                0x0000000008000f60                end = ABSOLUTE (.)
                0x0000000008000f60                __alt_stack_base = ABSOLUTE (.)
                [!provide]                        PROVIDE (_alt_partition_sdram_load_addr, LOADADDR (.sdram))

.stab
 *(.stab)

.stabstr
 *(.stabstr)

.stab.excl
 *(.stab.excl)

.stab.exclstr
 *(.stab.exclstr)

.stab.index
 *(.stab.index)

.stab.indexstr
 *(.stab.indexstr)

.comment        0x0000000000000000       0x23
 *(.comment)
 .comment       0x0000000000000000       0x23 obj/default/hello_world_small.o
                                         0x24 (size before relaxing)
 .comment       0x0000000000000023       0x24 c:/intelfpga_lite/17.1/nios2eds/bin/gnu/h-x86_64-mingw32/bin/../lib/gcc/nios2-elf/5.3.0\libgcc.a(lib2-divmod.o)
 .comment       0x0000000000000023       0x24 ../hw6dram_bsp/\libhal_bsp.a(alt_iic.o)
 .comment       0x0000000000000023       0x24 ../hw6dram_bsp/\libhal_bsp.a(alt_iic_isr_register.o)
 .comment       0x0000000000000023       0x24 ../hw6dram_bsp/\libhal_bsp.a(alt_irq_handler.o)
 .comment       0x0000000000000023       0x24 ../hw6dram_bsp/\libhal_bsp.a(alt_irq_vars.o)
 .comment       0x0000000000000023       0x24 ../hw6dram_bsp/\libhal_bsp.a(alt_load.o)
 .comment       0x0000000000000023       0x24 ../hw6dram_bsp/\libhal_bsp.a(alt_main.o)
 .comment       0x0000000000000023       0x24 ../hw6dram_bsp/\libhal_bsp.a(alt_printf.o)
 .comment       0x0000000000000023       0x24 ../hw6dram_bsp/\libhal_bsp.a(alt_putchar.o)
 .comment       0x0000000000000023       0x24 ../hw6dram_bsp/\libhal_bsp.a(alt_sys_init.o)
 .comment       0x0000000000000023       0x24 ../hw6dram_bsp/\libhal_bsp.a(altera_avalon_jtag_uart_write.o)
 .comment       0x0000000000000023       0x24 ../hw6dram_bsp/\libhal_bsp.a(altera_avalon_timer_sc.o)
 .comment       0x0000000000000023       0x24 ../hw6dram_bsp/\libhal_bsp.a(alt_dcache_flush_all.o)
 .comment       0x0000000000000023       0x24 ../hw6dram_bsp/\libhal_bsp.a(alt_icache_flush_all.o)
 .comment       0x0000000000000023       0x24 ../hw6dram_bsp/\libhal_bsp.a(alt_tick.o)
 .comment       0x0000000000000023       0x24 ../hw6dram_bsp/\libhal_bsp.a(altera_nios2_qsys_irq.o)
 .comment       0x0000000000000023       0x24 ../hw6dram_bsp/\libhal_bsp.a(alt_icache_flush.o)

.debug
 *(.debug)

.line
 *(.line)

.debug_srcinfo
 *(.debug_srcinfo)

.debug_sfnames
 *(.debug_sfnames)

.debug_aranges  0x0000000000000000      0x2d0
 *(.debug_aranges)
 .debug_aranges
                0x0000000000000000       0x28 ../hw6dram_bsp//obj/HAL/src/crt0.o
 .debug_aranges
                0x0000000000000028       0x28 obj/default/hello_world_small.o
 .debug_aranges
                0x0000000000000050       0x20 c:/intelfpga_lite/17.1/nios2eds/bin/gnu/h-x86_64-mingw32/bin/../lib/gcc/nios2-elf/5.3.0\libgcc.a(lib2-divmod.o)
 .debug_aranges
                0x0000000000000070       0x20 ../hw6dram_bsp/\libhal_bsp.a(alt_iic.o)
 .debug_aranges
                0x0000000000000090       0x20 ../hw6dram_bsp/\libhal_bsp.a(alt_iic_isr_register.o)
 .debug_aranges
                0x00000000000000b0       0x30 ../hw6dram_bsp/\libhal_bsp.a(alt_irq_entry.o)
 .debug_aranges
                0x00000000000000e0       0x20 ../hw6dram_bsp/\libhal_bsp.a(alt_irq_handler.o)
 .debug_aranges
                0x0000000000000100       0x18 ../hw6dram_bsp/\libhal_bsp.a(alt_irq_vars.o)
 .debug_aranges
                0x0000000000000118       0x20 ../hw6dram_bsp/\libhal_bsp.a(alt_load.o)
 .debug_aranges
                0x0000000000000138       0x20 ../hw6dram_bsp/\libhal_bsp.a(alt_main.o)
 .debug_aranges
                0x0000000000000158       0x20 ../hw6dram_bsp/\libhal_bsp.a(alt_printf.o)
 .debug_aranges
                0x0000000000000178       0x20 ../hw6dram_bsp/\libhal_bsp.a(alt_putchar.o)
 .debug_aranges
                0x0000000000000198       0x20 ../hw6dram_bsp/\libhal_bsp.a(alt_sys_init.o)
 .debug_aranges
                0x00000000000001b8       0x20 ../hw6dram_bsp/\libhal_bsp.a(altera_avalon_jtag_uart_write.o)
 .debug_aranges
                0x00000000000001d8       0x20 ../hw6dram_bsp/\libhal_bsp.a(altera_avalon_timer_sc.o)
 .debug_aranges
                0x00000000000001f8       0x20 ../hw6dram_bsp/\libhal_bsp.a(alt_dcache_flush_all.o)
 .debug_aranges
                0x0000000000000218       0x38 ../hw6dram_bsp/\libhal_bsp.a(alt_exception_entry.o)
 .debug_aranges
                0x0000000000000250       0x20 ../hw6dram_bsp/\libhal_bsp.a(alt_icache_flush_all.o)
 .debug_aranges
                0x0000000000000270       0x20 ../hw6dram_bsp/\libhal_bsp.a(alt_tick.o)
 .debug_aranges
                0x0000000000000290       0x20 ../hw6dram_bsp/\libhal_bsp.a(altera_nios2_qsys_irq.o)
 .debug_aranges
                0x00000000000002b0       0x20 ../hw6dram_bsp/\libhal_bsp.a(alt_icache_flush.o)

.debug_pubnames
 *(.debug_pubnames)

.debug_info     0x0000000000000000     0x20f9
 *(.debug_info .gnu.linkonce.wi.*)
 .debug_info    0x0000000000000000       0x76 ../hw6dram_bsp//obj/HAL/src/crt0.o
 .debug_info    0x0000000000000076      0x417 obj/default/hello_world_small.o
 .debug_info    0x000000000000048d      0x2c6 c:/intelfpga_lite/17.1/nios2eds/bin/gnu/h-x86_64-mingw32/bin/../lib/gcc/nios2-elf/5.3.0\libgcc.a(lib2-divmod.o)
 .debug_info    0x0000000000000753      0x37f ../hw6dram_bsp/\libhal_bsp.a(alt_iic.o)
 .debug_info    0x0000000000000ad2      0x232 ../hw6dram_bsp/\libhal_bsp.a(alt_iic_isr_register.o)
 .debug_info    0x0000000000000d04       0x7f ../hw6dram_bsp/\libhal_bsp.a(alt_irq_entry.o)
 .debug_info    0x0000000000000d83      0x184 ../hw6dram_bsp/\libhal_bsp.a(alt_irq_handler.o)
 .debug_info    0x0000000000000f07       0x77 ../hw6dram_bsp/\libhal_bsp.a(alt_irq_vars.o)
 .debug_info    0x0000000000000f7e      0x1c9 ../hw6dram_bsp/\libhal_bsp.a(alt_load.o)
 .debug_info    0x0000000000001147      0x169 ../hw6dram_bsp/\libhal_bsp.a(alt_main.o)
 .debug_info    0x00000000000012b0      0x14d ../hw6dram_bsp/\libhal_bsp.a(alt_printf.o)
 .debug_info    0x00000000000013fd      0x12a ../hw6dram_bsp/\libhal_bsp.a(alt_putchar.o)
 .debug_info    0x0000000000001527      0x1cf ../hw6dram_bsp/\libhal_bsp.a(alt_sys_init.o)
 .debug_info    0x00000000000016f6      0x197 ../hw6dram_bsp/\libhal_bsp.a(altera_avalon_jtag_uart_write.o)
 .debug_info    0x000000000000188d      0x270 ../hw6dram_bsp/\libhal_bsp.a(altera_avalon_timer_sc.o)
 .debug_info    0x0000000000001afd       0xa6 ../hw6dram_bsp/\libhal_bsp.a(alt_dcache_flush_all.o)
 .debug_info    0x0000000000001ba3       0x85 ../hw6dram_bsp/\libhal_bsp.a(alt_exception_entry.o)
 .debug_info    0x0000000000001c28       0xb8 ../hw6dram_bsp/\libhal_bsp.a(alt_icache_flush_all.o)
 .debug_info    0x0000000000001ce0      0x2a9 ../hw6dram_bsp/\libhal_bsp.a(alt_tick.o)
 .debug_info    0x0000000000001f89       0x92 ../hw6dram_bsp/\libhal_bsp.a(altera_nios2_qsys_irq.o)
 .debug_info    0x000000000000201b       0xde ../hw6dram_bsp/\libhal_bsp.a(alt_icache_flush.o)

.debug_abbrev   0x0000000000000000     0x11fe
 *(.debug_abbrev)
 .debug_abbrev  0x0000000000000000       0x12 ../hw6dram_bsp//obj/HAL/src/crt0.o
 .debug_abbrev  0x0000000000000012      0x20e obj/default/hello_world_small.o
 .debug_abbrev  0x0000000000000220      0x10e c:/intelfpga_lite/17.1/nios2eds/bin/gnu/h-x86_64-mingw32/bin/../lib/gcc/nios2-elf/5.3.0\libgcc.a(lib2-divmod.o)
 .debug_abbrev  0x000000000000032e      0x1a0 ../hw6dram_bsp/\libhal_bsp.a(alt_iic.o)
 .debug_abbrev  0x00000000000004ce      0x19c ../hw6dram_bsp/\libhal_bsp.a(alt_iic_isr_register.o)
 .debug_abbrev  0x000000000000066a       0x12 ../hw6dram_bsp/\libhal_bsp.a(alt_irq_entry.o)
 .debug_abbrev  0x000000000000067c      0x120 ../hw6dram_bsp/\libhal_bsp.a(alt_irq_handler.o)
 .debug_abbrev  0x000000000000079c       0x40 ../hw6dram_bsp/\libhal_bsp.a(alt_irq_vars.o)
 .debug_abbrev  0x00000000000007dc       0xd8 ../hw6dram_bsp/\libhal_bsp.a(alt_load.o)
 .debug_abbrev  0x00000000000008b4       0xee ../hw6dram_bsp/\libhal_bsp.a(alt_main.o)
 .debug_abbrev  0x00000000000009a2       0xd5 ../hw6dram_bsp/\libhal_bsp.a(alt_printf.o)
 .debug_abbrev  0x0000000000000a77       0xd2 ../hw6dram_bsp/\libhal_bsp.a(alt_putchar.o)
 .debug_abbrev  0x0000000000000b49      0x110 ../hw6dram_bsp/\libhal_bsp.a(alt_sys_init.o)
 .debug_abbrev  0x0000000000000c59       0xd5 ../hw6dram_bsp/\libhal_bsp.a(altera_avalon_jtag_uart_write.o)
 .debug_abbrev  0x0000000000000d2e      0x191 ../hw6dram_bsp/\libhal_bsp.a(altera_avalon_timer_sc.o)
 .debug_abbrev  0x0000000000000ebf       0x5a ../hw6dram_bsp/\libhal_bsp.a(alt_dcache_flush_all.o)
 .debug_abbrev  0x0000000000000f19       0x12 ../hw6dram_bsp/\libhal_bsp.a(alt_exception_entry.o)
 .debug_abbrev  0x0000000000000f2b       0x6f ../hw6dram_bsp/\libhal_bsp.a(alt_icache_flush_all.o)
 .debug_abbrev  0x0000000000000f9a      0x187 ../hw6dram_bsp/\libhal_bsp.a(alt_tick.o)
 .debug_abbrev  0x0000000000001121       0x42 ../hw6dram_bsp/\libhal_bsp.a(altera_nios2_qsys_irq.o)
 .debug_abbrev  0x0000000000001163       0x9b ../hw6dram_bsp/\libhal_bsp.a(alt_icache_flush.o)

.debug_line     0x0000000000000000      0xefa
 *(.debug_line)
 .debug_line    0x0000000000000000       0x72 ../hw6dram_bsp//obj/HAL/src/crt0.o
 .debug_line    0x0000000000000072      0x145 obj/default/hello_world_small.o
 .debug_line    0x00000000000001b7      0x102 c:/intelfpga_lite/17.1/nios2eds/bin/gnu/h-x86_64-mingw32/bin/../lib/gcc/nios2-elf/5.3.0\libgcc.a(lib2-divmod.o)
 .debug_line    0x00000000000002b9       0xf1 ../hw6dram_bsp/\libhal_bsp.a(alt_iic.o)
 .debug_line    0x00000000000003aa       0xd6 ../hw6dram_bsp/\libhal_bsp.a(alt_iic_isr_register.o)
 .debug_line    0x0000000000000480       0x6b ../hw6dram_bsp/\libhal_bsp.a(alt_irq_entry.o)
 .debug_line    0x00000000000004eb       0xa5 ../hw6dram_bsp/\libhal_bsp.a(alt_irq_handler.o)
 .debug_line    0x0000000000000590       0x50 ../hw6dram_bsp/\libhal_bsp.a(alt_irq_vars.o)
 .debug_line    0x00000000000005e0       0xa4 ../hw6dram_bsp/\libhal_bsp.a(alt_load.o)
 .debug_line    0x0000000000000684       0xbd ../hw6dram_bsp/\libhal_bsp.a(alt_main.o)
 .debug_line    0x0000000000000741      0x112 ../hw6dram_bsp/\libhal_bsp.a(alt_printf.o)
 .debug_line    0x0000000000000853       0x55 ../hw6dram_bsp/\libhal_bsp.a(alt_putchar.o)
 .debug_line    0x00000000000008a8      0x11d ../hw6dram_bsp/\libhal_bsp.a(alt_sys_init.o)
 .debug_line    0x00000000000009c5       0xf0 ../hw6dram_bsp/\libhal_bsp.a(altera_avalon_jtag_uart_write.o)
 .debug_line    0x0000000000000ab5       0xfe ../hw6dram_bsp/\libhal_bsp.a(altera_avalon_timer_sc.o)
 .debug_line    0x0000000000000bb3       0x5a ../hw6dram_bsp/\libhal_bsp.a(alt_dcache_flush_all.o)
 .debug_line    0x0000000000000c0d       0xae ../hw6dram_bsp/\libhal_bsp.a(alt_exception_entry.o)
 .debug_line    0x0000000000000cbb       0x6e ../hw6dram_bsp/\libhal_bsp.a(alt_icache_flush_all.o)
 .debug_line    0x0000000000000d29      0x104 ../hw6dram_bsp/\libhal_bsp.a(alt_tick.o)
 .debug_line    0x0000000000000e2d       0x50 ../hw6dram_bsp/\libhal_bsp.a(altera_nios2_qsys_irq.o)
 .debug_line    0x0000000000000e7d       0x7d ../hw6dram_bsp/\libhal_bsp.a(alt_icache_flush.o)

.debug_frame    0x0000000000000000      0x42c
 *(.debug_frame)
 .debug_frame   0x0000000000000000       0xd0 obj/default/hello_world_small.o
 .debug_frame   0x00000000000000d0       0x50 c:/intelfpga_lite/17.1/nios2eds/bin/gnu/h-x86_64-mingw32/bin/../lib/gcc/nios2-elf/5.3.0\libgcc.a(lib2-divmod.o)
 .debug_frame   0x0000000000000120       0x50 ../hw6dram_bsp/\libhal_bsp.a(alt_iic.o)
 .debug_frame   0x0000000000000170       0x30 ../hw6dram_bsp/\libhal_bsp.a(alt_iic_isr_register.o)
 .debug_frame   0x00000000000001a0       0x34 ../hw6dram_bsp/\libhal_bsp.a(alt_irq_handler.o)
 .debug_frame   0x00000000000001d4       0x30 ../hw6dram_bsp/\libhal_bsp.a(alt_load.o)
 .debug_frame   0x0000000000000204       0x2c ../hw6dram_bsp/\libhal_bsp.a(alt_main.o)
 .debug_frame   0x0000000000000230       0x54 ../hw6dram_bsp/\libhal_bsp.a(alt_printf.o)
 .debug_frame   0x0000000000000284       0x30 ../hw6dram_bsp/\libhal_bsp.a(alt_putchar.o)
 .debug_frame   0x00000000000002b4       0x3c ../hw6dram_bsp/\libhal_bsp.a(alt_sys_init.o)
 .debug_frame   0x00000000000002f0       0x20 ../hw6dram_bsp/\libhal_bsp.a(altera_avalon_jtag_uart_write.o)
 .debug_frame   0x0000000000000310       0x4c ../hw6dram_bsp/\libhal_bsp.a(altera_avalon_timer_sc.o)
 .debug_frame   0x000000000000035c       0x20 ../hw6dram_bsp/\libhal_bsp.a(alt_dcache_flush_all.o)
 .debug_frame   0x000000000000037c       0x20 ../hw6dram_bsp/\libhal_bsp.a(alt_icache_flush_all.o)
 .debug_frame   0x000000000000039c       0x50 ../hw6dram_bsp/\libhal_bsp.a(alt_tick.o)
 .debug_frame   0x00000000000003ec       0x20 ../hw6dram_bsp/\libhal_bsp.a(altera_nios2_qsys_irq.o)
 .debug_frame   0x000000000000040c       0x20 ../hw6dram_bsp/\libhal_bsp.a(alt_icache_flush.o)

.debug_str      0x0000000000000000      0x9c0
 *(.debug_str)
 .debug_str     0x0000000000000000      0x1c2 obj/default/hello_world_small.o
                                        0x20e (size before relaxing)
 .debug_str     0x00000000000001c2      0x16d c:/intelfpga_lite/17.1/nios2eds/bin/gnu/h-x86_64-mingw32/bin/../lib/gcc/nios2-elf/5.3.0\libgcc.a(lib2-divmod.o)
                                        0x1b8 (size before relaxing)
 .debug_str     0x000000000000032f      0x132 ../hw6dram_bsp/\libhal_bsp.a(alt_iic.o)
                                        0x246 (size before relaxing)
 .debug_str     0x0000000000000461       0x37 ../hw6dram_bsp/\libhal_bsp.a(alt_iic_isr_register.o)
                                        0x212 (size before relaxing)
 .debug_str     0x0000000000000498       0x3f ../hw6dram_bsp/\libhal_bsp.a(alt_irq_handler.o)
                                        0x19c (size before relaxing)
 .debug_str     0x00000000000004d7       0x17 ../hw6dram_bsp/\libhal_bsp.a(alt_irq_vars.o)
                                        0x12d (size before relaxing)
 .debug_str     0x00000000000004ee      0x113 ../hw6dram_bsp/\libhal_bsp.a(alt_load.o)
                                        0x241 (size before relaxing)
 .debug_str     0x0000000000000601       0x8f ../hw6dram_bsp/\libhal_bsp.a(alt_main.o)
                                        0x1ba (size before relaxing)
 .debug_str     0x0000000000000690       0x59 ../hw6dram_bsp/\libhal_bsp.a(alt_printf.o)
                                        0x10b (size before relaxing)
 .debug_str     0x00000000000006e9       0x60 ../hw6dram_bsp/\libhal_bsp.a(alt_putchar.o)
                                        0x192 (size before relaxing)
 .debug_str     0x0000000000000749       0xd2 ../hw6dram_bsp/\libhal_bsp.a(alt_sys_init.o)
                                        0x27c (size before relaxing)
 .debug_str     0x000000000000081b       0x32 ../hw6dram_bsp/\libhal_bsp.a(altera_avalon_jtag_uart_write.o)
                                        0x21a (size before relaxing)
 .debug_str     0x000000000000084d       0x6f ../hw6dram_bsp/\libhal_bsp.a(altera_avalon_timer_sc.o)
                                        0x26d (size before relaxing)
 .debug_str     0x00000000000008bc       0x1f ../hw6dram_bsp/\libhal_bsp.a(alt_dcache_flush_all.o)
                                        0x15a (size before relaxing)
 .debug_str     0x00000000000008db       0x30 ../hw6dram_bsp/\libhal_bsp.a(alt_icache_flush_all.o)
                                        0x16b (size before relaxing)
 .debug_str     0x000000000000090b       0x7a ../hw6dram_bsp/\libhal_bsp.a(alt_tick.o)
                                        0x257 (size before relaxing)
 .debug_str     0x0000000000000985       0x20 ../hw6dram_bsp/\libhal_bsp.a(altera_nios2_qsys_irq.o)
                                        0x161 (size before relaxing)
 .debug_str     0x00000000000009a5       0x1b ../hw6dram_bsp/\libhal_bsp.a(alt_icache_flush.o)
                                        0x160 (size before relaxing)

.debug_loc      0x0000000000000000      0xf5b
 *(.debug_loc)
 .debug_loc     0x0000000000000000      0x290 obj/default/hello_world_small.o
 .debug_loc     0x0000000000000290      0x4ce c:/intelfpga_lite/17.1/nios2eds/bin/gnu/h-x86_64-mingw32/bin/../lib/gcc/nios2-elf/5.3.0\libgcc.a(lib2-divmod.o)
 .debug_loc     0x000000000000075e      0x170 ../hw6dram_bsp/\libhal_bsp.a(alt_iic.o)
 .debug_loc     0x00000000000008ce      0x193 ../hw6dram_bsp/\libhal_bsp.a(alt_iic_isr_register.o)
 .debug_loc     0x0000000000000a61       0x72 ../hw6dram_bsp/\libhal_bsp.a(alt_irq_handler.o)
 .debug_loc     0x0000000000000ad3      0x1de ../hw6dram_bsp/\libhal_bsp.a(alt_printf.o)
 .debug_loc     0x0000000000000cb1       0x2c ../hw6dram_bsp/\libhal_bsp.a(alt_putchar.o)
 .debug_loc     0x0000000000000cdd       0x21 ../hw6dram_bsp/\libhal_bsp.a(alt_sys_init.o)
 .debug_loc     0x0000000000000cfe       0x8b ../hw6dram_bsp/\libhal_bsp.a(altera_avalon_jtag_uart_write.o)
 .debug_loc     0x0000000000000d89       0xec ../hw6dram_bsp/\libhal_bsp.a(altera_avalon_timer_sc.o)
 .debug_loc     0x0000000000000e75       0x1f ../hw6dram_bsp/\libhal_bsp.a(alt_dcache_flush_all.o)
 .debug_loc     0x0000000000000e94       0x75 ../hw6dram_bsp/\libhal_bsp.a(alt_tick.o)
 .debug_loc     0x0000000000000f09       0x52 ../hw6dram_bsp/\libhal_bsp.a(alt_icache_flush.o)

.debug_macinfo
 *(.debug_macinfo)

.debug_weaknames
 *(.debug_weaknames)

.debug_funcnames
 *(.debug_funcnames)

.debug_typenames
 *(.debug_typenames)

.debug_varnames
 *(.debug_varnames)

.debug_alt_sim_info
                0x0000000000000000       0x30
 *(.debug_alt_sim_info)
 .debug_alt_sim_info
                0x0000000000000000       0x30 ../hw6dram_bsp//obj/HAL/src/crt0.o
                0x000000000ffff800                __alt_data_end = 0xffff800
                0x000000000ffff800                PROVIDE (__alt_stack_pointer, __alt_data_end)
                [!provide]                        PROVIDE (__alt_stack_limit, __alt_stack_base)
                0x0000000010000000                PROVIDE (__alt_exception_stack_pointer, 0x10000000)
                [!provide]                        PROVIDE (__alt_exception_stack_limit, 0xffffc00)
                [!provide]                        PROVIDE (__alt_interrupt_stack_pointer, 0xffffc00)
                [!provide]                        PROVIDE (__alt_interrupt_stack_limit, 0xffff800)
                [!provide]                        PROVIDE (__alt_heap_start, end)
                [!provide]                        PROVIDE (__alt_heap_limit, 0xffff800)
OUTPUT(hw6dram.elf elf32-littlenios2)

.debug_ranges   0x0000000000000000      0x1a8
 .debug_ranges  0x0000000000000000       0x20 ../hw6dram_bsp//obj/HAL/src/crt0.o
 .debug_ranges  0x0000000000000020       0x38 obj/default/hello_world_small.o
 .debug_ranges  0x0000000000000058       0x60 c:/intelfpga_lite/17.1/nios2eds/bin/gnu/h-x86_64-mingw32/bin/../lib/gcc/nios2-elf/5.3.0\libgcc.a(lib2-divmod.o)
 .debug_ranges  0x00000000000000b8       0x28 ../hw6dram_bsp/\libhal_bsp.a(alt_irq_entry.o)
 .debug_ranges  0x00000000000000e0       0x10 ../hw6dram_bsp/\libhal_bsp.a(alt_irq_handler.o)
 .debug_ranges  0x00000000000000f0       0x48 ../hw6dram_bsp/\libhal_bsp.a(alt_load.o)
 .debug_ranges  0x0000000000000138       0x18 ../hw6dram_bsp/\libhal_bsp.a(alt_printf.o)
 .debug_ranges  0x0000000000000150       0x18 ../hw6dram_bsp/\libhal_bsp.a(altera_avalon_timer_sc.o)
 .debug_ranges  0x0000000000000168       0x30 ../hw6dram_bsp/\libhal_bsp.a(alt_exception_entry.o)
 .debug_ranges  0x0000000000000198       0x10 ../hw6dram_bsp/\libhal_bsp.a(alt_icache_flush.o)
