Archive member included to satisfy reference by file (symbol)

../project_bsp/\libhal_bsp.a(alt_load.o)
                              ../project_bsp//obj/HAL/src/crt0.o (alt_load)
../project_bsp/\libhal_bsp.a(alt_main.o)
                              ../project_bsp//obj/HAL/src/crt0.o (alt_main)
../project_bsp/\libhal_bsp.a(alt_sys_init.o)
                              ../project_bsp/\libhal_bsp.a(alt_main.o) (alt_irq_init)
../project_bsp/\libhal_bsp.a(altera_avalon_jtag_uart_fd.o)
                              ../project_bsp/\libhal_bsp.a(alt_sys_init.o) (altera_avalon_jtag_uart_read_fd)
../project_bsp/\libhal_bsp.a(altera_avalon_jtag_uart_init.o)
                              ../project_bsp/\libhal_bsp.a(alt_sys_init.o) (altera_avalon_jtag_uart_init)
../project_bsp/\libhal_bsp.a(altera_avalon_jtag_uart_ioctl.o)
                              ../project_bsp/\libhal_bsp.a(altera_avalon_jtag_uart_fd.o) (altera_avalon_jtag_uart_ioctl)
../project_bsp/\libhal_bsp.a(altera_avalon_jtag_uart_read.o)
                              ../project_bsp/\libhal_bsp.a(altera_avalon_jtag_uart_fd.o) (altera_avalon_jtag_uart_read)
../project_bsp/\libhal_bsp.a(altera_avalon_jtag_uart_write.o)
                              ../project_bsp/\libhal_bsp.a(altera_avalon_jtag_uart_fd.o) (altera_avalon_jtag_uart_write)
../project_bsp/\libhal_bsp.a(altera_avalon_timer_sc.o)
                              ../project_bsp/\libhal_bsp.a(alt_sys_init.o) (alt_avalon_timer_sc_init)
../project_bsp/\libhal_bsp.a(altera_up_avalon_rs232.o)
                              ../project_bsp/\libhal_bsp.a(alt_sys_init.o) (alt_up_rs232_read_fd)
../project_bsp/\libhal_bsp.a(alt_alarm_start.o)
                              ../project_bsp/\libhal_bsp.a(altera_avalon_jtag_uart_init.o) (alt_alarm_start)
../project_bsp/\libhal_bsp.a(alt_close.o)
                              ../project_bsp/\libhal_bsp.a(alt_main.o) (close)
../project_bsp/\libhal_bsp.a(alt_dcache_flush_all.o)
                              ../project_bsp/\libhal_bsp.a(alt_load.o) (alt_dcache_flush_all)
../project_bsp/\libhal_bsp.a(alt_dev.o)
                              ../project_bsp/\libhal_bsp.a(alt_sys_init.o) (alt_dev_list)
../project_bsp/\libhal_bsp.a(alt_dev_llist_insert.o)
                              ../project_bsp/\libhal_bsp.a(alt_sys_init.o) (alt_dev_llist_insert)
../project_bsp/\libhal_bsp.a(alt_do_ctors.o)
                              ../project_bsp/\libhal_bsp.a(alt_main.o) (_do_ctors)
../project_bsp/\libhal_bsp.a(alt_do_dtors.o)
                              ../project_bsp/\libhal_bsp.a(alt_main.o) (_do_dtors)
../project_bsp/\libhal_bsp.a(alt_errno.o)
                              ../project_bsp/\libhal_bsp.a(alt_close.o) (alt_errno)
../project_bsp/\libhal_bsp.a(alt_find_dev.o)
                              ../project_bsp/\libhal_bsp.a(altera_up_avalon_rs232.o) (alt_find_dev)
../project_bsp/\libhal_bsp.a(alt_icache_flush_all.o)
                              ../project_bsp/\libhal_bsp.a(alt_load.o) (alt_icache_flush_all)
../project_bsp/\libhal_bsp.a(alt_io_redirect.o)
                              ../project_bsp/\libhal_bsp.a(alt_main.o) (alt_io_redirect)
../project_bsp/\libhal_bsp.a(alt_irq_register.o)
                              ../project_bsp/\libhal_bsp.a(altera_avalon_jtag_uart_init.o) (alt_irq_register)
../project_bsp/\libhal_bsp.a(alt_irq_vars.o)
                              ../project_bsp/\libhal_bsp.a(alt_irq_register.o) (alt_irq_active)
../project_bsp/\libhal_bsp.a(alt_open.o)
                              ../project_bsp/\libhal_bsp.a(alt_io_redirect.o) (open)
../project_bsp/\libhal_bsp.a(alt_release_fd.o)
                              ../project_bsp/\libhal_bsp.a(alt_close.o) (alt_release_fd)
../project_bsp/\libhal_bsp.a(alt_tick.o)
                              ../project_bsp/\libhal_bsp.a(altera_avalon_jtag_uart_init.o) (_alt_tick_rate)
../project_bsp/\libhal_bsp.a(altera_nios2_qsys_irq.o)
                              ../project_bsp/\libhal_bsp.a(alt_sys_init.o) (altera_nios2_qsys_irq_init)
../project_bsp/\libhal_bsp.a(alt_find_file.o)
                              ../project_bsp/\libhal_bsp.a(alt_open.o) (alt_find_file)
../project_bsp/\libhal_bsp.a(alt_get_fd.o)
                              ../project_bsp/\libhal_bsp.a(alt_open.o) (alt_get_fd)
../project_bsp/\libhal_bsp.a(alt_icache_flush.o)
                              ../project_bsp/\libhal_bsp.a(alt_icache_flush_all.o) (alt_icache_flush)
../project_bsp/\libhal_bsp.a(alt_irq_entry.o)
                              ../project_bsp/\libhal_bsp.a(alt_irq_register.o) (alt_irq_entry)
../project_bsp/\libhal_bsp.a(alt_irq_handler.o)
                              ../project_bsp/\libhal_bsp.a(alt_irq_register.o) (alt_irq)
../project_bsp/\libhal_bsp.a(alt_exception_entry.o)
                              ../project_bsp/\libhal_bsp.a(alt_irq_entry.o) (alt_exception)
c:/intelfpga_lite/17.1/nios2eds/bin/gnu/h-x86_64-mingw32/bin/../lib/gcc/nios2-elf/5.3.0/../../../../../H-x86_64-mingw32/nios2-elf/lib\libsmallc.a(lib_a-atexit.o)
                              ../project_bsp/\libhal_bsp.a(alt_main.o) (atexit)
c:/intelfpga_lite/17.1/nios2eds/bin/gnu/h-x86_64-mingw32/bin/../lib/gcc/nios2-elf/5.3.0/../../../../../H-x86_64-mingw32/nios2-elf/lib\libsmallc.a(lib_a-exit.o)
                              ../project_bsp/\libhal_bsp.a(alt_main.o) (exit)
c:/intelfpga_lite/17.1/nios2eds/bin/gnu/h-x86_64-mingw32/bin/../lib/gcc/nios2-elf/5.3.0/../../../../../H-x86_64-mingw32/nios2-elf/lib\libsmallc.a(lib_a-int_errno.o)
                              ../project_bsp/\libhal_bsp.a(alt_close.o) (errno)
c:/intelfpga_lite/17.1/nios2eds/bin/gnu/h-x86_64-mingw32/bin/../lib/gcc/nios2-elf/5.3.0/../../../../../H-x86_64-mingw32/nios2-elf/lib\libsmallc.a(lib_a-memcmp.o)
                              ../project_bsp/\libhal_bsp.a(alt_find_dev.o) (memcmp)
c:/intelfpga_lite/17.1/nios2eds/bin/gnu/h-x86_64-mingw32/bin/../lib/gcc/nios2-elf/5.3.0/../../../../../H-x86_64-mingw32/nios2-elf/lib\libsmallc.a(lib_a-memcpy.o)
                              ../project_bsp/\libhal_bsp.a(altera_avalon_jtag_uart_read.o) (memcpy)
c:/intelfpga_lite/17.1/nios2eds/bin/gnu/h-x86_64-mingw32/bin/../lib/gcc/nios2-elf/5.3.0/../../../../../H-x86_64-mingw32/nios2-elf/lib\libsmallc.a(lib_a-strlen.o)
                              ../project_bsp/\libhal_bsp.a(alt_find_dev.o) (strlen)
c:/intelfpga_lite/17.1/nios2eds/bin/gnu/h-x86_64-mingw32/bin/../lib/gcc/nios2-elf/5.3.0/../../../../../H-x86_64-mingw32/nios2-elf/lib\libsmallc.a(lib_a-__atexit.o)
                              c:/intelfpga_lite/17.1/nios2eds/bin/gnu/h-x86_64-mingw32/bin/../lib/gcc/nios2-elf/5.3.0/../../../../../H-x86_64-mingw32/nios2-elf/lib\libsmallc.a(lib_a-atexit.o) (__register_exitproc)
c:/intelfpga_lite/17.1/nios2eds/bin/gnu/h-x86_64-mingw32/bin/../lib/gcc/nios2-elf/5.3.0/../../../../../H-x86_64-mingw32/nios2-elf/lib\libsmallc.a(lib_a-__call_atexit.o)
                              c:/intelfpga_lite/17.1/nios2eds/bin/gnu/h-x86_64-mingw32/bin/../lib/gcc/nios2-elf/5.3.0/../../../../../H-x86_64-mingw32/nios2-elf/lib\libsmallc.a(lib_a-exit.o) (__call_exitprocs)
c:/intelfpga_lite/17.1/nios2eds/bin/gnu/h-x86_64-mingw32/bin/../lib/gcc/nios2-elf/5.3.0/../../../../../H-x86_64-mingw32/nios2-elf/lib\libsmallc.a(lib_a-impure.o)
                              c:/intelfpga_lite/17.1/nios2eds/bin/gnu/h-x86_64-mingw32/bin/../lib/gcc/nios2-elf/5.3.0/../../../../../H-x86_64-mingw32/nios2-elf/lib\libsmallc.a(lib_a-__atexit.o) (_global_impure_ptr)
../project_bsp/\libhal_bsp.a(alt_exit.o)
                              c:/intelfpga_lite/17.1/nios2eds/bin/gnu/h-x86_64-mingw32/bin/../lib/gcc/nios2-elf/5.3.0/../../../../../H-x86_64-mingw32/nios2-elf/lib\libsmallc.a(lib_a-exit.o) (_exit)

Allocating common symbols
Common symbol       size              file

alt_irq             0x100             ../project_bsp/\libhal_bsp.a(alt_irq_handler.o)
errno               0x4               c:/intelfpga_lite/17.1/nios2eds/bin/gnu/h-x86_64-mingw32/bin/../lib/gcc/nios2-elf/5.3.0/../../../../../H-x86_64-mingw32/nios2-elf/lib\libsmallc.a(lib_a-int_errno.o)

Memory Configuration

Name             Origin             Length             Attributes
onchip_memory2_0 0x0000000000000000 0x0000000000001000
reset            0x0000000008000000 0x0000000000000020
sdram            0x0000000008000020 0x0000000007fff7e0
interrupt_stack  0x000000000ffff800 0x0000000000000400
exception_stack  0x000000000ffffc00 0x0000000000000400
*default*        0x0000000000000000 0xffffffffffffffff

Linker script and memory map

LOAD ../project_bsp//obj/HAL/src/crt0.o
LOAD c:/intelfpga_lite/17.1/nios2eds/bin/gnu/h-x86_64-mingw32/bin/../lib/gcc/nios2-elf/5.3.0/../../../../../H-x86_64-mingw32/nios2-elf/lib\libstdc++.a
LOAD c:/intelfpga_lite/17.1/nios2eds/bin/gnu/h-x86_64-mingw32/bin/../lib/gcc/nios2-elf/5.3.0/../../../../../H-x86_64-mingw32/nios2-elf/lib\libm.a
LOAD c:/intelfpga_lite/17.1/nios2eds/bin/gnu/h-x86_64-mingw32/bin/../lib/gcc/nios2-elf/5.3.0\libgcc.a
START GROUP
LOAD c:/intelfpga_lite/17.1/nios2eds/bin/gnu/h-x86_64-mingw32/bin/../lib/gcc/nios2-elf/5.3.0/../../../../../H-x86_64-mingw32/nios2-elf/lib\libsmallc.a
LOAD c:/intelfpga_lite/17.1/nios2eds/bin/gnu/h-x86_64-mingw32/bin/../lib/gcc/nios2-elf/5.3.0\libgcc.a
LOAD ../project_bsp/\libhal_bsp.a
LOAD c:/intelfpga_lite/17.1/nios2eds/bin/gnu/h-x86_64-mingw32/bin/../lib/gcc/nios2-elf/5.3.0/../../../../../H-x86_64-mingw32/nios2-elf/lib\libm.a
END GROUP
LOAD c:/intelfpga_lite/17.1/nios2eds/bin/gnu/h-x86_64-mingw32/bin/../lib/gcc/nios2-elf/5.3.0\libgcc.a
                0x0000000000000000                __alt_mem_onchip_memory2_0 = 0x0
                0x0000000008000000                __alt_mem_sdram = 0x8000000

.entry          0x0000000008000000       0x20
 *(.entry)
 .entry         0x0000000008000000       0x20 ../project_bsp//obj/HAL/src/crt0.o
                0x0000000008000000                __reset

.exceptions     0x0000000008000020      0x1b0
                0x0000000008000020                PROVIDE (__ram_exceptions_start, ABSOLUTE (.))
                0x0000000008000020                . = ALIGN (0x20)
 *(.irq)
 *(.exceptions.entry.label)
 .exceptions.entry.label
                0x0000000008000020        0x0 ../project_bsp/\libhal_bsp.a(alt_irq_entry.o)
                0x0000000008000020                alt_irq_entry
 .exceptions.entry.label
                0x0000000008000020        0x0 ../project_bsp/\libhal_bsp.a(alt_exception_entry.o)
                0x0000000008000020                alt_exception
 *(.exceptions.entry.user)
 *(.exceptions.entry.ecc_fatal)
 *(.exceptions.entry)
 .exceptions.entry
                0x0000000008000020       0x60 ../project_bsp/\libhal_bsp.a(alt_exception_entry.o)
 *(.exceptions.irqtest.user)
 *(.exceptions.irqtest)
 .exceptions.irqtest
                0x0000000008000080       0x10 ../project_bsp/\libhal_bsp.a(alt_irq_entry.o)
 *(.exceptions.irqhandler.user)
 *(.exceptions.irqhandler)
 .exceptions.irqhandler
                0x0000000008000090        0x4 ../project_bsp/\libhal_bsp.a(alt_irq_entry.o)
 *(.exceptions.irqreturn.user)
 *(.exceptions.irqreturn)
 .exceptions.irqreturn
                0x0000000008000094        0x4 ../project_bsp/\libhal_bsp.a(alt_irq_entry.o)
 *(.exceptions.notirq.label)
 .exceptions.notirq.label
                0x0000000008000098        0x0 ../project_bsp/\libhal_bsp.a(alt_irq_entry.o)
 *(.exceptions.notirq.user)
 *(.exceptions.notirq)
 .exceptions.notirq
                0x0000000008000098        0x8 ../project_bsp/\libhal_bsp.a(alt_exception_entry.o)
 *(.exceptions.soft.user)
 *(.exceptions.soft)
 *(.exceptions.unknown.user)
 *(.exceptions.unknown)
 .exceptions.unknown
                0x00000000080000a0        0x4 ../project_bsp/\libhal_bsp.a(alt_exception_entry.o)
 *(.exceptions.exit.label)
 .exceptions.exit.label
                0x00000000080000a4        0x0 ../project_bsp/\libhal_bsp.a(alt_irq_entry.o)
 .exceptions.exit.label
                0x00000000080000a4        0x0 ../project_bsp/\libhal_bsp.a(alt_exception_entry.o)
 *(.exceptions.exit.user)
 *(.exceptions.exit)
 .exceptions.exit
                0x00000000080000a4       0x54 ../project_bsp/\libhal_bsp.a(alt_exception_entry.o)
 *(.exceptions)
 .exceptions    0x00000000080000f8       0xd8 ../project_bsp/\libhal_bsp.a(alt_irq_handler.o)
                0x00000000080000f8                alt_irq_handler
                0x00000000080001d0                PROVIDE (__ram_exceptions_end, ABSOLUTE (.))
                0x0000000008000020                PROVIDE (__flash_exceptions_start, LOADADDR (.exceptions))

.text           0x00000000080001d0     0x23bc
                [!provide]                        PROVIDE (stext, ABSOLUTE (.))
 *(.interp)
 *(.hash)
 *(.dynsym)
 *(.dynstr)
 *(.gnu.version)
 *(.gnu.version_d)
 *(.gnu.version_r)
 *(.rel.init)
 *(.rela.init)
 *(.rel.text .rel.text.* .rel.gnu.linkonce.t.*)
 *(.rela.text .rela.text.* .rela.gnu.linkonce.t.*)
 *(.rel.fini)
 *(.rela.fini)
 *(.rel.rodata .rel.rodata.* .rel.gnu.linkonce.r.*)
 *(.rela.rodata .rela.rodata.* .rela.gnu.linkonce.r.*)
 *(.rel.data .rel.data.* .rel.gnu.linkonce.d.*)
 *(.rela.data .rela.data.* .rela.gnu.linkonce.d.*)
 *(.rel.tdata .rel.tdata.* .rel.gnu.linkonce.td.*)
 *(.rela.tdata .rela.tdata.* .rela.gnu.linkonce.td.*)
 *(.rel.tbss .rel.tbss.* .rel.gnu.linkonce.tb.*)
 *(.rela.tbss .rela.tbss.* .rela.gnu.linkonce.tb.*)
 *(.rel.ctors)
 *(.rela.ctors)
 *(.rel.dtors)
 *(.rela.dtors)
 *(.rel.got)
 *(.rela.got)
 *(.rel.sdata .rel.sdata.* .rel.gnu.linkonce.s.*)
 *(.rela.sdata .rela.sdata.* .rela.gnu.linkonce.s.*)
 *(.rel.sbss .rel.sbss.* .rel.gnu.linkonce.sb.*)
 *(.rela.sbss .rela.sbss.* .rela.gnu.linkonce.sb.*)
 *(.rel.sdata2 .rel.sdata2.* .rel.gnu.linkonce.s2.*)
 *(.rela.sdata2 .rela.sdata2.* .rela.gnu.linkonce.s2.*)
 *(.rel.sbss2 .rel.sbss2.* .rel.gnu.linkonce.sb2.*)
 *(.rela.sbss2 .rela.sbss2.* .rela.gnu.linkonce.sb2.*)
 *(.rel.bss .rel.bss.* .rel.gnu.linkonce.b.*)
 *(.rela.bss .rela.bss.* .rela.gnu.linkonce.b.*)
 *(.rel.plt)
 *(.rela.plt)
 *(.rel.dyn)
 *(.init)
 *(.plt)
 *(.text .stub .text.* .gnu.linkonce.t.*)
 .text          0x00000000080001d0       0x4c ../project_bsp//obj/HAL/src/crt0.o
                0x00000000080001d0                _start
 .text          0x000000000800021c       0xec ../project_bsp/\libhal_bsp.a(alt_load.o)
                0x0000000008000284                alt_load
 .text          0x0000000008000308       0x7c ../project_bsp/\libhal_bsp.a(alt_main.o)
                0x0000000008000308                alt_main
 .text          0x0000000008000384       0xd8 ../project_bsp/\libhal_bsp.a(alt_sys_init.o)
                0x00000000080003b8                alt_irq_init
                0x00000000080003f0                alt_sys_init
 .text          0x000000000800045c      0x164 ../project_bsp/\libhal_bsp.a(altera_avalon_jtag_uart_fd.o)
                0x000000000800045c                altera_avalon_jtag_uart_read_fd
                0x00000000080004bc                altera_avalon_jtag_uart_write_fd
                0x000000000800051c                altera_avalon_jtag_uart_close_fd
                0x000000000800056c                altera_avalon_jtag_uart_ioctl_fd
 .text          0x00000000080005c0      0x3cc ../project_bsp/\libhal_bsp.a(altera_avalon_jtag_uart_init.o)
                0x00000000080005c0                altera_avalon_jtag_uart_init
                0x0000000008000924                altera_avalon_jtag_uart_close
 .text          0x000000000800098c       0xf0 ../project_bsp/\libhal_bsp.a(altera_avalon_jtag_uart_ioctl.o)
                0x000000000800098c                altera_avalon_jtag_uart_ioctl
 .text          0x0000000008000a7c      0x21c ../project_bsp/\libhal_bsp.a(altera_avalon_jtag_uart_read.o)
                0x0000000008000a7c                altera_avalon_jtag_uart_read
 .text          0x0000000008000c98      0x224 ../project_bsp/\libhal_bsp.a(altera_avalon_jtag_uart_write.o)
                0x0000000008000c98                altera_avalon_jtag_uart_write
 .text          0x0000000008000ebc       0xf0 ../project_bsp/\libhal_bsp.a(altera_avalon_timer_sc.o)
                0x0000000008000f38                alt_avalon_timer_sc_init
 .text          0x0000000008000fac      0x390 ../project_bsp/\libhal_bsp.a(altera_up_avalon_rs232.o)
                0x0000000008000fac                alt_up_rs232_enable_read_interrupt
                0x0000000008001008                alt_up_rs232_disable_read_interrupt
                0x0000000008001068                alt_up_rs232_get_used_space_in_read_FIFO
                0x00000000080010a8                alt_up_rs232_get_available_space_in_write_FIFO
                0x00000000080010e4                alt_up_rs232_check_parity
                0x0000000008001128                alt_up_rs232_write_data
                0x0000000008001168                alt_up_rs232_read_data
                0x00000000080011dc                alt_up_rs232_read_fd
                0x000000000800126c                alt_up_rs232_write_fd
                0x0000000008001300                alt_up_rs232_open_dev
 .text          0x000000000800133c      0x12c ../project_bsp/\libhal_bsp.a(alt_alarm_start.o)
                0x000000000800133c                alt_alarm_start
 .text          0x0000000008001468      0x10c ../project_bsp/\libhal_bsp.a(alt_close.o)
                0x00000000080014a4                close
 .text          0x0000000008001574       0x48 ../project_bsp/\libhal_bsp.a(alt_dcache_flush_all.o)
                0x0000000008001574                alt_dcache_flush_all
 .text          0x00000000080015bc       0x2c ../project_bsp/\libhal_bsp.a(alt_dev.o)
 .text          0x00000000080015e8       0xe0 ../project_bsp/\libhal_bsp.a(alt_dev_llist_insert.o)
                0x0000000008001624                alt_dev_llist_insert
 .text          0x00000000080016c8       0x60 ../project_bsp/\libhal_bsp.a(alt_do_ctors.o)
                0x00000000080016c8                _do_ctors
 .text          0x0000000008001728       0x60 ../project_bsp/\libhal_bsp.a(alt_do_dtors.o)
                0x0000000008001728                _do_dtors
 .text          0x0000000008001788        0x0 ../project_bsp/\libhal_bsp.a(alt_errno.o)
 .text          0x0000000008001788       0x90 ../project_bsp/\libhal_bsp.a(alt_find_dev.o)
                0x0000000008001788                alt_find_dev
 .text          0x0000000008001818       0x34 ../project_bsp/\libhal_bsp.a(alt_icache_flush_all.o)
                0x0000000008001818                alt_icache_flush_all
 .text          0x000000000800184c      0x140 ../project_bsp/\libhal_bsp.a(alt_io_redirect.o)
                0x0000000008001910                alt_io_redirect
 .text          0x000000000800198c      0x180 ../project_bsp/\libhal_bsp.a(alt_irq_register.o)
                0x000000000800198c                alt_irq_register
 .text          0x0000000008001b0c        0x0 ../project_bsp/\libhal_bsp.a(alt_irq_vars.o)
 .text          0x0000000008001b0c      0x254 ../project_bsp/\libhal_bsp.a(alt_open.o)
                0x0000000008001c0c                open
 .text          0x0000000008001d60       0x64 ../project_bsp/\libhal_bsp.a(alt_release_fd.o)
                0x0000000008001d60                alt_release_fd
 .text          0x0000000008001dc4      0x1a4 ../project_bsp/\libhal_bsp.a(alt_tick.o)
                0x0000000008001dc4                alt_alarm_stop
                0x0000000008001e60                alt_tick
 .text          0x0000000008001f68       0x24 ../project_bsp/\libhal_bsp.a(altera_nios2_qsys_irq.o)
                0x0000000008001f68                altera_nios2_qsys_irq_init
 .text          0x0000000008001f8c      0x108 ../project_bsp/\libhal_bsp.a(alt_find_file.o)
                0x0000000008001f8c                alt_find_file
 .text          0x0000000008002094       0xa4 ../project_bsp/\libhal_bsp.a(alt_get_fd.o)
                0x0000000008002094                alt_get_fd
 .text          0x0000000008002138       0x90 ../project_bsp/\libhal_bsp.a(alt_icache_flush.o)
                0x0000000008002138                alt_icache_flush
 .text          0x00000000080021c8        0x0 ../project_bsp/\libhal_bsp.a(alt_irq_entry.o)
 .text          0x00000000080021c8        0x0 ../project_bsp/\libhal_bsp.a(alt_irq_handler.o)
 .text          0x00000000080021c8        0x0 ../project_bsp/\libhal_bsp.a(alt_exception_entry.o)
 .text          0x00000000080021c8        0x0 c:/intelfpga_lite/17.1/nios2eds/bin/gnu/h-x86_64-mingw32/bin/../lib/gcc/nios2-elf/5.3.0/../../../../../H-x86_64-mingw32/nios2-elf/lib\libsmallc.a(lib_a-atexit.o)
 .text.atexit   0x00000000080021c8       0x14 c:/intelfpga_lite/17.1/nios2eds/bin/gnu/h-x86_64-mingw32/bin/../lib/gcc/nios2-elf/5.3.0/../../../../../H-x86_64-mingw32/nios2-elf/lib\libsmallc.a(lib_a-atexit.o)
                0x00000000080021c8                atexit
 .text          0x00000000080021dc        0x0 c:/intelfpga_lite/17.1/nios2eds/bin/gnu/h-x86_64-mingw32/bin/../lib/gcc/nios2-elf/5.3.0/../../../../../H-x86_64-mingw32/nios2-elf/lib\libsmallc.a(lib_a-exit.o)
 .text.exit     0x00000000080021dc       0x20 c:/intelfpga_lite/17.1/nios2eds/bin/gnu/h-x86_64-mingw32/bin/../lib/gcc/nios2-elf/5.3.0/../../../../../H-x86_64-mingw32/nios2-elf/lib\libsmallc.a(lib_a-exit.o)
                0x00000000080021dc                exit
 .text          0x00000000080021fc        0x0 c:/intelfpga_lite/17.1/nios2eds/bin/gnu/h-x86_64-mingw32/bin/../lib/gcc/nios2-elf/5.3.0/../../../../../H-x86_64-mingw32/nios2-elf/lib\libsmallc.a(lib_a-int_errno.o)
 .text          0x00000000080021fc        0x0 c:/intelfpga_lite/17.1/nios2eds/bin/gnu/h-x86_64-mingw32/bin/../lib/gcc/nios2-elf/5.3.0/../../../../../H-x86_64-mingw32/nios2-elf/lib\libsmallc.a(lib_a-memcmp.o)
 .text.memcmp   0x00000000080021fc       0x30 c:/intelfpga_lite/17.1/nios2eds/bin/gnu/h-x86_64-mingw32/bin/../lib/gcc/nios2-elf/5.3.0/../../../../../H-x86_64-mingw32/nios2-elf/lib\libsmallc.a(lib_a-memcmp.o)
                0x00000000080021fc                memcmp
 .text          0x000000000800222c        0x0 c:/intelfpga_lite/17.1/nios2eds/bin/gnu/h-x86_64-mingw32/bin/../lib/gcc/nios2-elf/5.3.0/../../../../../H-x86_64-mingw32/nios2-elf/lib\libsmallc.a(lib_a-memcpy.o)
 .text.memcpy   0x000000000800222c       0x28 c:/intelfpga_lite/17.1/nios2eds/bin/gnu/h-x86_64-mingw32/bin/../lib/gcc/nios2-elf/5.3.0/../../../../../H-x86_64-mingw32/nios2-elf/lib\libsmallc.a(lib_a-memcpy.o)
                0x000000000800222c                memcpy
 .text          0x0000000008002254        0x0 c:/intelfpga_lite/17.1/nios2eds/bin/gnu/h-x86_64-mingw32/bin/../lib/gcc/nios2-elf/5.3.0/../../../../../H-x86_64-mingw32/nios2-elf/lib\libsmallc.a(lib_a-strlen.o)
 .text.strlen   0x0000000008002254       0x1c c:/intelfpga_lite/17.1/nios2eds/bin/gnu/h-x86_64-mingw32/bin/../lib/gcc/nios2-elf/5.3.0/../../../../../H-x86_64-mingw32/nios2-elf/lib\libsmallc.a(lib_a-strlen.o)
                0x0000000008002254                strlen
 .text          0x0000000008002270        0x0 c:/intelfpga_lite/17.1/nios2eds/bin/gnu/h-x86_64-mingw32/bin/../lib/gcc/nios2-elf/5.3.0/../../../../../H-x86_64-mingw32/nios2-elf/lib\libsmallc.a(lib_a-__atexit.o)
 .text.__register_exitproc
                0x0000000008002270      0x158 c:/intelfpga_lite/17.1/nios2eds/bin/gnu/h-x86_64-mingw32/bin/../lib/gcc/nios2-elf/5.3.0/../../../../../H-x86_64-mingw32/nios2-elf/lib\libsmallc.a(lib_a-__atexit.o)
                0x0000000008002270                __register_exitproc
 .text          0x00000000080023c8        0x0 c:/intelfpga_lite/17.1/nios2eds/bin/gnu/h-x86_64-mingw32/bin/../lib/gcc/nios2-elf/5.3.0/../../../../../H-x86_64-mingw32/nios2-elf/lib\libsmallc.a(lib_a-__call_atexit.o)
 .text.__call_exitprocs
                0x00000000080023c8      0x190 c:/intelfpga_lite/17.1/nios2eds/bin/gnu/h-x86_64-mingw32/bin/../lib/gcc/nios2-elf/5.3.0/../../../../../H-x86_64-mingw32/nios2-elf/lib\libsmallc.a(lib_a-__call_atexit.o)
                0x00000000080023c8                __call_exitprocs
 .text          0x0000000008002558        0x0 c:/intelfpga_lite/17.1/nios2eds/bin/gnu/h-x86_64-mingw32/bin/../lib/gcc/nios2-elf/5.3.0/../../../../../H-x86_64-mingw32/nios2-elf/lib\libsmallc.a(lib_a-impure.o)
 .text          0x0000000008002558       0x34 ../project_bsp/\libhal_bsp.a(alt_exit.o)
                0x0000000008002558                _exit
 *(.gnu.warning.*)
 *(.fini)
                [!provide]                        PROVIDE (__etext, ABSOLUTE (.))
                [!provide]                        PROVIDE (_etext, ABSOLUTE (.))
                [!provide]                        PROVIDE (etext, ABSOLUTE (.))
 *(.eh_frame_hdr)
                0x000000000800258c                . = ALIGN (0x4)
                [!provide]                        PROVIDE (__preinit_array_start, ABSOLUTE (.))
 *(.preinit_array)
                [!provide]                        PROVIDE (__preinit_array_end, ABSOLUTE (.))
                [!provide]                        PROVIDE (__init_array_start, ABSOLUTE (.))
 *(.init_array)
                [!provide]                        PROVIDE (__init_array_end, ABSOLUTE (.))
                [!provide]                        PROVIDE (__fini_array_start, ABSOLUTE (.))
 *(.fini_array)
                [!provide]                        PROVIDE (__fini_array_end, ABSOLUTE (.))
 *(.eh_frame)
 *(.gcc_except_table .gcc_except_table.*)
 *(.dynamic)
                0x000000000800258c                PROVIDE (__CTOR_LIST__, ABSOLUTE (.))
 *(.ctors)
 *(SORT(.ctors.*))
                0x000000000800258c                PROVIDE (__CTOR_END__, ABSOLUTE (.))
                0x000000000800258c                PROVIDE (__DTOR_LIST__, ABSOLUTE (.))
 *(.dtors)
 *(SORT(.dtors.*))
                0x000000000800258c                PROVIDE (__DTOR_END__, ABSOLUTE (.))
 *(.jcr)
                0x000000000800258c                . = ALIGN (0x4)

.rodata         0x000000000800258c       0x40
                0x000000000800258c                PROVIDE (__ram_rodata_start, ABSOLUTE (.))
                0x000000000800258c                . = ALIGN (0x4)
 *(.rodata .rodata.* .gnu.linkonce.r.*)
 .rodata        0x000000000800258c       0x11 ../project_bsp/\libhal_bsp.a(alt_main.o)
 *fill*         0x000000000800259d        0x3 
 .rodata        0x00000000080025a0       0x1e ../project_bsp/\libhal_bsp.a(alt_sys_init.o)
 *fill*         0x00000000080025be        0x2 
 .rodata        0x00000000080025c0        0xa ../project_bsp/\libhal_bsp.a(alt_dev.o)
 *(.rodata1)
                0x00000000080025cc                . = ALIGN (0x4)
 *fill*         0x00000000080025ca        0x2 
                0x00000000080025cc                PROVIDE (__ram_rodata_end, ABSOLUTE (.))
                0x000000000800258c                PROVIDE (__flash_rodata_start, LOADADDR (.rodata))

.rwdata         0x00000000080025cc     0x133c load address 0x0000000008003908
                0x00000000080025cc                PROVIDE (__ram_rwdata_start, ABSOLUTE (.))
                0x00000000080025cc                . = ALIGN (0x4)
 *(.got.plt)
 *(.got)
 *(.data1)
 *(.data .data.* .gnu.linkonce.d.*)
 .data          0x00000000080025cc        0x0 ../project_bsp//obj/HAL/src/crt0.o
 .data          0x00000000080025cc        0x0 ../project_bsp/\libhal_bsp.a(alt_load.o)
 .data          0x00000000080025cc        0x0 ../project_bsp/\libhal_bsp.a(alt_main.o)
 .data          0x00000000080025cc     0x108c ../project_bsp/\libhal_bsp.a(alt_sys_init.o)
 .data          0x0000000008003658        0x0 ../project_bsp/\libhal_bsp.a(altera_avalon_jtag_uart_fd.o)
 .data          0x0000000008003658        0x0 ../project_bsp/\libhal_bsp.a(altera_avalon_jtag_uart_init.o)
 .data          0x0000000008003658        0x0 ../project_bsp/\libhal_bsp.a(altera_avalon_jtag_uart_ioctl.o)
 .data          0x0000000008003658        0x0 ../project_bsp/\libhal_bsp.a(altera_avalon_jtag_uart_read.o)
 .data          0x0000000008003658        0x0 ../project_bsp/\libhal_bsp.a(altera_avalon_jtag_uart_write.o)
 .data          0x0000000008003658        0x0 ../project_bsp/\libhal_bsp.a(altera_avalon_timer_sc.o)
 .data          0x0000000008003658        0x0 ../project_bsp/\libhal_bsp.a(altera_up_avalon_rs232.o)
 .data          0x0000000008003658        0x0 ../project_bsp/\libhal_bsp.a(alt_alarm_start.o)
 .data          0x0000000008003658        0x0 ../project_bsp/\libhal_bsp.a(alt_close.o)
 .data          0x0000000008003658        0x0 ../project_bsp/\libhal_bsp.a(alt_dcache_flush_all.o)
 .data          0x0000000008003658      0x1a8 ../project_bsp/\libhal_bsp.a(alt_dev.o)
                0x0000000008003658                alt_dev_null
                0x0000000008003680                alt_fd_list
 .data          0x0000000008003800        0x0 ../project_bsp/\libhal_bsp.a(alt_dev_llist_insert.o)
 .data          0x0000000008003800        0x0 ../project_bsp/\libhal_bsp.a(alt_do_ctors.o)
 .data          0x0000000008003800        0x0 ../project_bsp/\libhal_bsp.a(alt_do_dtors.o)
 .data          0x0000000008003800        0x0 ../project_bsp/\libhal_bsp.a(alt_errno.o)
 .data          0x0000000008003800        0x0 ../project_bsp/\libhal_bsp.a(alt_find_dev.o)
 .data          0x0000000008003800        0x0 ../project_bsp/\libhal_bsp.a(alt_icache_flush_all.o)
 .data          0x0000000008003800        0x0 ../project_bsp/\libhal_bsp.a(alt_io_redirect.o)
 .data          0x0000000008003800        0x0 ../project_bsp/\libhal_bsp.a(alt_irq_register.o)
 .data          0x0000000008003800        0x0 ../project_bsp/\libhal_bsp.a(alt_irq_vars.o)
 .data          0x0000000008003800        0x0 ../project_bsp/\libhal_bsp.a(alt_open.o)
 .data          0x0000000008003800        0x0 ../project_bsp/\libhal_bsp.a(alt_release_fd.o)
 .data          0x0000000008003800        0x0 ../project_bsp/\libhal_bsp.a(alt_tick.o)
 .data          0x0000000008003800        0x0 ../project_bsp/\libhal_bsp.a(altera_nios2_qsys_irq.o)
 .data          0x0000000008003800        0x0 ../project_bsp/\libhal_bsp.a(alt_find_file.o)
 .data          0x0000000008003800        0x0 ../project_bsp/\libhal_bsp.a(alt_get_fd.o)
 .data          0x0000000008003800        0x0 ../project_bsp/\libhal_bsp.a(alt_icache_flush.o)
 .data          0x0000000008003800        0x0 ../project_bsp/\libhal_bsp.a(alt_irq_entry.o)
 .data          0x0000000008003800        0x0 ../project_bsp/\libhal_bsp.a(alt_irq_handler.o)
 .data          0x0000000008003800        0x0 ../project_bsp/\libhal_bsp.a(alt_exception_entry.o)
 .data          0x0000000008003800        0x0 c:/intelfpga_lite/17.1/nios2eds/bin/gnu/h-x86_64-mingw32/bin/../lib/gcc/nios2-elf/5.3.0/../../../../../H-x86_64-mingw32/nios2-elf/lib\libsmallc.a(lib_a-atexit.o)
 .data          0x0000000008003800        0x0 c:/intelfpga_lite/17.1/nios2eds/bin/gnu/h-x86_64-mingw32/bin/../lib/gcc/nios2-elf/5.3.0/../../../../../H-x86_64-mingw32/nios2-elf/lib\libsmallc.a(lib_a-exit.o)
 .data          0x0000000008003800        0x0 c:/intelfpga_lite/17.1/nios2eds/bin/gnu/h-x86_64-mingw32/bin/../lib/gcc/nios2-elf/5.3.0/../../../../../H-x86_64-mingw32/nios2-elf/lib\libsmallc.a(lib_a-int_errno.o)
 .data          0x0000000008003800        0x0 c:/intelfpga_lite/17.1/nios2eds/bin/gnu/h-x86_64-mingw32/bin/../lib/gcc/nios2-elf/5.3.0/../../../../../H-x86_64-mingw32/nios2-elf/lib\libsmallc.a(lib_a-memcmp.o)
 .data          0x0000000008003800        0x0 c:/intelfpga_lite/17.1/nios2eds/bin/gnu/h-x86_64-mingw32/bin/../lib/gcc/nios2-elf/5.3.0/../../../../../H-x86_64-mingw32/nios2-elf/lib\libsmallc.a(lib_a-memcpy.o)
 .data          0x0000000008003800        0x0 c:/intelfpga_lite/17.1/nios2eds/bin/gnu/h-x86_64-mingw32/bin/../lib/gcc/nios2-elf/5.3.0/../../../../../H-x86_64-mingw32/nios2-elf/lib\libsmallc.a(lib_a-strlen.o)
 .data          0x0000000008003800        0x0 c:/intelfpga_lite/17.1/nios2eds/bin/gnu/h-x86_64-mingw32/bin/../lib/gcc/nios2-elf/5.3.0/../../../../../H-x86_64-mingw32/nios2-elf/lib\libsmallc.a(lib_a-__atexit.o)
 .data          0x0000000008003800        0x0 c:/intelfpga_lite/17.1/nios2eds/bin/gnu/h-x86_64-mingw32/bin/../lib/gcc/nios2-elf/5.3.0/../../../../../H-x86_64-mingw32/nios2-elf/lib\libsmallc.a(lib_a-__call_atexit.o)
 .data          0x0000000008003800        0x0 c:/intelfpga_lite/17.1/nios2eds/bin/gnu/h-x86_64-mingw32/bin/../lib/gcc/nios2-elf/5.3.0/../../../../../H-x86_64-mingw32/nios2-elf/lib\libsmallc.a(lib_a-impure.o)
 .data.impure_data
                0x0000000008003800       0xe0 c:/intelfpga_lite/17.1/nios2eds/bin/gnu/h-x86_64-mingw32/bin/../lib/gcc/nios2-elf/5.3.0/../../../../../H-x86_64-mingw32/nios2-elf/lib\libsmallc.a(lib_a-impure.o)
 .data          0x00000000080038e0        0x0 ../project_bsp/\libhal_bsp.a(alt_exit.o)
                0x000000000800b8e0                _gp = ABSOLUTE ((. + 0x8000))
                [!provide]                        PROVIDE (gp, _gp)
 *(.rwdata .rwdata.*)
 *(.sdata .sdata.* .gnu.linkonce.s.*)
 .sdata         0x00000000080038e0       0x14 ../project_bsp/\libhal_bsp.a(alt_dev.o)
                0x00000000080038e0                alt_fs_list
                0x00000000080038e8                alt_dev_list
                0x00000000080038f0                alt_max_fd
 .sdata         0x00000000080038f4        0x4 ../project_bsp/\libhal_bsp.a(alt_errno.o)
                0x00000000080038f4                alt_errno
 .sdata         0x00000000080038f8        0x8 ../project_bsp/\libhal_bsp.a(alt_tick.o)
                0x00000000080038f8                alt_alarm_list
 .sdata._global_impure_ptr
                0x0000000008003900        0x4 c:/intelfpga_lite/17.1/nios2eds/bin/gnu/h-x86_64-mingw32/bin/../lib/gcc/nios2-elf/5.3.0/../../../../../H-x86_64-mingw32/nios2-elf/lib\libsmallc.a(lib_a-impure.o)
                0x0000000008003900                _global_impure_ptr
 .sdata._impure_ptr
                0x0000000008003904        0x4 c:/intelfpga_lite/17.1/nios2eds/bin/gnu/h-x86_64-mingw32/bin/../lib/gcc/nios2-elf/5.3.0/../../../../../H-x86_64-mingw32/nios2-elf/lib\libsmallc.a(lib_a-impure.o)
                0x0000000008003904                _impure_ptr
 *(.sdata2 .sdata2.* .gnu.linkonce.s2.*)
                0x0000000008003908                . = ALIGN (0x4)
                0x0000000008003908                _edata = ABSOLUTE (.)
                [!provide]                        PROVIDE (edata, ABSOLUTE (.))
                0x0000000008003908                PROVIDE (__ram_rwdata_end, ABSOLUTE (.))
                0x0000000008003908                PROVIDE (__flash_rwdata_start, LOADADDR (.rwdata))

.bss            0x0000000008004c44      0x11c
                0x0000000008004c44                __bss_start = ABSOLUTE (.)
                [!provide]                        PROVIDE (__sbss_start, ABSOLUTE (.))
                [!provide]                        PROVIDE (___sbss_start, ABSOLUTE (.))
 *(.dynsbss)
 *(.sbss .sbss.* .gnu.linkonce.sb.*)
 .sbss          0x0000000008004c44        0xc ../project_bsp/\libhal_bsp.a(alt_main.o)
                0x0000000008004c44                alt_argc
                0x0000000008004c48                alt_argv
                0x0000000008004c4c                alt_envp
 .sbss          0x0000000008004c50        0x4 ../project_bsp/\libhal_bsp.a(alt_irq_vars.o)
                0x0000000008004c50                alt_irq_active
 .sbss          0x0000000008004c54        0x8 ../project_bsp/\libhal_bsp.a(alt_tick.o)
                0x0000000008004c54                _alt_tick_rate
                0x0000000008004c58                _alt_nticks
 .sbss          0x0000000008004c5c        0x4 c:/intelfpga_lite/17.1/nios2eds/bin/gnu/h-x86_64-mingw32/bin/../lib/gcc/nios2-elf/5.3.0/../../../../../H-x86_64-mingw32/nios2-elf/lib\libsmallc.a(lib_a-int_errno.o)
                0x0000000008004c5c                errno
 *(.sbss2 .sbss2.* .gnu.linkonce.sb2.*)
 *(.scommon)
                [!provide]                        PROVIDE (__sbss_end, ABSOLUTE (.))
                [!provide]                        PROVIDE (___sbss_end, ABSOLUTE (.))
 *(.dynbss)
 *(.bss .bss.* .gnu.linkonce.b.*)
 .bss           0x0000000008004c60        0x0 ../project_bsp//obj/HAL/src/crt0.o
 .bss           0x0000000008004c60        0x0 ../project_bsp/\libhal_bsp.a(alt_load.o)
 .bss           0x0000000008004c60        0x0 ../project_bsp/\libhal_bsp.a(alt_main.o)
 .bss           0x0000000008004c60        0x0 ../project_bsp/\libhal_bsp.a(alt_sys_init.o)
 .bss           0x0000000008004c60        0x0 ../project_bsp/\libhal_bsp.a(altera_avalon_jtag_uart_fd.o)
 .bss           0x0000000008004c60        0x0 ../project_bsp/\libhal_bsp.a(altera_avalon_jtag_uart_init.o)
 .bss           0x0000000008004c60        0x0 ../project_bsp/\libhal_bsp.a(altera_avalon_jtag_uart_ioctl.o)
 .bss           0x0000000008004c60        0x0 ../project_bsp/\libhal_bsp.a(altera_avalon_jtag_uart_read.o)
 .bss           0x0000000008004c60        0x0 ../project_bsp/\libhal_bsp.a(altera_avalon_jtag_uart_write.o)
 .bss           0x0000000008004c60        0x0 ../project_bsp/\libhal_bsp.a(altera_avalon_timer_sc.o)
 .bss           0x0000000008004c60        0x0 ../project_bsp/\libhal_bsp.a(altera_up_avalon_rs232.o)
 .bss           0x0000000008004c60        0x0 ../project_bsp/\libhal_bsp.a(alt_alarm_start.o)
 .bss           0x0000000008004c60        0x0 ../project_bsp/\libhal_bsp.a(alt_close.o)
 .bss           0x0000000008004c60        0x0 ../project_bsp/\libhal_bsp.a(alt_dcache_flush_all.o)
 .bss           0x0000000008004c60        0x0 ../project_bsp/\libhal_bsp.a(alt_dev.o)
 .bss           0x0000000008004c60        0x0 ../project_bsp/\libhal_bsp.a(alt_dev_llist_insert.o)
 .bss           0x0000000008004c60        0x0 ../project_bsp/\libhal_bsp.a(alt_do_ctors.o)
 .bss           0x0000000008004c60        0x0 ../project_bsp/\libhal_bsp.a(alt_do_dtors.o)
 .bss           0x0000000008004c60        0x0 ../project_bsp/\libhal_bsp.a(alt_errno.o)
 .bss           0x0000000008004c60        0x0 ../project_bsp/\libhal_bsp.a(alt_find_dev.o)
 .bss           0x0000000008004c60        0x0 ../project_bsp/\libhal_bsp.a(alt_icache_flush_all.o)
 .bss           0x0000000008004c60        0x0 ../project_bsp/\libhal_bsp.a(alt_io_redirect.o)
 .bss           0x0000000008004c60        0x0 ../project_bsp/\libhal_bsp.a(alt_irq_register.o)
 .bss           0x0000000008004c60        0x0 ../project_bsp/\libhal_bsp.a(alt_irq_vars.o)
 .bss           0x0000000008004c60        0x0 ../project_bsp/\libhal_bsp.a(alt_open.o)
 .bss           0x0000000008004c60        0x0 ../project_bsp/\libhal_bsp.a(alt_release_fd.o)
 .bss           0x0000000008004c60        0x0 ../project_bsp/\libhal_bsp.a(alt_tick.o)
 .bss           0x0000000008004c60        0x0 ../project_bsp/\libhal_bsp.a(altera_nios2_qsys_irq.o)
 .bss           0x0000000008004c60        0x0 ../project_bsp/\libhal_bsp.a(alt_find_file.o)
 .bss           0x0000000008004c60        0x0 ../project_bsp/\libhal_bsp.a(alt_get_fd.o)
 .bss           0x0000000008004c60        0x0 ../project_bsp/\libhal_bsp.a(alt_icache_flush.o)
 .bss           0x0000000008004c60        0x0 ../project_bsp/\libhal_bsp.a(alt_irq_entry.o)
 .bss           0x0000000008004c60        0x0 ../project_bsp/\libhal_bsp.a(alt_irq_handler.o)
 .bss           0x0000000008004c60        0x0 ../project_bsp/\libhal_bsp.a(alt_exception_entry.o)
 .bss           0x0000000008004c60        0x0 c:/intelfpga_lite/17.1/nios2eds/bin/gnu/h-x86_64-mingw32/bin/../lib/gcc/nios2-elf/5.3.0/../../../../../H-x86_64-mingw32/nios2-elf/lib\libsmallc.a(lib_a-atexit.o)
 .bss           0x0000000008004c60        0x0 c:/intelfpga_lite/17.1/nios2eds/bin/gnu/h-x86_64-mingw32/bin/../lib/gcc/nios2-elf/5.3.0/../../../../../H-x86_64-mingw32/nios2-elf/lib\libsmallc.a(lib_a-exit.o)
 .bss           0x0000000008004c60        0x0 c:/intelfpga_lite/17.1/nios2eds/bin/gnu/h-x86_64-mingw32/bin/../lib/gcc/nios2-elf/5.3.0/../../../../../H-x86_64-mingw32/nios2-elf/lib\libsmallc.a(lib_a-int_errno.o)
 .bss           0x0000000008004c60        0x0 c:/intelfpga_lite/17.1/nios2eds/bin/gnu/h-x86_64-mingw32/bin/../lib/gcc/nios2-elf/5.3.0/../../../../../H-x86_64-mingw32/nios2-elf/lib\libsmallc.a(lib_a-memcmp.o)
 .bss           0x0000000008004c60        0x0 c:/intelfpga_lite/17.1/nios2eds/bin/gnu/h-x86_64-mingw32/bin/../lib/gcc/nios2-elf/5.3.0/../../../../../H-x86_64-mingw32/nios2-elf/lib\libsmallc.a(lib_a-memcpy.o)
 .bss           0x0000000008004c60        0x0 c:/intelfpga_lite/17.1/nios2eds/bin/gnu/h-x86_64-mingw32/bin/../lib/gcc/nios2-elf/5.3.0/../../../../../H-x86_64-mingw32/nios2-elf/lib\libsmallc.a(lib_a-strlen.o)
 .bss           0x0000000008004c60        0x0 c:/intelfpga_lite/17.1/nios2eds/bin/gnu/h-x86_64-mingw32/bin/../lib/gcc/nios2-elf/5.3.0/../../../../../H-x86_64-mingw32/nios2-elf/lib\libsmallc.a(lib_a-__atexit.o)
 .bss           0x0000000008004c60        0x0 c:/intelfpga_lite/17.1/nios2eds/bin/gnu/h-x86_64-mingw32/bin/../lib/gcc/nios2-elf/5.3.0/../../../../../H-x86_64-mingw32/nios2-elf/lib\libsmallc.a(lib_a-__call_atexit.o)
 .bss           0x0000000008004c60        0x0 c:/intelfpga_lite/17.1/nios2eds/bin/gnu/h-x86_64-mingw32/bin/../lib/gcc/nios2-elf/5.3.0/../../../../../H-x86_64-mingw32/nios2-elf/lib\libsmallc.a(lib_a-impure.o)
 .bss           0x0000000008004c60        0x0 ../project_bsp/\libhal_bsp.a(alt_exit.o)
 *(COMMON)
 COMMON         0x0000000008004c60      0x100 ../project_bsp/\libhal_bsp.a(alt_irq_handler.o)
                0x0000000008004c60                alt_irq
                0x0000000008004d60                . = ALIGN (0x4)
                0x0000000008004d60                __bss_end = ABSOLUTE (.)

.onchip_memory2_0
                0x0000000000000000        0x0 load address 0x0000000008004d60
                [!provide]                        PROVIDE (_alt_partition_onchip_memory2_0_start, ABSOLUTE (.))
 *(.onchip_memory2_0 .onchip_memory2_0. onchip_memory2_0.*)
                0x0000000000000000                . = ALIGN (0x4)
                [!provide]                        PROVIDE (_alt_partition_onchip_memory2_0_end, ABSOLUTE (.))
                [!provide]                        PROVIDE (_alt_partition_onchip_memory2_0_load_addr, LOADADDR (.onchip_memory2_0))

.sdram          0x0000000008004d60        0x0
                [!provide]                        PROVIDE (_alt_partition_sdram_start, ABSOLUTE (.))
 *(.sdram .sdram. sdram.*)
                0x0000000008004d60                . = ALIGN (0x4)
                [!provide]                        PROVIDE (_alt_partition_sdram_end, ABSOLUTE (.))
                0x0000000008004d60                _end = ABSOLUTE (.)
                0x0000000008004d60                end = ABSOLUTE (.)
                0x0000000008004d60                __alt_stack_base = ABSOLUTE (.)
                [!provide]                        PROVIDE (_alt_partition_sdram_load_addr, LOADADDR (.sdram))

.stab
 *(.stab)

.stabstr
 *(.stabstr)

.stab.excl
 *(.stab.excl)

.stab.exclstr
 *(.stab.exclstr)

.stab.index
 *(.stab.index)

.stab.indexstr
 *(.stab.indexstr)

.comment        0x0000000000000000       0x23
 *(.comment)
 .comment       0x0000000000000000       0x23 ../project_bsp/\libhal_bsp.a(alt_load.o)
                                         0x24 (size before relaxing)
 .comment       0x0000000000000023       0x24 ../project_bsp/\libhal_bsp.a(alt_main.o)
 .comment       0x0000000000000023       0x24 ../project_bsp/\libhal_bsp.a(alt_sys_init.o)
 .comment       0x0000000000000023       0x24 ../project_bsp/\libhal_bsp.a(altera_avalon_jtag_uart_fd.o)
 .comment       0x0000000000000023       0x24 ../project_bsp/\libhal_bsp.a(altera_avalon_jtag_uart_init.o)
 .comment       0x0000000000000023       0x24 ../project_bsp/\libhal_bsp.a(altera_avalon_jtag_uart_ioctl.o)
 .comment       0x0000000000000023       0x24 ../project_bsp/\libhal_bsp.a(altera_avalon_jtag_uart_read.o)
 .comment       0x0000000000000023       0x24 ../project_bsp/\libhal_bsp.a(altera_avalon_jtag_uart_write.o)
 .comment       0x0000000000000023       0x24 ../project_bsp/\libhal_bsp.a(altera_avalon_timer_sc.o)
 .comment       0x0000000000000023       0x24 ../project_bsp/\libhal_bsp.a(altera_up_avalon_rs232.o)
 .comment       0x0000000000000023       0x24 ../project_bsp/\libhal_bsp.a(alt_alarm_start.o)
 .comment       0x0000000000000023       0x24 ../project_bsp/\libhal_bsp.a(alt_close.o)
 .comment       0x0000000000000023       0x24 ../project_bsp/\libhal_bsp.a(alt_dcache_flush_all.o)
 .comment       0x0000000000000023       0x24 ../project_bsp/\libhal_bsp.a(alt_dev.o)
 .comment       0x0000000000000023       0x24 ../project_bsp/\libhal_bsp.a(alt_dev_llist_insert.o)
 .comment       0x0000000000000023       0x24 ../project_bsp/\libhal_bsp.a(alt_do_ctors.o)
 .comment       0x0000000000000023       0x24 ../project_bsp/\libhal_bsp.a(alt_do_dtors.o)
 .comment       0x0000000000000023       0x24 ../project_bsp/\libhal_bsp.a(alt_errno.o)
 .comment       0x0000000000000023       0x24 ../project_bsp/\libhal_bsp.a(alt_find_dev.o)
 .comment       0x0000000000000023       0x24 ../project_bsp/\libhal_bsp.a(alt_icache_flush_all.o)
 .comment       0x0000000000000023       0x24 ../project_bsp/\libhal_bsp.a(alt_io_redirect.o)
 .comment       0x0000000000000023       0x24 ../project_bsp/\libhal_bsp.a(alt_irq_register.o)
 .comment       0x0000000000000023       0x24 ../project_bsp/\libhal_bsp.a(alt_irq_vars.o)
 .comment       0x0000000000000023       0x24 ../project_bsp/\libhal_bsp.a(alt_open.o)
 .comment       0x0000000000000023       0x24 ../project_bsp/\libhal_bsp.a(alt_release_fd.o)
 .comment       0x0000000000000023       0x24 ../project_bsp/\libhal_bsp.a(alt_tick.o)
 .comment       0x0000000000000023       0x24 ../project_bsp/\libhal_bsp.a(altera_nios2_qsys_irq.o)
 .comment       0x0000000000000023       0x24 ../project_bsp/\libhal_bsp.a(alt_find_file.o)
 .comment       0x0000000000000023       0x24 ../project_bsp/\libhal_bsp.a(alt_get_fd.o)
 .comment       0x0000000000000023       0x24 ../project_bsp/\libhal_bsp.a(alt_icache_flush.o)
 .comment       0x0000000000000023       0x24 ../project_bsp/\libhal_bsp.a(alt_irq_handler.o)
 .comment       0x0000000000000023       0x24 c:/intelfpga_lite/17.1/nios2eds/bin/gnu/h-x86_64-mingw32/bin/../lib/gcc/nios2-elf/5.3.0/../../../../../H-x86_64-mingw32/nios2-elf/lib\libsmallc.a(lib_a-atexit.o)
 .comment       0x0000000000000023       0x24 c:/intelfpga_lite/17.1/nios2eds/bin/gnu/h-x86_64-mingw32/bin/../lib/gcc/nios2-elf/5.3.0/../../../../../H-x86_64-mingw32/nios2-elf/lib\libsmallc.a(lib_a-exit.o)
 .comment       0x0000000000000023       0x24 c:/intelfpga_lite/17.1/nios2eds/bin/gnu/h-x86_64-mingw32/bin/../lib/gcc/nios2-elf/5.3.0/../../../../../H-x86_64-mingw32/nios2-elf/lib\libsmallc.a(lib_a-int_errno.o)
 .comment       0x0000000000000023       0x24 c:/intelfpga_lite/17.1/nios2eds/bin/gnu/h-x86_64-mingw32/bin/../lib/gcc/nios2-elf/5.3.0/../../../../../H-x86_64-mingw32/nios2-elf/lib\libsmallc.a(lib_a-memcmp.o)
 .comment       0x0000000000000023       0x24 c:/intelfpga_lite/17.1/nios2eds/bin/gnu/h-x86_64-mingw32/bin/../lib/gcc/nios2-elf/5.3.0/../../../../../H-x86_64-mingw32/nios2-elf/lib\libsmallc.a(lib_a-memcpy.o)
 .comment       0x0000000000000023       0x24 c:/intelfpga_lite/17.1/nios2eds/bin/gnu/h-x86_64-mingw32/bin/../lib/gcc/nios2-elf/5.3.0/../../../../../H-x86_64-mingw32/nios2-elf/lib\libsmallc.a(lib_a-strlen.o)
 .comment       0x0000000000000023       0x24 c:/intelfpga_lite/17.1/nios2eds/bin/gnu/h-x86_64-mingw32/bin/../lib/gcc/nios2-elf/5.3.0/../../../../../H-x86_64-mingw32/nios2-elf/lib\libsmallc.a(lib_a-__atexit.o)
 .comment       0x0000000000000023       0x24 c:/intelfpga_lite/17.1/nios2eds/bin/gnu/h-x86_64-mingw32/bin/../lib/gcc/nios2-elf/5.3.0/../../../../../H-x86_64-mingw32/nios2-elf/lib\libsmallc.a(lib_a-__call_atexit.o)
 .comment       0x0000000000000023       0x24 c:/intelfpga_lite/17.1/nios2eds/bin/gnu/h-x86_64-mingw32/bin/../lib/gcc/nios2-elf/5.3.0/../../../../../H-x86_64-mingw32/nios2-elf/lib\libsmallc.a(lib_a-impure.o)
 .comment       0x0000000000000023       0x24 ../project_bsp/\libhal_bsp.a(alt_exit.o)

.debug
 *(.debug)

.line
 *(.line)

.debug_srcinfo
 *(.debug_srcinfo)

.debug_sfnames
 *(.debug_sfnames)

.debug_aranges  0x0000000000000000      0x590
 *(.debug_aranges)
 .debug_aranges
                0x0000000000000000       0x28 ../project_bsp//obj/HAL/src/crt0.o
 .debug_aranges
                0x0000000000000028       0x20 ../project_bsp/\libhal_bsp.a(alt_load.o)
 .debug_aranges
                0x0000000000000048       0x20 ../project_bsp/\libhal_bsp.a(alt_main.o)
 .debug_aranges
                0x0000000000000068       0x20 ../project_bsp/\libhal_bsp.a(alt_sys_init.o)
 .debug_aranges
                0x0000000000000088       0x20 ../project_bsp/\libhal_bsp.a(altera_avalon_jtag_uart_fd.o)
 .debug_aranges
                0x00000000000000a8       0x20 ../project_bsp/\libhal_bsp.a(altera_avalon_jtag_uart_init.o)
 .debug_aranges
                0x00000000000000c8       0x20 ../project_bsp/\libhal_bsp.a(altera_avalon_jtag_uart_ioctl.o)
 .debug_aranges
                0x00000000000000e8       0x20 ../project_bsp/\libhal_bsp.a(altera_avalon_jtag_uart_read.o)
 .debug_aranges
                0x0000000000000108       0x20 ../project_bsp/\libhal_bsp.a(altera_avalon_jtag_uart_write.o)
 .debug_aranges
                0x0000000000000128       0x20 ../project_bsp/\libhal_bsp.a(altera_avalon_timer_sc.o)
 .debug_aranges
                0x0000000000000148       0x20 ../project_bsp/\libhal_bsp.a(altera_up_avalon_rs232.o)
 .debug_aranges
                0x0000000000000168       0x20 ../project_bsp/\libhal_bsp.a(alt_alarm_start.o)
 .debug_aranges
                0x0000000000000188       0x20 ../project_bsp/\libhal_bsp.a(alt_close.o)
 .debug_aranges
                0x00000000000001a8       0x20 ../project_bsp/\libhal_bsp.a(alt_dcache_flush_all.o)
 .debug_aranges
                0x00000000000001c8       0x20 ../project_bsp/\libhal_bsp.a(alt_dev.o)
 .debug_aranges
                0x00000000000001e8       0x20 ../project_bsp/\libhal_bsp.a(alt_dev_llist_insert.o)
 .debug_aranges
                0x0000000000000208       0x20 ../project_bsp/\libhal_bsp.a(alt_do_ctors.o)
 .debug_aranges
                0x0000000000000228       0x20 ../project_bsp/\libhal_bsp.a(alt_do_dtors.o)
 .debug_aranges
                0x0000000000000248       0x18 ../project_bsp/\libhal_bsp.a(alt_errno.o)
 .debug_aranges
                0x0000000000000260       0x20 ../project_bsp/\libhal_bsp.a(alt_find_dev.o)
 .debug_aranges
                0x0000000000000280       0x20 ../project_bsp/\libhal_bsp.a(alt_icache_flush_all.o)
 .debug_aranges
                0x00000000000002a0       0x20 ../project_bsp/\libhal_bsp.a(alt_io_redirect.o)
 .debug_aranges
                0x00000000000002c0       0x20 ../project_bsp/\libhal_bsp.a(alt_irq_register.o)
 .debug_aranges
                0x00000000000002e0       0x18 ../project_bsp/\libhal_bsp.a(alt_irq_vars.o)
 .debug_aranges
                0x00000000000002f8       0x20 ../project_bsp/\libhal_bsp.a(alt_open.o)
 .debug_aranges
                0x0000000000000318       0x20 ../project_bsp/\libhal_bsp.a(alt_release_fd.o)
 .debug_aranges
                0x0000000000000338       0x20 ../project_bsp/\libhal_bsp.a(alt_tick.o)
 .debug_aranges
                0x0000000000000358       0x20 ../project_bsp/\libhal_bsp.a(altera_nios2_qsys_irq.o)
 .debug_aranges
                0x0000000000000378       0x20 ../project_bsp/\libhal_bsp.a(alt_find_file.o)
 .debug_aranges
                0x0000000000000398       0x20 ../project_bsp/\libhal_bsp.a(alt_get_fd.o)
 .debug_aranges
                0x00000000000003b8       0x20 ../project_bsp/\libhal_bsp.a(alt_icache_flush.o)
 .debug_aranges
                0x00000000000003d8       0x30 ../project_bsp/\libhal_bsp.a(alt_irq_entry.o)
 .debug_aranges
                0x0000000000000408       0x20 ../project_bsp/\libhal_bsp.a(alt_irq_handler.o)
 .debug_aranges
                0x0000000000000428       0x38 ../project_bsp/\libhal_bsp.a(alt_exception_entry.o)
 .debug_aranges
                0x0000000000000460       0x20 c:/intelfpga_lite/17.1/nios2eds/bin/gnu/h-x86_64-mingw32/bin/../lib/gcc/nios2-elf/5.3.0/../../../../../H-x86_64-mingw32/nios2-elf/lib\libsmallc.a(lib_a-atexit.o)
 .debug_aranges
                0x0000000000000480       0x20 c:/intelfpga_lite/17.1/nios2eds/bin/gnu/h-x86_64-mingw32/bin/../lib/gcc/nios2-elf/5.3.0/../../../../../H-x86_64-mingw32/nios2-elf/lib\libsmallc.a(lib_a-exit.o)
 .debug_aranges
                0x00000000000004a0       0x18 c:/intelfpga_lite/17.1/nios2eds/bin/gnu/h-x86_64-mingw32/bin/../lib/gcc/nios2-elf/5.3.0/../../../../../H-x86_64-mingw32/nios2-elf/lib\libsmallc.a(lib_a-int_errno.o)
 .debug_aranges
                0x00000000000004b8       0x20 c:/intelfpga_lite/17.1/nios2eds/bin/gnu/h-x86_64-mingw32/bin/../lib/gcc/nios2-elf/5.3.0/../../../../../H-x86_64-mingw32/nios2-elf/lib\libsmallc.a(lib_a-memcmp.o)
 .debug_aranges
                0x00000000000004d8       0x20 c:/intelfpga_lite/17.1/nios2eds/bin/gnu/h-x86_64-mingw32/bin/../lib/gcc/nios2-elf/5.3.0/../../../../../H-x86_64-mingw32/nios2-elf/lib\libsmallc.a(lib_a-memcpy.o)
 .debug_aranges
                0x00000000000004f8       0x20 c:/intelfpga_lite/17.1/nios2eds/bin/gnu/h-x86_64-mingw32/bin/../lib/gcc/nios2-elf/5.3.0/../../../../../H-x86_64-mingw32/nios2-elf/lib\libsmallc.a(lib_a-strlen.o)
 .debug_aranges
                0x0000000000000518       0x20 c:/intelfpga_lite/17.1/nios2eds/bin/gnu/h-x86_64-mingw32/bin/../lib/gcc/nios2-elf/5.3.0/../../../../../H-x86_64-mingw32/nios2-elf/lib\libsmallc.a(lib_a-__atexit.o)
 .debug_aranges
                0x0000000000000538       0x20 c:/intelfpga_lite/17.1/nios2eds/bin/gnu/h-x86_64-mingw32/bin/../lib/gcc/nios2-elf/5.3.0/../../../../../H-x86_64-mingw32/nios2-elf/lib\libsmallc.a(lib_a-__call_atexit.o)
 .debug_aranges
                0x0000000000000558       0x18 c:/intelfpga_lite/17.1/nios2eds/bin/gnu/h-x86_64-mingw32/bin/../lib/gcc/nios2-elf/5.3.0/../../../../../H-x86_64-mingw32/nios2-elf/lib\libsmallc.a(lib_a-impure.o)
 .debug_aranges
                0x0000000000000570       0x20 ../project_bsp/\libhal_bsp.a(alt_exit.o)

.debug_pubnames
 *(.debug_pubnames)

.debug_info     0x0000000000000000     0x6809
 *(.debug_info .gnu.linkonce.wi.*)
 .debug_info    0x0000000000000000       0x79 ../project_bsp//obj/HAL/src/crt0.o
 .debug_info    0x0000000000000079      0x145 ../project_bsp/\libhal_bsp.a(alt_load.o)
 .debug_info    0x00000000000001be      0x14c ../project_bsp/\libhal_bsp.a(alt_main.o)
 .debug_info    0x000000000000030a      0x525 ../project_bsp/\libhal_bsp.a(alt_sys_init.o)
 .debug_info    0x000000000000082f      0x52e ../project_bsp/\libhal_bsp.a(altera_avalon_jtag_uart_fd.o)
 .debug_info    0x0000000000000d5d      0x3b8 ../project_bsp/\libhal_bsp.a(altera_avalon_jtag_uart_init.o)
 .debug_info    0x0000000000001115      0x280 ../project_bsp/\libhal_bsp.a(altera_avalon_jtag_uart_ioctl.o)
 .debug_info    0x0000000000001395      0x350 ../project_bsp/\libhal_bsp.a(altera_avalon_jtag_uart_read.o)
 .debug_info    0x00000000000016e5      0x34b ../project_bsp/\libhal_bsp.a(altera_avalon_jtag_uart_write.o)
 .debug_info    0x0000000000001a30      0x23e ../project_bsp/\libhal_bsp.a(altera_avalon_timer_sc.o)
 .debug_info    0x0000000000001c6e      0x568 ../project_bsp/\libhal_bsp.a(altera_up_avalon_rs232.o)
 .debug_info    0x00000000000021d6      0x2d7 ../project_bsp/\libhal_bsp.a(alt_alarm_start.o)
 .debug_info    0x00000000000024ad      0x321 ../project_bsp/\libhal_bsp.a(alt_close.o)
 .debug_info    0x00000000000027ce       0xa5 ../project_bsp/\libhal_bsp.a(alt_dcache_flush_all.o)
 .debug_info    0x0000000000002873      0x49c ../project_bsp/\libhal_bsp.a(alt_dev.o)
 .debug_info    0x0000000000002d0f      0x1a9 ../project_bsp/\libhal_bsp.a(alt_dev_llist_insert.o)
 .debug_info    0x0000000000002eb8       0x83 ../project_bsp/\libhal_bsp.a(alt_do_ctors.o)
 .debug_info    0x0000000000002f3b       0x83 ../project_bsp/\libhal_bsp.a(alt_do_dtors.o)
 .debug_info    0x0000000000002fbe       0xa6 ../project_bsp/\libhal_bsp.a(alt_errno.o)
 .debug_info    0x0000000000003064      0x2e9 ../project_bsp/\libhal_bsp.a(alt_find_dev.o)
 .debug_info    0x000000000000334d       0x92 ../project_bsp/\libhal_bsp.a(alt_icache_flush_all.o)
 .debug_info    0x00000000000033df      0x4a5 ../project_bsp/\libhal_bsp.a(alt_io_redirect.o)
 .debug_info    0x0000000000003884      0x31e ../project_bsp/\libhal_bsp.a(alt_irq_register.o)
 .debug_info    0x0000000000003ba2       0x77 ../project_bsp/\libhal_bsp.a(alt_irq_vars.o)
 .debug_info    0x0000000000003c19      0x3bb ../project_bsp/\libhal_bsp.a(alt_open.o)
 .debug_info    0x0000000000003fd4      0x2b0 ../project_bsp/\libhal_bsp.a(alt_release_fd.o)
 .debug_info    0x0000000000004284      0x2a4 ../project_bsp/\libhal_bsp.a(alt_tick.o)
 .debug_info    0x0000000000004528       0xad ../project_bsp/\libhal_bsp.a(altera_nios2_qsys_irq.o)
 .debug_info    0x00000000000045d5      0x2e6 ../project_bsp/\libhal_bsp.a(alt_find_file.o)
 .debug_info    0x00000000000048bb      0x310 ../project_bsp/\libhal_bsp.a(alt_get_fd.o)
 .debug_info    0x0000000000004bcb       0xdc ../project_bsp/\libhal_bsp.a(alt_icache_flush.o)
 .debug_info    0x0000000000004ca7       0x82 ../project_bsp/\libhal_bsp.a(alt_irq_entry.o)
 .debug_info    0x0000000000004d29      0x19c ../project_bsp/\libhal_bsp.a(alt_irq_handler.o)
 .debug_info    0x0000000000004ec5       0x88 ../project_bsp/\libhal_bsp.a(alt_exception_entry.o)
 .debug_info    0x0000000000004f4d       0xfe c:/intelfpga_lite/17.1/nios2eds/bin/gnu/h-x86_64-mingw32/bin/../lib/gcc/nios2-elf/5.3.0/../../../../../H-x86_64-mingw32/nios2-elf/lib\libsmallc.a(lib_a-atexit.o)
 .debug_info    0x000000000000504b       0xe5 c:/intelfpga_lite/17.1/nios2eds/bin/gnu/h-x86_64-mingw32/bin/../lib/gcc/nios2-elf/5.3.0/../../../../../H-x86_64-mingw32/nios2-elf/lib\libsmallc.a(lib_a-exit.o)
 .debug_info    0x0000000000005130       0x8a c:/intelfpga_lite/17.1/nios2eds/bin/gnu/h-x86_64-mingw32/bin/../lib/gcc/nios2-elf/5.3.0/../../../../../H-x86_64-mingw32/nios2-elf/lib\libsmallc.a(lib_a-int_errno.o)
 .debug_info    0x00000000000051ba       0xf4 c:/intelfpga_lite/17.1/nios2eds/bin/gnu/h-x86_64-mingw32/bin/../lib/gcc/nios2-elf/5.3.0/../../../../../H-x86_64-mingw32/nios2-elf/lib\libsmallc.a(lib_a-memcmp.o)
 .debug_info    0x00000000000052ae      0x119 c:/intelfpga_lite/17.1/nios2eds/bin/gnu/h-x86_64-mingw32/bin/../lib/gcc/nios2-elf/5.3.0/../../../../../H-x86_64-mingw32/nios2-elf/lib\libsmallc.a(lib_a-memcpy.o)
 .debug_info    0x00000000000053c7       0xc9 c:/intelfpga_lite/17.1/nios2eds/bin/gnu/h-x86_64-mingw32/bin/../lib/gcc/nios2-elf/5.3.0/../../../../../H-x86_64-mingw32/nios2-elf/lib\libsmallc.a(lib_a-strlen.o)
 .debug_info    0x0000000000005490      0x64a c:/intelfpga_lite/17.1/nios2eds/bin/gnu/h-x86_64-mingw32/bin/../lib/gcc/nios2-elf/5.3.0/../../../../../H-x86_64-mingw32/nios2-elf/lib\libsmallc.a(lib_a-__atexit.o)
 .debug_info    0x0000000000005ada      0x67b c:/intelfpga_lite/17.1/nios2eds/bin/gnu/h-x86_64-mingw32/bin/../lib/gcc/nios2-elf/5.3.0/../../../../../H-x86_64-mingw32/nios2-elf/lib\libsmallc.a(lib_a-__call_atexit.o)
 .debug_info    0x0000000000006155      0x5a9 c:/intelfpga_lite/17.1/nios2eds/bin/gnu/h-x86_64-mingw32/bin/../lib/gcc/nios2-elf/5.3.0/../../../../../H-x86_64-mingw32/nios2-elf/lib\libsmallc.a(lib_a-impure.o)
 .debug_info    0x00000000000066fe      0x10b ../project_bsp/\libhal_bsp.a(alt_exit.o)

.debug_abbrev   0x0000000000000000     0x27a6
 *(.debug_abbrev)
 .debug_abbrev  0x0000000000000000       0x12 ../project_bsp//obj/HAL/src/crt0.o
 .debug_abbrev  0x0000000000000012       0x9f ../project_bsp/\libhal_bsp.a(alt_load.o)
 .debug_abbrev  0x00000000000000b1       0xc1 ../project_bsp/\libhal_bsp.a(alt_main.o)
 .debug_abbrev  0x0000000000000172      0x187 ../project_bsp/\libhal_bsp.a(alt_sys_init.o)
 .debug_abbrev  0x00000000000002f9      0x127 ../project_bsp/\libhal_bsp.a(altera_avalon_jtag_uart_fd.o)
 .debug_abbrev  0x0000000000000420      0x19e ../project_bsp/\libhal_bsp.a(altera_avalon_jtag_uart_init.o)
 .debug_abbrev  0x00000000000005be      0x111 ../project_bsp/\libhal_bsp.a(altera_avalon_jtag_uart_ioctl.o)
 .debug_abbrev  0x00000000000006cf      0x1aa ../project_bsp/\libhal_bsp.a(altera_avalon_jtag_uart_read.o)
 .debug_abbrev  0x0000000000000879      0x1a8 ../project_bsp/\libhal_bsp.a(altera_avalon_jtag_uart_write.o)
 .debug_abbrev  0x0000000000000a21      0x155 ../project_bsp/\libhal_bsp.a(altera_avalon_timer_sc.o)
 .debug_abbrev  0x0000000000000b76      0x135 ../project_bsp/\libhal_bsp.a(altera_up_avalon_rs232.o)
 .debug_abbrev  0x0000000000000cab      0x162 ../project_bsp/\libhal_bsp.a(alt_alarm_start.o)
 .debug_abbrev  0x0000000000000e0d      0x11f ../project_bsp/\libhal_bsp.a(alt_close.o)
 .debug_abbrev  0x0000000000000f2c       0x5a ../project_bsp/\libhal_bsp.a(alt_dcache_flush_all.o)
 .debug_abbrev  0x0000000000000f86       0xd9 ../project_bsp/\libhal_bsp.a(alt_dev.o)
 .debug_abbrev  0x000000000000105f      0x114 ../project_bsp/\libhal_bsp.a(alt_dev_llist_insert.o)
 .debug_abbrev  0x0000000000001173       0x79 ../project_bsp/\libhal_bsp.a(alt_do_ctors.o)
 .debug_abbrev  0x00000000000011ec       0x79 ../project_bsp/\libhal_bsp.a(alt_do_dtors.o)
 .debug_abbrev  0x0000000000001265       0x5a ../project_bsp/\libhal_bsp.a(alt_errno.o)
 .debug_abbrev  0x00000000000012bf       0xf0 ../project_bsp/\libhal_bsp.a(alt_find_dev.o)
 .debug_abbrev  0x00000000000013af       0x42 ../project_bsp/\libhal_bsp.a(alt_icache_flush_all.o)
 .debug_abbrev  0x00000000000013f1      0x114 ../project_bsp/\libhal_bsp.a(alt_io_redirect.o)
 .debug_abbrev  0x0000000000001505      0x186 ../project_bsp/\libhal_bsp.a(alt_irq_register.o)
 .debug_abbrev  0x000000000000168b       0x40 ../project_bsp/\libhal_bsp.a(alt_irq_vars.o)
 .debug_abbrev  0x00000000000016cb      0x148 ../project_bsp/\libhal_bsp.a(alt_open.o)
 .debug_abbrev  0x0000000000001813       0xde ../project_bsp/\libhal_bsp.a(alt_release_fd.o)
 .debug_abbrev  0x00000000000018f1      0x16b ../project_bsp/\libhal_bsp.a(alt_tick.o)
 .debug_abbrev  0x0000000000001a5c       0x67 ../project_bsp/\libhal_bsp.a(altera_nios2_qsys_irq.o)
 .debug_abbrev  0x0000000000001ac3       0xf0 ../project_bsp/\libhal_bsp.a(alt_find_file.o)
 .debug_abbrev  0x0000000000001bb3      0x10d ../project_bsp/\libhal_bsp.a(alt_get_fd.o)
 .debug_abbrev  0x0000000000001cc0       0x8c ../project_bsp/\libhal_bsp.a(alt_icache_flush.o)
 .debug_abbrev  0x0000000000001d4c       0x12 ../project_bsp/\libhal_bsp.a(alt_irq_entry.o)
 .debug_abbrev  0x0000000000001d5e      0x13a ../project_bsp/\libhal_bsp.a(alt_irq_handler.o)
 .debug_abbrev  0x0000000000001e98       0x12 ../project_bsp/\libhal_bsp.a(alt_exception_entry.o)
 .debug_abbrev  0x0000000000001eaa       0xaa c:/intelfpga_lite/17.1/nios2eds/bin/gnu/h-x86_64-mingw32/bin/../lib/gcc/nios2-elf/5.3.0/../../../../../H-x86_64-mingw32/nios2-elf/lib\libsmallc.a(lib_a-atexit.o)
 .debug_abbrev  0x0000000000001f54       0x8b c:/intelfpga_lite/17.1/nios2eds/bin/gnu/h-x86_64-mingw32/bin/../lib/gcc/nios2-elf/5.3.0/../../../../../H-x86_64-mingw32/nios2-elf/lib\libsmallc.a(lib_a-exit.o)
 .debug_abbrev  0x0000000000001fdf       0x37 c:/intelfpga_lite/17.1/nios2eds/bin/gnu/h-x86_64-mingw32/bin/../lib/gcc/nios2-elf/5.3.0/../../../../../H-x86_64-mingw32/nios2-elf/lib\libsmallc.a(lib_a-int_errno.o)
 .debug_abbrev  0x0000000000002016       0x7f c:/intelfpga_lite/17.1/nios2eds/bin/gnu/h-x86_64-mingw32/bin/../lib/gcc/nios2-elf/5.3.0/../../../../../H-x86_64-mingw32/nios2-elf/lib\libsmallc.a(lib_a-memcmp.o)
 .debug_abbrev  0x0000000000002095       0x9c c:/intelfpga_lite/17.1/nios2eds/bin/gnu/h-x86_64-mingw32/bin/../lib/gcc/nios2-elf/5.3.0/../../../../../H-x86_64-mingw32/nios2-elf/lib\libsmallc.a(lib_a-memcpy.o)
 .debug_abbrev  0x0000000000002131       0x7f c:/intelfpga_lite/17.1/nios2eds/bin/gnu/h-x86_64-mingw32/bin/../lib/gcc/nios2-elf/5.3.0/../../../../../H-x86_64-mingw32/nios2-elf/lib\libsmallc.a(lib_a-strlen.o)
 .debug_abbrev  0x00000000000021b0      0x1e6 c:/intelfpga_lite/17.1/nios2eds/bin/gnu/h-x86_64-mingw32/bin/../lib/gcc/nios2-elf/5.3.0/../../../../../H-x86_64-mingw32/nios2-elf/lib\libsmallc.a(lib_a-__atexit.o)
 .debug_abbrev  0x0000000000002396      0x1f6 c:/intelfpga_lite/17.1/nios2eds/bin/gnu/h-x86_64-mingw32/bin/../lib/gcc/nios2-elf/5.3.0/../../../../../H-x86_64-mingw32/nios2-elf/lib\libsmallc.a(lib_a-__call_atexit.o)
 .debug_abbrev  0x000000000000258c      0x14a c:/intelfpga_lite/17.1/nios2eds/bin/gnu/h-x86_64-mingw32/bin/../lib/gcc/nios2-elf/5.3.0/../../../../../H-x86_64-mingw32/nios2-elf/lib\libsmallc.a(lib_a-impure.o)
 .debug_abbrev  0x00000000000026d6       0xd0 ../project_bsp/\libhal_bsp.a(alt_exit.o)

.debug_line     0x0000000000000000     0x2a89
 *(.debug_line)
 .debug_line    0x0000000000000000       0x72 ../project_bsp//obj/HAL/src/crt0.o
 .debug_line    0x0000000000000072       0x8e ../project_bsp/\libhal_bsp.a(alt_load.o)
 .debug_line    0x0000000000000100       0xd1 ../project_bsp/\libhal_bsp.a(alt_main.o)
 .debug_line    0x00000000000001d1      0x183 ../project_bsp/\libhal_bsp.a(alt_sys_init.o)
 .debug_line    0x0000000000000354      0x12f ../project_bsp/\libhal_bsp.a(altera_avalon_jtag_uart_fd.o)
 .debug_line    0x0000000000000483      0x19f ../project_bsp/\libhal_bsp.a(altera_avalon_jtag_uart_init.o)
 .debug_line    0x0000000000000622      0x131 ../project_bsp/\libhal_bsp.a(altera_avalon_jtag_uart_ioctl.o)
 .debug_line    0x0000000000000753      0x185 ../project_bsp/\libhal_bsp.a(altera_avalon_jtag_uart_read.o)
 .debug_line    0x00000000000008d8      0x184 ../project_bsp/\libhal_bsp.a(altera_avalon_jtag_uart_write.o)
 .debug_line    0x0000000000000a5c      0x113 ../project_bsp/\libhal_bsp.a(altera_avalon_timer_sc.o)
 .debug_line    0x0000000000000b6f      0x13e ../project_bsp/\libhal_bsp.a(altera_up_avalon_rs232.o)
 .debug_line    0x0000000000000cad      0x10d ../project_bsp/\libhal_bsp.a(alt_alarm_start.o)
 .debug_line    0x0000000000000dba      0x165 ../project_bsp/\libhal_bsp.a(alt_close.o)
 .debug_line    0x0000000000000f1f       0x61 ../project_bsp/\libhal_bsp.a(alt_dcache_flush_all.o)
 .debug_line    0x0000000000000f80       0xf8 ../project_bsp/\libhal_bsp.a(alt_dev.o)
 .debug_line    0x0000000000001078       0xcf ../project_bsp/\libhal_bsp.a(alt_dev_llist_insert.o)
 .debug_line    0x0000000000001147       0x59 ../project_bsp/\libhal_bsp.a(alt_do_ctors.o)
 .debug_line    0x00000000000011a0       0x59 ../project_bsp/\libhal_bsp.a(alt_do_dtors.o)
 .debug_line    0x00000000000011f9       0x51 ../project_bsp/\libhal_bsp.a(alt_errno.o)
 .debug_line    0x000000000000124a       0xb5 ../project_bsp/\libhal_bsp.a(alt_find_dev.o)
 .debug_line    0x00000000000012ff       0x50 ../project_bsp/\libhal_bsp.a(alt_icache_flush_all.o)
 .debug_line    0x000000000000134f      0x133 ../project_bsp/\libhal_bsp.a(alt_io_redirect.o)
 .debug_line    0x0000000000001482      0x155 ../project_bsp/\libhal_bsp.a(alt_irq_register.o)
 .debug_line    0x00000000000015d7       0x50 ../project_bsp/\libhal_bsp.a(alt_irq_vars.o)
 .debug_line    0x0000000000001627      0x128 ../project_bsp/\libhal_bsp.a(alt_open.o)
 .debug_line    0x000000000000174f       0xae ../project_bsp/\libhal_bsp.a(alt_release_fd.o)
 .debug_line    0x00000000000017fd      0x113 ../project_bsp/\libhal_bsp.a(alt_tick.o)
 .debug_line    0x0000000000001910       0x8d ../project_bsp/\libhal_bsp.a(altera_nios2_qsys_irq.o)
 .debug_line    0x000000000000199d       0xd1 ../project_bsp/\libhal_bsp.a(alt_find_file.o)
 .debug_line    0x0000000000001a6e       0xd4 ../project_bsp/\libhal_bsp.a(alt_get_fd.o)
 .debug_line    0x0000000000001b42       0x81 ../project_bsp/\libhal_bsp.a(alt_icache_flush.o)
 .debug_line    0x0000000000001bc3       0x6b ../project_bsp/\libhal_bsp.a(alt_irq_entry.o)
 .debug_line    0x0000000000001c2e       0xcd ../project_bsp/\libhal_bsp.a(alt_irq_handler.o)
 .debug_line    0x0000000000001cfb       0xae ../project_bsp/\libhal_bsp.a(alt_exception_entry.o)
 .debug_line    0x0000000000001da9       0xe4 c:/intelfpga_lite/17.1/nios2eds/bin/gnu/h-x86_64-mingw32/bin/../lib/gcc/nios2-elf/5.3.0/../../../../../H-x86_64-mingw32/nios2-elf/lib\libsmallc.a(lib_a-atexit.o)
 .debug_line    0x0000000000001e8d      0x156 c:/intelfpga_lite/17.1/nios2eds/bin/gnu/h-x86_64-mingw32/bin/../lib/gcc/nios2-elf/5.3.0/../../../../../H-x86_64-mingw32/nios2-elf/lib\libsmallc.a(lib_a-exit.o)
 .debug_line    0x0000000000001fe3       0x5c c:/intelfpga_lite/17.1/nios2eds/bin/gnu/h-x86_64-mingw32/bin/../lib/gcc/nios2-elf/5.3.0/../../../../../H-x86_64-mingw32/nios2-elf/lib\libsmallc.a(lib_a-int_errno.o)
 .debug_line    0x000000000000203f      0x15d c:/intelfpga_lite/17.1/nios2eds/bin/gnu/h-x86_64-mingw32/bin/../lib/gcc/nios2-elf/5.3.0/../../../../../H-x86_64-mingw32/nios2-elf/lib\libsmallc.a(lib_a-memcmp.o)
 .debug_line    0x000000000000219c      0x15b c:/intelfpga_lite/17.1/nios2eds/bin/gnu/h-x86_64-mingw32/bin/../lib/gcc/nios2-elf/5.3.0/../../../../../H-x86_64-mingw32/nios2-elf/lib\libsmallc.a(lib_a-memcpy.o)
 .debug_line    0x00000000000022f7      0x159 c:/intelfpga_lite/17.1/nios2eds/bin/gnu/h-x86_64-mingw32/bin/../lib/gcc/nios2-elf/5.3.0/../../../../../H-x86_64-mingw32/nios2-elf/lib\libsmallc.a(lib_a-strlen.o)
 .debug_line    0x0000000000002450      0x20a c:/intelfpga_lite/17.1/nios2eds/bin/gnu/h-x86_64-mingw32/bin/../lib/gcc/nios2-elf/5.3.0/../../../../../H-x86_64-mingw32/nios2-elf/lib\libsmallc.a(lib_a-__atexit.o)
 .debug_line    0x000000000000265a      0x22f c:/intelfpga_lite/17.1/nios2eds/bin/gnu/h-x86_64-mingw32/bin/../lib/gcc/nios2-elf/5.3.0/../../../../../H-x86_64-mingw32/nios2-elf/lib\libsmallc.a(lib_a-__call_atexit.o)
 .debug_line    0x0000000000002889      0x153 c:/intelfpga_lite/17.1/nios2eds/bin/gnu/h-x86_64-mingw32/bin/../lib/gcc/nios2-elf/5.3.0/../../../../../H-x86_64-mingw32/nios2-elf/lib\libsmallc.a(lib_a-impure.o)
 .debug_line    0x00000000000029dc       0xad ../project_bsp/\libhal_bsp.a(alt_exit.o)

.debug_frame    0x0000000000000000      0xb50
 *(.debug_frame)
 .debug_frame   0x0000000000000000       0x5c ../project_bsp/\libhal_bsp.a(alt_load.o)
 .debug_frame   0x000000000000005c       0x2c ../project_bsp/\libhal_bsp.a(alt_main.o)
 .debug_frame   0x0000000000000088       0x88 ../project_bsp/\libhal_bsp.a(alt_sys_init.o)
 .debug_frame   0x0000000000000110       0xb0 ../project_bsp/\libhal_bsp.a(altera_avalon_jtag_uart_fd.o)
 .debug_frame   0x00000000000001c0       0xa4 ../project_bsp/\libhal_bsp.a(altera_avalon_jtag_uart_init.o)
 .debug_frame   0x0000000000000264       0x34 ../project_bsp/\libhal_bsp.a(altera_avalon_jtag_uart_ioctl.o)
 .debug_frame   0x0000000000000298       0x38 ../project_bsp/\libhal_bsp.a(altera_avalon_jtag_uart_read.o)
 .debug_frame   0x00000000000002d0       0x38 ../project_bsp/\libhal_bsp.a(altera_avalon_jtag_uart_write.o)
 .debug_frame   0x0000000000000308       0x60 ../project_bsp/\libhal_bsp.a(altera_avalon_timer_sc.o)
 .debug_frame   0x0000000000000368      0x188 ../project_bsp/\libhal_bsp.a(altera_up_avalon_rs232.o)
 .debug_frame   0x00000000000004f0       0x34 ../project_bsp/\libhal_bsp.a(alt_alarm_start.o)
 .debug_frame   0x0000000000000524       0x60 ../project_bsp/\libhal_bsp.a(alt_close.o)
 .debug_frame   0x0000000000000584       0x34 ../project_bsp/\libhal_bsp.a(alt_dcache_flush_all.o)
 .debug_frame   0x00000000000005b8       0x34 ../project_bsp/\libhal_bsp.a(alt_dev.o)
 .debug_frame   0x00000000000005ec       0x60 ../project_bsp/\libhal_bsp.a(alt_dev_llist_insert.o)
 .debug_frame   0x000000000000064c       0x38 ../project_bsp/\libhal_bsp.a(alt_do_ctors.o)
 .debug_frame   0x0000000000000684       0x38 ../project_bsp/\libhal_bsp.a(alt_do_dtors.o)
 .debug_frame   0x00000000000006bc       0x38 ../project_bsp/\libhal_bsp.a(alt_find_dev.o)
 .debug_frame   0x00000000000006f4       0x38 ../project_bsp/\libhal_bsp.a(alt_icache_flush_all.o)
 .debug_frame   0x000000000000072c       0x60 ../project_bsp/\libhal_bsp.a(alt_io_redirect.o)
 .debug_frame   0x000000000000078c       0x34 ../project_bsp/\libhal_bsp.a(alt_irq_register.o)
 .debug_frame   0x00000000000007c0       0x84 ../project_bsp/\libhal_bsp.a(alt_open.o)
 .debug_frame   0x0000000000000844       0x34 ../project_bsp/\libhal_bsp.a(alt_release_fd.o)
 .debug_frame   0x0000000000000878       0x5c ../project_bsp/\libhal_bsp.a(alt_tick.o)
 .debug_frame   0x00000000000008d4       0x34 ../project_bsp/\libhal_bsp.a(altera_nios2_qsys_irq.o)
 .debug_frame   0x0000000000000908       0x38 ../project_bsp/\libhal_bsp.a(alt_find_file.o)
 .debug_frame   0x0000000000000940       0x34 ../project_bsp/\libhal_bsp.a(alt_get_fd.o)
 .debug_frame   0x0000000000000974       0x34 ../project_bsp/\libhal_bsp.a(alt_icache_flush.o)
 .debug_frame   0x00000000000009a8       0x38 ../project_bsp/\libhal_bsp.a(alt_irq_handler.o)
 .debug_frame   0x00000000000009e0       0x20 c:/intelfpga_lite/17.1/nios2eds/bin/gnu/h-x86_64-mingw32/bin/../lib/gcc/nios2-elf/5.3.0/../../../../../H-x86_64-mingw32/nios2-elf/lib\libsmallc.a(lib_a-atexit.o)
 .debug_frame   0x0000000000000a00       0x28 c:/intelfpga_lite/17.1/nios2eds/bin/gnu/h-x86_64-mingw32/bin/../lib/gcc/nios2-elf/5.3.0/../../../../../H-x86_64-mingw32/nios2-elf/lib\libsmallc.a(lib_a-exit.o)
 .debug_frame   0x0000000000000a28       0x20 c:/intelfpga_lite/17.1/nios2eds/bin/gnu/h-x86_64-mingw32/bin/../lib/gcc/nios2-elf/5.3.0/../../../../../H-x86_64-mingw32/nios2-elf/lib\libsmallc.a(lib_a-memcmp.o)
 .debug_frame   0x0000000000000a48       0x20 c:/intelfpga_lite/17.1/nios2eds/bin/gnu/h-x86_64-mingw32/bin/../lib/gcc/nios2-elf/5.3.0/../../../../../H-x86_64-mingw32/nios2-elf/lib\libsmallc.a(lib_a-memcpy.o)
 .debug_frame   0x0000000000000a68       0x20 c:/intelfpga_lite/17.1/nios2eds/bin/gnu/h-x86_64-mingw32/bin/../lib/gcc/nios2-elf/5.3.0/../../../../../H-x86_64-mingw32/nios2-elf/lib\libsmallc.a(lib_a-strlen.o)
 .debug_frame   0x0000000000000a88       0x48 c:/intelfpga_lite/17.1/nios2eds/bin/gnu/h-x86_64-mingw32/bin/../lib/gcc/nios2-elf/5.3.0/../../../../../H-x86_64-mingw32/nios2-elf/lib\libsmallc.a(lib_a-__atexit.o)
 .debug_frame   0x0000000000000ad0       0x54 c:/intelfpga_lite/17.1/nios2eds/bin/gnu/h-x86_64-mingw32/bin/../lib/gcc/nios2-elf/5.3.0/../../../../../H-x86_64-mingw32/nios2-elf/lib\libsmallc.a(lib_a-__call_atexit.o)
 .debug_frame   0x0000000000000b24       0x2c ../project_bsp/\libhal_bsp.a(alt_exit.o)

.debug_str      0x0000000000000000     0x161d
 *(.debug_str)
 .debug_str     0x0000000000000000      0x1e1 ../project_bsp/\libhal_bsp.a(alt_load.o)
                                        0x21a (size before relaxing)
 .debug_str     0x00000000000001e1       0x7f ../project_bsp/\libhal_bsp.a(alt_main.o)
                                        0x1bc (size before relaxing)
 .debug_str     0x0000000000000260      0x1f0 ../project_bsp/\libhal_bsp.a(alt_sys_init.o)
                                        0x3bd (size before relaxing)
 .debug_str     0x0000000000000450       0xb9 ../project_bsp/\libhal_bsp.a(altera_avalon_jtag_uart_fd.o)
                                        0x3ac (size before relaxing)
 .debug_str     0x0000000000000509       0xd1 ../project_bsp/\libhal_bsp.a(altera_avalon_jtag_uart_init.o)
                                        0x34f (size before relaxing)
 .debug_str     0x00000000000005da       0x4a ../project_bsp/\libhal_bsp.a(altera_avalon_jtag_uart_ioctl.o)
                                        0x29b (size before relaxing)
 .debug_str     0x0000000000000624       0x7f ../project_bsp/\libhal_bsp.a(altera_avalon_jtag_uart_read.o)
                                        0x2ff (size before relaxing)
 .debug_str     0x00000000000006a3       0x4a ../project_bsp/\libhal_bsp.a(altera_avalon_jtag_uart_write.o)
                                        0x300 (size before relaxing)
 .debug_str     0x00000000000006ed       0x6d ../project_bsp/\libhal_bsp.a(altera_avalon_timer_sc.o)
                                        0x262 (size before relaxing)
 .debug_str     0x000000000000075a      0x182 ../project_bsp/\libhal_bsp.a(altera_up_avalon_rs232.o)
                                        0x374 (size before relaxing)
 .debug_str     0x00000000000008dc       0x5f ../project_bsp/\libhal_bsp.a(alt_alarm_start.o)
                                        0x295 (size before relaxing)
 .debug_str     0x000000000000093b       0x44 ../project_bsp/\libhal_bsp.a(alt_close.o)
                                        0x213 (size before relaxing)
 .debug_str     0x000000000000097f       0x34 ../project_bsp/\libhal_bsp.a(alt_dcache_flush_all.o)
                                        0x15d (size before relaxing)
 .debug_str     0x00000000000009b3      0x120 ../project_bsp/\libhal_bsp.a(alt_dev.o)
                                        0x30d (size before relaxing)
 .debug_str     0x0000000000000ad3       0x34 ../project_bsp/\libhal_bsp.a(alt_dev_llist_insert.o)
                                        0x1d4 (size before relaxing)
 .debug_str     0x0000000000000b07       0x48 ../project_bsp/\libhal_bsp.a(alt_do_ctors.o)
                                         0xd8 (size before relaxing)
 .debug_str     0x0000000000000b4f       0x4c ../project_bsp/\libhal_bsp.a(alt_do_dtors.o)
                                         0xd7 (size before relaxing)
 .debug_str     0x0000000000000b9b       0x14 ../project_bsp/\libhal_bsp.a(alt_errno.o)
                                        0x14d (size before relaxing)
 .debug_str     0x0000000000000baf       0x24 ../project_bsp/\libhal_bsp.a(alt_find_dev.o)
                                        0x1f4 (size before relaxing)
 .debug_str     0x0000000000000bd3       0x34 ../project_bsp/\libhal_bsp.a(alt_icache_flush_all.o)
                                        0x15d (size before relaxing)
 .debug_str     0x0000000000000c07       0x56 ../project_bsp/\libhal_bsp.a(alt_io_redirect.o)
                                        0x31e (size before relaxing)
 .debug_str     0x0000000000000c5d       0x77 ../project_bsp/\libhal_bsp.a(alt_irq_register.o)
                                        0x1fe (size before relaxing)
 .debug_str     0x0000000000000cd4       0x17 ../project_bsp/\libhal_bsp.a(alt_irq_vars.o)
                                        0x130 (size before relaxing)
 .debug_str     0x0000000000000ceb       0x2f ../project_bsp/\libhal_bsp.a(alt_open.o)
                                        0x253 (size before relaxing)
 .debug_str     0x0000000000000d1a       0x28 ../project_bsp/\libhal_bsp.a(alt_release_fd.o)
                                        0x1db (size before relaxing)
 .debug_str     0x0000000000000d42       0x4a ../project_bsp/\libhal_bsp.a(alt_tick.o)
                                        0x269 (size before relaxing)
 .debug_str     0x0000000000000d8c       0x3b ../project_bsp/\libhal_bsp.a(altera_nios2_qsys_irq.o)
                                        0x17b (size before relaxing)
 .debug_str     0x0000000000000dc7       0x26 ../project_bsp/\libhal_bsp.a(alt_find_file.o)
                                        0x202 (size before relaxing)
 .debug_str     0x0000000000000ded       0x30 ../project_bsp/\libhal_bsp.a(alt_get_fd.o)
                                        0x224 (size before relaxing)
 .debug_str     0x0000000000000e1d       0x2c ../project_bsp/\libhal_bsp.a(alt_icache_flush.o)
                                        0x163 (size before relaxing)
 .debug_str     0x0000000000000e49       0x3f ../project_bsp/\libhal_bsp.a(alt_irq_handler.o)
                                        0x1ae (size before relaxing)
 .debug_str     0x0000000000000e88      0x15d c:/intelfpga_lite/17.1/nios2eds/bin/gnu/h-x86_64-mingw32/bin/../lib/gcc/nios2-elf/5.3.0/../../../../../H-x86_64-mingw32/nios2-elf/lib\libsmallc.a(lib_a-atexit.o)
                                        0x202 (size before relaxing)
 .debug_str     0x0000000000000fe5       0x49 c:/intelfpga_lite/17.1/nios2eds/bin/gnu/h-x86_64-mingw32/bin/../lib/gcc/nios2-elf/5.3.0/../../../../../H-x86_64-mingw32/nios2-elf/lib\libsmallc.a(lib_a-exit.o)
                                        0x1d6 (size before relaxing)
 .debug_str     0x000000000000102e       0xc5 c:/intelfpga_lite/17.1/nios2eds/bin/gnu/h-x86_64-mingw32/bin/../lib/gcc/nios2-elf/5.3.0/../../../../../H-x86_64-mingw32/nios2-elf/lib\libsmallc.a(lib_a-int_errno.o)
                                        0x1be (size before relaxing)
 .debug_str     0x00000000000010f3       0xd2 c:/intelfpga_lite/17.1/nios2eds/bin/gnu/h-x86_64-mingw32/bin/../lib/gcc/nios2-elf/5.3.0/../../../../../H-x86_64-mingw32/nios2-elf/lib\libsmallc.a(lib_a-memcmp.o)
                                        0x1c5 (size before relaxing)
 .debug_str     0x00000000000011c5       0x55 c:/intelfpga_lite/17.1/nios2eds/bin/gnu/h-x86_64-mingw32/bin/../lib/gcc/nios2-elf/5.3.0/../../../../../H-x86_64-mingw32/nios2-elf/lib\libsmallc.a(lib_a-memcpy.o)
                                        0x1d9 (size before relaxing)
 .debug_str     0x000000000000121a       0x41 c:/intelfpga_lite/17.1/nios2eds/bin/gnu/h-x86_64-mingw32/bin/../lib/gcc/nios2-elf/5.3.0/../../../../../H-x86_64-mingw32/nios2-elf/lib\libsmallc.a(lib_a-strlen.o)
                                        0x1cb (size before relaxing)
 .debug_str     0x000000000000125b      0x2f1 c:/intelfpga_lite/17.1/nios2eds/bin/gnu/h-x86_64-mingw32/bin/../lib/gcc/nios2-elf/5.3.0/../../../../../H-x86_64-mingw32/nios2-elf/lib\libsmallc.a(lib_a-__atexit.o)
                                        0x4e5 (size before relaxing)
 .debug_str     0x000000000000154c       0x62 c:/intelfpga_lite/17.1/nios2eds/bin/gnu/h-x86_64-mingw32/bin/../lib/gcc/nios2-elf/5.3.0/../../../../../H-x86_64-mingw32/nios2-elf/lib\libsmallc.a(lib_a-__call_atexit.o)
                                        0x4d1 (size before relaxing)
 .debug_str     0x00000000000015ae       0x45 c:/intelfpga_lite/17.1/nios2eds/bin/gnu/h-x86_64-mingw32/bin/../lib/gcc/nios2-elf/5.3.0/../../../../../H-x86_64-mingw32/nios2-elf/lib\libsmallc.a(lib_a-impure.o)
                                        0x4a4 (size before relaxing)
 .debug_str     0x00000000000015f3       0x2a ../project_bsp/\libhal_bsp.a(alt_exit.o)
                                        0x170 (size before relaxing)

.debug_loc      0x0000000000000000      0x548
 *(.debug_loc)
 .debug_loc     0x0000000000000000       0x2c c:/intelfpga_lite/17.1/nios2eds/bin/gnu/h-x86_64-mingw32/bin/../lib/gcc/nios2-elf/5.3.0/../../../../../H-x86_64-mingw32/nios2-elf/lib\libsmallc.a(lib_a-atexit.o)
 .debug_loc     0x000000000000002c       0x1e c:/intelfpga_lite/17.1/nios2eds/bin/gnu/h-x86_64-mingw32/bin/../lib/gcc/nios2-elf/5.3.0/../../../../../H-x86_64-mingw32/nios2-elf/lib\libsmallc.a(lib_a-exit.o)
 .debug_loc     0x000000000000004a       0x94 c:/intelfpga_lite/17.1/nios2eds/bin/gnu/h-x86_64-mingw32/bin/../lib/gcc/nios2-elf/5.3.0/../../../../../H-x86_64-mingw32/nios2-elf/lib\libsmallc.a(lib_a-memcmp.o)
 .debug_loc     0x00000000000000de      0x135 c:/intelfpga_lite/17.1/nios2eds/bin/gnu/h-x86_64-mingw32/bin/../lib/gcc/nios2-elf/5.3.0/../../../../../H-x86_64-mingw32/nios2-elf/lib\libsmallc.a(lib_a-memcpy.o)
 .debug_loc     0x0000000000000213       0x1e c:/intelfpga_lite/17.1/nios2eds/bin/gnu/h-x86_64-mingw32/bin/../lib/gcc/nios2-elf/5.3.0/../../../../../H-x86_64-mingw32/nios2-elf/lib\libsmallc.a(lib_a-strlen.o)
 .debug_loc     0x0000000000000231      0x1c0 c:/intelfpga_lite/17.1/nios2eds/bin/gnu/h-x86_64-mingw32/bin/../lib/gcc/nios2-elf/5.3.0/../../../../../H-x86_64-mingw32/nios2-elf/lib\libsmallc.a(lib_a-__atexit.o)
 .debug_loc     0x00000000000003f1      0x157 c:/intelfpga_lite/17.1/nios2eds/bin/gnu/h-x86_64-mingw32/bin/../lib/gcc/nios2-elf/5.3.0/../../../../../H-x86_64-mingw32/nios2-elf/lib\libsmallc.a(lib_a-__call_atexit.o)

.debug_macinfo
 *(.debug_macinfo)

.debug_weaknames
 *(.debug_weaknames)

.debug_funcnames
 *(.debug_funcnames)

.debug_typenames
 *(.debug_typenames)

.debug_varnames
 *(.debug_varnames)

.debug_alt_sim_info
                0x0000000000000000       0x30
 *(.debug_alt_sim_info)
 .debug_alt_sim_info
                0x0000000000000000       0x30 ../project_bsp//obj/HAL/src/crt0.o
                0x000000000ffff800                __alt_data_end = 0xffff800
                0x000000000ffff800                PROVIDE (__alt_stack_pointer, __alt_data_end)
                [!provide]                        PROVIDE (__alt_stack_limit, __alt_stack_base)
                0x0000000010000000                PROVIDE (__alt_exception_stack_pointer, 0x10000000)
                [!provide]                        PROVIDE (__alt_exception_stack_limit, 0xffffc00)
                [!provide]                        PROVIDE (__alt_interrupt_stack_pointer, 0xffffc00)
                [!provide]                        PROVIDE (__alt_interrupt_stack_limit, 0xffff800)
                [!provide]                        PROVIDE (__alt_heap_start, end)
                [!provide]                        PROVIDE (__alt_heap_limit, 0xffff800)
OUTPUT(project.elf elf32-littlenios2)

.debug_ranges   0x0000000000000000      0x158
 .debug_ranges  0x0000000000000000       0x20 ../project_bsp//obj/HAL/src/crt0.o
 .debug_ranges  0x0000000000000020       0x30 ../project_bsp/\libhal_bsp.a(altera_avalon_jtag_uart_init.o)
 .debug_ranges  0x0000000000000050       0x18 ../project_bsp/\libhal_bsp.a(altera_avalon_jtag_uart_read.o)
 .debug_ranges  0x0000000000000068       0x28 ../project_bsp/\libhal_bsp.a(alt_irq_entry.o)
 .debug_ranges  0x0000000000000090       0x10 ../project_bsp/\libhal_bsp.a(alt_irq_handler.o)
 .debug_ranges  0x00000000000000a0       0x30 ../project_bsp/\libhal_bsp.a(alt_exception_entry.o)
 .debug_ranges  0x00000000000000d0       0x10 c:/intelfpga_lite/17.1/nios2eds/bin/gnu/h-x86_64-mingw32/bin/../lib/gcc/nios2-elf/5.3.0/../../../../../H-x86_64-mingw32/nios2-elf/lib\libsmallc.a(lib_a-atexit.o)
 .debug_ranges  0x00000000000000e0       0x10 c:/intelfpga_lite/17.1/nios2eds/bin/gnu/h-x86_64-mingw32/bin/../lib/gcc/nios2-elf/5.3.0/../../../../../H-x86_64-mingw32/nios2-elf/lib\libsmallc.a(lib_a-exit.o)
 .debug_ranges  0x00000000000000f0       0x10 c:/intelfpga_lite/17.1/nios2eds/bin/gnu/h-x86_64-mingw32/bin/../lib/gcc/nios2-elf/5.3.0/../../../../../H-x86_64-mingw32/nios2-elf/lib\libsmallc.a(lib_a-memcmp.o)
 .debug_ranges  0x0000000000000100       0x10 c:/intelfpga_lite/17.1/nios2eds/bin/gnu/h-x86_64-mingw32/bin/../lib/gcc/nios2-elf/5.3.0/../../../../../H-x86_64-mingw32/nios2-elf/lib\libsmallc.a(lib_a-memcpy.o)
 .debug_ranges  0x0000000000000110       0x10 c:/intelfpga_lite/17.1/nios2eds/bin/gnu/h-x86_64-mingw32/bin/../lib/gcc/nios2-elf/5.3.0/../../../../../H-x86_64-mingw32/nios2-elf/lib\libsmallc.a(lib_a-strlen.o)
 .debug_ranges  0x0000000000000120       0x10 c:/intelfpga_lite/17.1/nios2eds/bin/gnu/h-x86_64-mingw32/bin/../lib/gcc/nios2-elf/5.3.0/../../../../../H-x86_64-mingw32/nios2-elf/lib\libsmallc.a(lib_a-__atexit.o)
 .debug_ranges  0x0000000000000130       0x28 c:/intelfpga_lite/17.1/nios2eds/bin/gnu/h-x86_64-mingw32/bin/../lib/gcc/nios2-elf/5.3.0/../../../../../H-x86_64-mingw32/nios2-elf/lib\libsmallc.a(lib_a-__call_atexit.o)
