Archive member included to satisfy reference by file (symbol)

c:/intelfpga_lite/17.1/nios2eds/bin/gnu/h-x86_64-mingw32/bin/../lib/gcc/nios2-elf/5.3.0\libgcc.a(lib2-divmod.o)
                              obj/default/hello_world_small.o (__udivsi3)
../smart_car_bsp/\libhal_bsp.a(alt_load.o)
                              ../smart_car_bsp//obj/HAL/src/crt0.o (alt_load)
../smart_car_bsp/\libhal_bsp.a(alt_main.o)
                              ../smart_car_bsp//obj/HAL/src/crt0.o (alt_main)
../smart_car_bsp/\libhal_bsp.a(alt_printf.o)
                              obj/default/hello_world_small.o (alt_printf)
../smart_car_bsp/\libhal_bsp.a(alt_putchar.o)
                              ../smart_car_bsp/\libhal_bsp.a(alt_printf.o) (alt_putchar)
../smart_car_bsp/\libhal_bsp.a(alt_sys_init.o)
                              ../smart_car_bsp/\libhal_bsp.a(alt_main.o) (alt_irq_init)
../smart_car_bsp/\libhal_bsp.a(altera_avalon_jtag_uart_write.o)
                              ../smart_car_bsp/\libhal_bsp.a(alt_putchar.o) (altera_avalon_jtag_uart_write)
../smart_car_bsp/\libhal_bsp.a(altera_avalon_timer_sc.o)
                              ../smart_car_bsp/\libhal_bsp.a(alt_sys_init.o) (alt_avalon_timer_sc_init)
../smart_car_bsp/\libhal_bsp.a(altera_up_avalon_rs232.o)
                              ../smart_car_bsp/\libhal_bsp.a(alt_sys_init.o) (alt_up_rs232_read_fd)
../smart_car_bsp/\libhal_bsp.a(alt_dcache_flush_all.o)
                              ../smart_car_bsp/\libhal_bsp.a(alt_load.o) (alt_dcache_flush_all)
../smart_car_bsp/\libhal_bsp.a(alt_dev.o)
                              ../smart_car_bsp/\libhal_bsp.a(alt_sys_init.o) (alt_dev_list)
../smart_car_bsp/\libhal_bsp.a(alt_dev_llist_insert.o)
                              ../smart_car_bsp/\libhal_bsp.a(alt_sys_init.o) (alt_dev_llist_insert)
../smart_car_bsp/\libhal_bsp.a(alt_errno.o)
                              ../smart_car_bsp/\libhal_bsp.a(alt_dev_llist_insert.o) (alt_errno)
../smart_car_bsp/\libhal_bsp.a(alt_find_dev.o)
                              ../smart_car_bsp/\libhal_bsp.a(altera_up_avalon_rs232.o) (alt_find_dev)
../smart_car_bsp/\libhal_bsp.a(alt_icache_flush_all.o)
                              ../smart_car_bsp/\libhal_bsp.a(alt_load.o) (alt_icache_flush_all)
../smart_car_bsp/\libhal_bsp.a(alt_irq_register.o)
                              ../smart_car_bsp/\libhal_bsp.a(altera_avalon_timer_sc.o) (alt_irq_register)
../smart_car_bsp/\libhal_bsp.a(alt_irq_vars.o)
                              ../smart_car_bsp/\libhal_bsp.a(alt_irq_register.o) (alt_irq_active)
../smart_car_bsp/\libhal_bsp.a(alt_tick.o)
                              ../smart_car_bsp/\libhal_bsp.a(altera_avalon_timer_sc.o) (alt_tick)
../smart_car_bsp/\libhal_bsp.a(altera_nios2_qsys_irq.o)
                              ../smart_car_bsp/\libhal_bsp.a(alt_sys_init.o) (altera_nios2_qsys_irq_init)
../smart_car_bsp/\libhal_bsp.a(alt_icache_flush.o)
                              ../smart_car_bsp/\libhal_bsp.a(alt_icache_flush_all.o) (alt_icache_flush)
../smart_car_bsp/\libhal_bsp.a(alt_irq_entry.o)
                              ../smart_car_bsp/\libhal_bsp.a(alt_irq_register.o) (alt_irq_entry)
../smart_car_bsp/\libhal_bsp.a(alt_irq_handler.o)
                              ../smart_car_bsp/\libhal_bsp.a(alt_irq_register.o) (alt_irq_handler)
../smart_car_bsp/\libhal_bsp.a(alt_exception_entry.o)
                              ../smart_car_bsp/\libhal_bsp.a(alt_irq_entry.o) (alt_exception)
c:/intelfpga_lite/17.1/nios2eds/bin/gnu/h-x86_64-mingw32/bin/../lib/gcc/nios2-elf/5.3.0/../../../../../H-x86_64-mingw32/nios2-elf/lib\libsmallc.a(lib_a-int_errno.o)
                              ../smart_car_bsp/\libhal_bsp.a(alt_dev_llist_insert.o) (errno)
c:/intelfpga_lite/17.1/nios2eds/bin/gnu/h-x86_64-mingw32/bin/../lib/gcc/nios2-elf/5.3.0/../../../../../H-x86_64-mingw32/nios2-elf/lib\libsmallc.a(lib_a-memcmp.o)
                              ../smart_car_bsp/\libhal_bsp.a(alt_find_dev.o) (memcmp)
c:/intelfpga_lite/17.1/nios2eds/bin/gnu/h-x86_64-mingw32/bin/../lib/gcc/nios2-elf/5.3.0/../../../../../H-x86_64-mingw32/nios2-elf/lib\libsmallc.a(lib_a-strlen.o)
                              ../smart_car_bsp/\libhal_bsp.a(alt_find_dev.o) (strlen)

Allocating common symbols
Common symbol       size              file

alt_irq             0x100             ../smart_car_bsp/\libhal_bsp.a(alt_irq_handler.o)
errno               0x4               c:/intelfpga_lite/17.1/nios2eds/bin/gnu/h-x86_64-mingw32/bin/../lib/gcc/nios2-elf/5.3.0/../../../../../H-x86_64-mingw32/nios2-elf/lib\libsmallc.a(lib_a-int_errno.o)

Memory Configuration

Name             Origin             Length             Attributes
onchip_memory2_0 0x0000000000000000 0x0000000000001000
reset            0x0000000008000000 0x0000000000000020
sdram            0x0000000008000020 0x0000000007fff7e0
interrupt_stack  0x000000000ffff800 0x0000000000000400
exception_stack  0x000000000ffffc00 0x0000000000000400
*default*        0x0000000000000000 0xffffffffffffffff

Linker script and memory map

LOAD ../smart_car_bsp//obj/HAL/src/crt0.o
LOAD obj/default/hello_world_small.o
LOAD c:/intelfpga_lite/17.1/nios2eds/bin/gnu/h-x86_64-mingw32/bin/../lib/gcc/nios2-elf/5.3.0/../../../../../H-x86_64-mingw32/nios2-elf/lib\libstdc++.a
LOAD c:/intelfpga_lite/17.1/nios2eds/bin/gnu/h-x86_64-mingw32/bin/../lib/gcc/nios2-elf/5.3.0/../../../../../H-x86_64-mingw32/nios2-elf/lib\libm.a
LOAD c:/intelfpga_lite/17.1/nios2eds/bin/gnu/h-x86_64-mingw32/bin/../lib/gcc/nios2-elf/5.3.0\libgcc.a
START GROUP
LOAD c:/intelfpga_lite/17.1/nios2eds/bin/gnu/h-x86_64-mingw32/bin/../lib/gcc/nios2-elf/5.3.0/../../../../../H-x86_64-mingw32/nios2-elf/lib\libsmallc.a
LOAD c:/intelfpga_lite/17.1/nios2eds/bin/gnu/h-x86_64-mingw32/bin/../lib/gcc/nios2-elf/5.3.0\libgcc.a
LOAD ../smart_car_bsp/\libhal_bsp.a
LOAD c:/intelfpga_lite/17.1/nios2eds/bin/gnu/h-x86_64-mingw32/bin/../lib/gcc/nios2-elf/5.3.0/../../../../../H-x86_64-mingw32/nios2-elf/lib\libm.a
END GROUP
LOAD c:/intelfpga_lite/17.1/nios2eds/bin/gnu/h-x86_64-mingw32/bin/../lib/gcc/nios2-elf/5.3.0\libgcc.a
                0x0000000000000000                __alt_mem_onchip_memory2_0 = 0x0
                0x0000000008000000                __alt_mem_sdram = 0x8000000

.entry          0x0000000008000000       0x20
 *(.entry)
 .entry         0x0000000008000000       0x20 ../smart_car_bsp//obj/HAL/src/crt0.o
                0x0000000008000000                __reset
                0x000000000800001c                _exit

.exceptions     0x0000000008000020      0x138
                0x0000000008000020                PROVIDE (__ram_exceptions_start, ABSOLUTE (.))
                0x0000000008000020                . = ALIGN (0x20)
 *(.irq)
 *(.exceptions.entry.label)
 .exceptions.entry.label
                0x0000000008000020        0x0 ../smart_car_bsp/\libhal_bsp.a(alt_irq_entry.o)
                0x0000000008000020                alt_irq_entry
 .exceptions.entry.label
                0x0000000008000020        0x0 ../smart_car_bsp/\libhal_bsp.a(alt_exception_entry.o)
                0x0000000008000020                alt_exception
 *(.exceptions.entry.user)
 *(.exceptions.entry.ecc_fatal)
 *(.exceptions.entry)
 .exceptions.entry
                0x0000000008000020       0x60 ../smart_car_bsp/\libhal_bsp.a(alt_exception_entry.o)
 *(.exceptions.irqtest.user)
 *(.exceptions.irqtest)
 .exceptions.irqtest
                0x0000000008000080       0x10 ../smart_car_bsp/\libhal_bsp.a(alt_irq_entry.o)
 *(.exceptions.irqhandler.user)
 *(.exceptions.irqhandler)
 .exceptions.irqhandler
                0x0000000008000090        0x4 ../smart_car_bsp/\libhal_bsp.a(alt_irq_entry.o)
 *(.exceptions.irqreturn.user)
 *(.exceptions.irqreturn)
 .exceptions.irqreturn
                0x0000000008000094        0x4 ../smart_car_bsp/\libhal_bsp.a(alt_irq_entry.o)
 *(.exceptions.notirq.label)
 .exceptions.notirq.label
                0x0000000008000098        0x0 ../smart_car_bsp/\libhal_bsp.a(alt_irq_entry.o)
 *(.exceptions.notirq.user)
 *(.exceptions.notirq)
 .exceptions.notirq
                0x0000000008000098        0x8 ../smart_car_bsp/\libhal_bsp.a(alt_exception_entry.o)
 *(.exceptions.soft.user)
 *(.exceptions.soft)
 *(.exceptions.unknown.user)
 *(.exceptions.unknown)
 .exceptions.unknown
                0x00000000080000a0        0x4 ../smart_car_bsp/\libhal_bsp.a(alt_exception_entry.o)
 *(.exceptions.exit.label)
 .exceptions.exit.label
                0x00000000080000a4        0x0 ../smart_car_bsp/\libhal_bsp.a(alt_irq_entry.o)
 .exceptions.exit.label
                0x00000000080000a4        0x0 ../smart_car_bsp/\libhal_bsp.a(alt_exception_entry.o)
 *(.exceptions.exit.user)
 *(.exceptions.exit)
 .exceptions.exit
                0x00000000080000a4       0x54 ../smart_car_bsp/\libhal_bsp.a(alt_exception_entry.o)
 *(.exceptions)
 .exceptions    0x00000000080000f8       0x60 ../smart_car_bsp/\libhal_bsp.a(alt_irq_handler.o)
                0x00000000080000f8                alt_irq_handler
                0x0000000008000158                PROVIDE (__ram_exceptions_end, ABSOLUTE (.))
                0x0000000008000020                PROVIDE (__flash_exceptions_start, LOADADDR (.exceptions))

.text           0x0000000008000158      0xb7c
                [!provide]                        PROVIDE (stext, ABSOLUTE (.))
 *(.interp)
 *(.hash)
 *(.dynsym)
 *(.dynstr)
 *(.gnu.version)
 *(.gnu.version_d)
 *(.gnu.version_r)
 *(.rel.init)
 *(.rela.init)
 *(.rel.text .rel.text.* .rel.gnu.linkonce.t.*)
 *(.rela.text .rela.text.* .rela.gnu.linkonce.t.*)
 *(.rel.fini)
 *(.rela.fini)
 *(.rel.rodata .rel.rodata.* .rel.gnu.linkonce.r.*)
 *(.rela.rodata .rela.rodata.* .rela.gnu.linkonce.r.*)
 *(.rel.data .rel.data.* .rel.gnu.linkonce.d.*)
 *(.rela.data .rela.data.* .rela.gnu.linkonce.d.*)
 *(.rel.tdata .rel.tdata.* .rel.gnu.linkonce.td.*)
 *(.rela.tdata .rela.tdata.* .rela.gnu.linkonce.td.*)
 *(.rel.tbss .rel.tbss.* .rel.gnu.linkonce.tb.*)
 *(.rela.tbss .rela.tbss.* .rela.gnu.linkonce.tb.*)
 *(.rel.ctors)
 *(.rela.ctors)
 *(.rel.dtors)
 *(.rela.dtors)
 *(.rel.got)
 *(.rela.got)
 *(.rel.sdata .rel.sdata.* .rel.gnu.linkonce.s.*)
 *(.rela.sdata .rela.sdata.* .rela.gnu.linkonce.s.*)
 *(.rel.sbss .rel.sbss.* .rel.gnu.linkonce.sb.*)
 *(.rela.sbss .rela.sbss.* .rela.gnu.linkonce.sb.*)
 *(.rel.sdata2 .rel.sdata2.* .rel.gnu.linkonce.s2.*)
 *(.rela.sdata2 .rela.sdata2.* .rela.gnu.linkonce.s2.*)
 *(.rel.sbss2 .rel.sbss2.* .rel.gnu.linkonce.sb2.*)
 *(.rela.sbss2 .rela.sbss2.* .rela.gnu.linkonce.sb2.*)
 *(.rel.bss .rel.bss.* .rel.gnu.linkonce.b.*)
 *(.rela.bss .rela.bss.* .rela.gnu.linkonce.b.*)
 *(.rel.plt)
 *(.rela.plt)
 *(.rel.dyn)
 *(.init)
 *(.plt)
 *(.text .stub .text.* .gnu.linkonce.t.*)
 .text          0x0000000008000158       0x4c ../smart_car_bsp//obj/HAL/src/crt0.o
                0x0000000008000158                _start
 .text          0x00000000080001a4      0x128 obj/default/hello_world_small.o
                0x00000000080001a4                clearhex
                0x00000000080001ec                decimal_to_hex
 .text.startup  0x00000000080002cc       0x2c obj/default/hello_world_small.o
                0x00000000080002cc                main
 .text          0x00000000080002f8      0x1b4 c:/intelfpga_lite/17.1/nios2eds/bin/gnu/h-x86_64-mingw32/bin/../lib/gcc/nios2-elf/5.3.0\libgcc.a(lib2-divmod.o)
                0x00000000080002f8                __divsi3
                0x000000000800037c                __modsi3
                0x00000000080003f0                __udivsi3
                0x0000000008000454                __umodsi3
 .text          0x00000000080004ac       0xe0 ../smart_car_bsp/\libhal_bsp.a(alt_load.o)
                0x00000000080004ac                alt_load
 .text          0x000000000800058c       0x2c ../smart_car_bsp/\libhal_bsp.a(alt_main.o)
                0x000000000800058c                alt_main
 .text          0x00000000080005b8      0x170 ../smart_car_bsp/\libhal_bsp.a(alt_printf.o)
                0x00000000080005b8                alt_printf
 .text          0x0000000008000728       0x48 ../smart_car_bsp/\libhal_bsp.a(alt_putchar.o)
                0x0000000008000728                alt_putchar
 .text          0x0000000008000770       0x54 ../smart_car_bsp/\libhal_bsp.a(alt_sys_init.o)
                0x0000000008000770                alt_irq_init
                0x0000000008000790                alt_sys_init
 .text          0x00000000080007c4       0x34 ../smart_car_bsp/\libhal_bsp.a(altera_avalon_jtag_uart_write.o)
                0x00000000080007c4                altera_avalon_jtag_uart_write
 .text          0x00000000080007f8       0x64 ../smart_car_bsp/\libhal_bsp.a(altera_avalon_timer_sc.o)
                0x0000000008000834                alt_avalon_timer_sc_init
 .text          0x000000000800085c      0x160 ../smart_car_bsp/\libhal_bsp.a(altera_up_avalon_rs232.o)
                0x000000000800085c                alt_up_rs232_enable_read_interrupt
                0x0000000008000874                alt_up_rs232_disable_read_interrupt
                0x0000000008000890                alt_up_rs232_get_used_space_in_read_FIFO
                0x00000000080008a0                alt_up_rs232_get_available_space_in_write_FIFO
                0x00000000080008b0                alt_up_rs232_check_parity
                0x00000000080008bc                alt_up_rs232_write_data
                0x00000000080008d0                alt_up_rs232_read_data
                0x000000000800091c                alt_up_rs232_read_fd
                0x000000000800098c                alt_up_rs232_write_fd
                0x00000000080009b4                alt_up_rs232_open_dev
 .text          0x00000000080009bc       0x18 ../smart_car_bsp/\libhal_bsp.a(alt_dcache_flush_all.o)
                0x00000000080009bc                alt_dcache_flush_all
 .text          0x00000000080009d4        0x8 ../smart_car_bsp/\libhal_bsp.a(alt_dev.o)
 .text          0x00000000080009dc       0x6c ../smart_car_bsp/\libhal_bsp.a(alt_dev_llist_insert.o)
                0x00000000080009dc                alt_dev_llist_insert
 .text          0x0000000008000a48        0x0 ../smart_car_bsp/\libhal_bsp.a(alt_errno.o)
 .text          0x0000000008000a48       0x74 ../smart_car_bsp/\libhal_bsp.a(alt_find_dev.o)
                0x0000000008000a48                alt_find_dev
 .text          0x0000000008000abc        0xc ../smart_car_bsp/\libhal_bsp.a(alt_icache_flush_all.o)
                0x0000000008000abc                alt_icache_flush_all
 .text          0x0000000008000ac8       0x94 ../smart_car_bsp/\libhal_bsp.a(alt_irq_register.o)
                0x0000000008000ac8                alt_irq_register
 .text          0x0000000008000b5c        0x0 ../smart_car_bsp/\libhal_bsp.a(alt_irq_vars.o)
 .text          0x0000000008000b5c       0xec ../smart_car_bsp/\libhal_bsp.a(alt_tick.o)
                0x0000000008000b5c                alt_alarm_stop
                0x0000000008000b90                alt_tick
 .text          0x0000000008000c48        0x8 ../smart_car_bsp/\libhal_bsp.a(altera_nios2_qsys_irq.o)
                0x0000000008000c48                altera_nios2_qsys_irq_init
 .text          0x0000000008000c50       0x38 ../smart_car_bsp/\libhal_bsp.a(alt_icache_flush.o)
                0x0000000008000c50                alt_icache_flush
 .text          0x0000000008000c88        0x0 ../smart_car_bsp/\libhal_bsp.a(alt_irq_entry.o)
 .text          0x0000000008000c88        0x0 ../smart_car_bsp/\libhal_bsp.a(alt_irq_handler.o)
 .text          0x0000000008000c88        0x0 ../smart_car_bsp/\libhal_bsp.a(alt_exception_entry.o)
 .text          0x0000000008000c88        0x0 c:/intelfpga_lite/17.1/nios2eds/bin/gnu/h-x86_64-mingw32/bin/../lib/gcc/nios2-elf/5.3.0/../../../../../H-x86_64-mingw32/nios2-elf/lib\libsmallc.a(lib_a-int_errno.o)
 .text          0x0000000008000c88        0x0 c:/intelfpga_lite/17.1/nios2eds/bin/gnu/h-x86_64-mingw32/bin/../lib/gcc/nios2-elf/5.3.0/../../../../../H-x86_64-mingw32/nios2-elf/lib\libsmallc.a(lib_a-memcmp.o)
 .text.memcmp   0x0000000008000c88       0x30 c:/intelfpga_lite/17.1/nios2eds/bin/gnu/h-x86_64-mingw32/bin/../lib/gcc/nios2-elf/5.3.0/../../../../../H-x86_64-mingw32/nios2-elf/lib\libsmallc.a(lib_a-memcmp.o)
                0x0000000008000c88                memcmp
 .text          0x0000000008000cb8        0x0 c:/intelfpga_lite/17.1/nios2eds/bin/gnu/h-x86_64-mingw32/bin/../lib/gcc/nios2-elf/5.3.0/../../../../../H-x86_64-mingw32/nios2-elf/lib\libsmallc.a(lib_a-strlen.o)
 .text.strlen   0x0000000008000cb8       0x1c c:/intelfpga_lite/17.1/nios2eds/bin/gnu/h-x86_64-mingw32/bin/../lib/gcc/nios2-elf/5.3.0/../../../../../H-x86_64-mingw32/nios2-elf/lib\libsmallc.a(lib_a-strlen.o)
                0x0000000008000cb8                strlen
 *(.gnu.warning.*)
 *(.fini)
                [!provide]                        PROVIDE (__etext, ABSOLUTE (.))
                [!provide]                        PROVIDE (_etext, ABSOLUTE (.))
                [!provide]                        PROVIDE (etext, ABSOLUTE (.))
 *(.eh_frame_hdr)
                0x0000000008000cd4                . = ALIGN (0x4)
                [!provide]                        PROVIDE (__preinit_array_start, ABSOLUTE (.))
 *(.preinit_array)
                [!provide]                        PROVIDE (__preinit_array_end, ABSOLUTE (.))
                [!provide]                        PROVIDE (__init_array_start, ABSOLUTE (.))
 *(.init_array)
                [!provide]                        PROVIDE (__init_array_end, ABSOLUTE (.))
                [!provide]                        PROVIDE (__fini_array_start, ABSOLUTE (.))
 *(.fini_array)
                [!provide]                        PROVIDE (__fini_array_end, ABSOLUTE (.))
 *(.eh_frame)
 *(.gcc_except_table .gcc_except_table.*)
 *(.dynamic)
                [!provide]                        PROVIDE (__CTOR_LIST__, ABSOLUTE (.))
 *(.ctors)
 *(SORT(.ctors.*))
                [!provide]                        PROVIDE (__CTOR_END__, ABSOLUTE (.))
                [!provide]                        PROVIDE (__DTOR_LIST__, ABSOLUTE (.))
 *(.dtors)
 *(SORT(.dtors.*))
                [!provide]                        PROVIDE (__DTOR_END__, ABSOLUTE (.))
 *(.jcr)
                0x0000000008000cd4                . = ALIGN (0x4)

.rodata         0x0000000008000cd4       0x28
                0x0000000008000cd4                PROVIDE (__ram_rodata_start, ABSOLUTE (.))
                0x0000000008000cd4                . = ALIGN (0x4)
 *(.rodata .rodata.* .gnu.linkonce.r.*)
 .rodata.str1.4
                0x0000000008000cd4        0xe obj/default/hello_world_small.o
 *fill*         0x0000000008000ce2        0x2 
 .rodata.str1.4
                0x0000000008000ce4        0xa ../smart_car_bsp/\libhal_bsp.a(alt_sys_init.o)
 *fill*         0x0000000008000cee        0x2 
 .rodata.str1.4
                0x0000000008000cf0        0xc ../smart_car_bsp/\libhal_bsp.a(alt_dev.o)
                                          0xa (size before relaxing)
 *(.rodata1)
                0x0000000008000cfc                . = ALIGN (0x4)
                0x0000000008000cfc                PROVIDE (__ram_rodata_end, ABSOLUTE (.))
                0x0000000008000cd4                PROVIDE (__flash_rodata_start, LOADADDR (.rodata))

.rwdata         0x0000000008000cfc       0xd0 load address 0x0000000008000dcc
                0x0000000008000cfc                PROVIDE (__ram_rwdata_start, ABSOLUTE (.))
                0x0000000008000cfc                . = ALIGN (0x4)
 *(.got.plt)
 *(.got)
 *(.data1)
 *(.data .data.* .gnu.linkonce.d.*)
 .data          0x0000000008000cfc        0x0 ../smart_car_bsp//obj/HAL/src/crt0.o
 .data          0x0000000008000cfc       0x28 obj/default/hello_world_small.o
                0x0000000008000cfc                hextable
 .data          0x0000000008000d24        0x0 c:/intelfpga_lite/17.1/nios2eds/bin/gnu/h-x86_64-mingw32/bin/../lib/gcc/nios2-elf/5.3.0\libgcc.a(lib2-divmod.o)
 .data          0x0000000008000d24        0x0 ../smart_car_bsp/\libhal_bsp.a(alt_load.o)
 .data          0x0000000008000d24        0x0 ../smart_car_bsp/\libhal_bsp.a(alt_main.o)
 .data          0x0000000008000d24        0x0 ../smart_car_bsp/\libhal_bsp.a(alt_printf.o)
 .data          0x0000000008000d24        0x0 ../smart_car_bsp/\libhal_bsp.a(alt_putchar.o)
 .data          0x0000000008000d24       0x2c ../smart_car_bsp/\libhal_bsp.a(alt_sys_init.o)
 .data          0x0000000008000d50        0x0 ../smart_car_bsp/\libhal_bsp.a(altera_avalon_jtag_uart_write.o)
 .data          0x0000000008000d50        0x0 ../smart_car_bsp/\libhal_bsp.a(altera_avalon_timer_sc.o)
 .data          0x0000000008000d50        0x0 ../smart_car_bsp/\libhal_bsp.a(altera_up_avalon_rs232.o)
 .data          0x0000000008000d50        0x0 ../smart_car_bsp/\libhal_bsp.a(alt_dcache_flush_all.o)
 .data          0x0000000008000d50       0x58 ../smart_car_bsp/\libhal_bsp.a(alt_dev.o)
                0x0000000008000d50                alt_fd_list
                0x0000000008000d80                alt_dev_null
 .data          0x0000000008000da8        0x0 ../smart_car_bsp/\libhal_bsp.a(alt_dev_llist_insert.o)
 .data          0x0000000008000da8        0x0 ../smart_car_bsp/\libhal_bsp.a(alt_errno.o)
 .data          0x0000000008000da8        0x0 ../smart_car_bsp/\libhal_bsp.a(alt_find_dev.o)
 .data          0x0000000008000da8        0x0 ../smart_car_bsp/\libhal_bsp.a(alt_icache_flush_all.o)
 .data          0x0000000008000da8        0x0 ../smart_car_bsp/\libhal_bsp.a(alt_irq_register.o)
 .data          0x0000000008000da8        0x0 ../smart_car_bsp/\libhal_bsp.a(alt_irq_vars.o)
 .data          0x0000000008000da8        0x0 ../smart_car_bsp/\libhal_bsp.a(alt_tick.o)
 .data          0x0000000008000da8        0x0 ../smart_car_bsp/\libhal_bsp.a(altera_nios2_qsys_irq.o)
 .data          0x0000000008000da8        0x0 ../smart_car_bsp/\libhal_bsp.a(alt_icache_flush.o)
 .data          0x0000000008000da8        0x0 ../smart_car_bsp/\libhal_bsp.a(alt_irq_entry.o)
 .data          0x0000000008000da8        0x0 ../smart_car_bsp/\libhal_bsp.a(alt_irq_handler.o)
 .data          0x0000000008000da8        0x0 ../smart_car_bsp/\libhal_bsp.a(alt_exception_entry.o)
 .data          0x0000000008000da8        0x0 c:/intelfpga_lite/17.1/nios2eds/bin/gnu/h-x86_64-mingw32/bin/../lib/gcc/nios2-elf/5.3.0/../../../../../H-x86_64-mingw32/nios2-elf/lib\libsmallc.a(lib_a-int_errno.o)
 .data          0x0000000008000da8        0x0 c:/intelfpga_lite/17.1/nios2eds/bin/gnu/h-x86_64-mingw32/bin/../lib/gcc/nios2-elf/5.3.0/../../../../../H-x86_64-mingw32/nios2-elf/lib\libsmallc.a(lib_a-memcmp.o)
 .data          0x0000000008000da8        0x0 c:/intelfpga_lite/17.1/nios2eds/bin/gnu/h-x86_64-mingw32/bin/../lib/gcc/nios2-elf/5.3.0/../../../../../H-x86_64-mingw32/nios2-elf/lib\libsmallc.a(lib_a-strlen.o)
                0x0000000008008da8                _gp = ABSOLUTE ((. + 0x8000))
                [!provide]                        PROVIDE (gp, _gp)
 *(.rwdata .rwdata.*)
 *(.sdata .sdata.* .gnu.linkonce.s.*)
 .sdata         0x0000000008000da8        0x4 ../smart_car_bsp/\libhal_bsp.a(alt_sys_init.o)
                0x0000000008000da8                jtag_uart_0
 .sdata         0x0000000008000dac       0x14 ../smart_car_bsp/\libhal_bsp.a(alt_dev.o)
                0x0000000008000dac                alt_max_fd
                0x0000000008000db0                alt_dev_list
                0x0000000008000db8                alt_fs_list
 .sdata         0x0000000008000dc0        0x4 ../smart_car_bsp/\libhal_bsp.a(alt_errno.o)
                0x0000000008000dc0                alt_errno
 .sdata         0x0000000008000dc4        0x8 ../smart_car_bsp/\libhal_bsp.a(alt_tick.o)
                0x0000000008000dc4                alt_alarm_list
 *(.sdata2 .sdata2.* .gnu.linkonce.s2.*)
                0x0000000008000dcc                . = ALIGN (0x4)
                0x0000000008000dcc                _edata = ABSOLUTE (.)
                [!provide]                        PROVIDE (edata, ABSOLUTE (.))
                0x0000000008000dcc                PROVIDE (__ram_rwdata_end, ABSOLUTE (.))
                0x0000000008000dcc                PROVIDE (__flash_rwdata_start, LOADADDR (.rwdata))

.bss            0x0000000008000e9c      0x11c
                0x0000000008000e9c                __bss_start = ABSOLUTE (.)
                [!provide]                        PROVIDE (__sbss_start, ABSOLUTE (.))
                [!provide]                        PROVIDE (___sbss_start, ABSOLUTE (.))
 *(.dynsbss)
 *(.sbss .sbss.* .gnu.linkonce.sb.*)
 .sbss          0x0000000008000e9c        0xc ../smart_car_bsp/\libhal_bsp.a(alt_main.o)
                0x0000000008000e9c                alt_envp
                0x0000000008000ea0                alt_argv
                0x0000000008000ea4                alt_argc
 .sbss          0x0000000008000ea8        0x4 ../smart_car_bsp/\libhal_bsp.a(alt_irq_vars.o)
                0x0000000008000ea8                alt_irq_active
 .sbss          0x0000000008000eac        0x8 ../smart_car_bsp/\libhal_bsp.a(alt_tick.o)
                0x0000000008000eac                _alt_nticks
                0x0000000008000eb0                _alt_tick_rate
 .sbss          0x0000000008000eb4        0x4 c:/intelfpga_lite/17.1/nios2eds/bin/gnu/h-x86_64-mingw32/bin/../lib/gcc/nios2-elf/5.3.0/../../../../../H-x86_64-mingw32/nios2-elf/lib\libsmallc.a(lib_a-int_errno.o)
                0x0000000008000eb4                errno
 *(.sbss2 .sbss2.* .gnu.linkonce.sb2.*)
 *(.scommon)
                [!provide]                        PROVIDE (__sbss_end, ABSOLUTE (.))
                [!provide]                        PROVIDE (___sbss_end, ABSOLUTE (.))
 *(.dynbss)
 *(.bss .bss.* .gnu.linkonce.b.*)
 .bss           0x0000000008000eb8        0x0 ../smart_car_bsp//obj/HAL/src/crt0.o
 .bss           0x0000000008000eb8        0x0 obj/default/hello_world_small.o
 .bss           0x0000000008000eb8        0x0 c:/intelfpga_lite/17.1/nios2eds/bin/gnu/h-x86_64-mingw32/bin/../lib/gcc/nios2-elf/5.3.0\libgcc.a(lib2-divmod.o)
 .bss           0x0000000008000eb8        0x0 ../smart_car_bsp/\libhal_bsp.a(alt_load.o)
 .bss           0x0000000008000eb8        0x0 ../smart_car_bsp/\libhal_bsp.a(alt_main.o)
 .bss           0x0000000008000eb8        0x0 ../smart_car_bsp/\libhal_bsp.a(alt_printf.o)
 .bss           0x0000000008000eb8        0x0 ../smart_car_bsp/\libhal_bsp.a(alt_putchar.o)
 .bss           0x0000000008000eb8        0x0 ../smart_car_bsp/\libhal_bsp.a(alt_sys_init.o)
 .bss           0x0000000008000eb8        0x0 ../smart_car_bsp/\libhal_bsp.a(altera_avalon_jtag_uart_write.o)
 .bss           0x0000000008000eb8        0x0 ../smart_car_bsp/\libhal_bsp.a(altera_avalon_timer_sc.o)
 .bss           0x0000000008000eb8        0x0 ../smart_car_bsp/\libhal_bsp.a(altera_up_avalon_rs232.o)
 .bss           0x0000000008000eb8        0x0 ../smart_car_bsp/\libhal_bsp.a(alt_dcache_flush_all.o)
 .bss           0x0000000008000eb8        0x0 ../smart_car_bsp/\libhal_bsp.a(alt_dev.o)
 .bss           0x0000000008000eb8        0x0 ../smart_car_bsp/\libhal_bsp.a(alt_dev_llist_insert.o)
 .bss           0x0000000008000eb8        0x0 ../smart_car_bsp/\libhal_bsp.a(alt_errno.o)
 .bss           0x0000000008000eb8        0x0 ../smart_car_bsp/\libhal_bsp.a(alt_find_dev.o)
 .bss           0x0000000008000eb8        0x0 ../smart_car_bsp/\libhal_bsp.a(alt_icache_flush_all.o)
 .bss           0x0000000008000eb8        0x0 ../smart_car_bsp/\libhal_bsp.a(alt_irq_register.o)
 .bss           0x0000000008000eb8        0x0 ../smart_car_bsp/\libhal_bsp.a(alt_irq_vars.o)
 .bss           0x0000000008000eb8        0x0 ../smart_car_bsp/\libhal_bsp.a(alt_tick.o)
 .bss           0x0000000008000eb8        0x0 ../smart_car_bsp/\libhal_bsp.a(altera_nios2_qsys_irq.o)
 .bss           0x0000000008000eb8        0x0 ../smart_car_bsp/\libhal_bsp.a(alt_icache_flush.o)
 .bss           0x0000000008000eb8        0x0 ../smart_car_bsp/\libhal_bsp.a(alt_irq_entry.o)
 .bss           0x0000000008000eb8        0x0 ../smart_car_bsp/\libhal_bsp.a(alt_irq_handler.o)
 .bss           0x0000000008000eb8        0x0 ../smart_car_bsp/\libhal_bsp.a(alt_exception_entry.o)
 .bss           0x0000000008000eb8        0x0 c:/intelfpga_lite/17.1/nios2eds/bin/gnu/h-x86_64-mingw32/bin/../lib/gcc/nios2-elf/5.3.0/../../../../../H-x86_64-mingw32/nios2-elf/lib\libsmallc.a(lib_a-int_errno.o)
 .bss           0x0000000008000eb8        0x0 c:/intelfpga_lite/17.1/nios2eds/bin/gnu/h-x86_64-mingw32/bin/../lib/gcc/nios2-elf/5.3.0/../../../../../H-x86_64-mingw32/nios2-elf/lib\libsmallc.a(lib_a-memcmp.o)
 .bss           0x0000000008000eb8        0x0 c:/intelfpga_lite/17.1/nios2eds/bin/gnu/h-x86_64-mingw32/bin/../lib/gcc/nios2-elf/5.3.0/../../../../../H-x86_64-mingw32/nios2-elf/lib\libsmallc.a(lib_a-strlen.o)
 *(COMMON)
 COMMON         0x0000000008000eb8      0x100 ../smart_car_bsp/\libhal_bsp.a(alt_irq_handler.o)
                0x0000000008000eb8                alt_irq
                0x0000000008000fb8                . = ALIGN (0x4)
                0x0000000008000fb8                __bss_end = ABSOLUTE (.)

.onchip_memory2_0
                0x0000000000000000        0x0 load address 0x0000000008000fb8
                [!provide]                        PROVIDE (_alt_partition_onchip_memory2_0_start, ABSOLUTE (.))
 *(.onchip_memory2_0 .onchip_memory2_0. onchip_memory2_0.*)
                0x0000000000000000                . = ALIGN (0x4)
                [!provide]                        PROVIDE (_alt_partition_onchip_memory2_0_end, ABSOLUTE (.))
                [!provide]                        PROVIDE (_alt_partition_onchip_memory2_0_load_addr, LOADADDR (.onchip_memory2_0))

.sdram          0x0000000008000fb8        0x0
                [!provide]                        PROVIDE (_alt_partition_sdram_start, ABSOLUTE (.))
 *(.sdram .sdram. sdram.*)
                0x0000000008000fb8                . = ALIGN (0x4)
                [!provide]                        PROVIDE (_alt_partition_sdram_end, ABSOLUTE (.))
                0x0000000008000fb8                _end = ABSOLUTE (.)
                0x0000000008000fb8                end = ABSOLUTE (.)
                0x0000000008000fb8                __alt_stack_base = ABSOLUTE (.)
                [!provide]                        PROVIDE (_alt_partition_sdram_load_addr, LOADADDR (.sdram))

.stab
 *(.stab)

.stabstr
 *(.stabstr)

.stab.excl
 *(.stab.excl)

.stab.exclstr
 *(.stab.exclstr)

.stab.index
 *(.stab.index)

.stab.indexstr
 *(.stab.indexstr)

.comment        0x0000000000000000       0x23
 *(.comment)
 .comment       0x0000000000000000       0x23 obj/default/hello_world_small.o
                                         0x24 (size before relaxing)
 .comment       0x0000000000000023       0x24 c:/intelfpga_lite/17.1/nios2eds/bin/gnu/h-x86_64-mingw32/bin/../lib/gcc/nios2-elf/5.3.0\libgcc.a(lib2-divmod.o)
 .comment       0x0000000000000023       0x24 ../smart_car_bsp/\libhal_bsp.a(alt_load.o)
 .comment       0x0000000000000023       0x24 ../smart_car_bsp/\libhal_bsp.a(alt_main.o)
 .comment       0x0000000000000023       0x24 ../smart_car_bsp/\libhal_bsp.a(alt_printf.o)
 .comment       0x0000000000000023       0x24 ../smart_car_bsp/\libhal_bsp.a(alt_putchar.o)
 .comment       0x0000000000000023       0x24 ../smart_car_bsp/\libhal_bsp.a(alt_sys_init.o)
 .comment       0x0000000000000023       0x24 ../smart_car_bsp/\libhal_bsp.a(altera_avalon_jtag_uart_write.o)
 .comment       0x0000000000000023       0x24 ../smart_car_bsp/\libhal_bsp.a(altera_avalon_timer_sc.o)
 .comment       0x0000000000000023       0x24 ../smart_car_bsp/\libhal_bsp.a(altera_up_avalon_rs232.o)
 .comment       0x0000000000000023       0x24 ../smart_car_bsp/\libhal_bsp.a(alt_dcache_flush_all.o)
 .comment       0x0000000000000023       0x24 ../smart_car_bsp/\libhal_bsp.a(alt_dev.o)
 .comment       0x0000000000000023       0x24 ../smart_car_bsp/\libhal_bsp.a(alt_dev_llist_insert.o)
 .comment       0x0000000000000023       0x24 ../smart_car_bsp/\libhal_bsp.a(alt_errno.o)
 .comment       0x0000000000000023       0x24 ../smart_car_bsp/\libhal_bsp.a(alt_find_dev.o)
 .comment       0x0000000000000023       0x24 ../smart_car_bsp/\libhal_bsp.a(alt_icache_flush_all.o)
 .comment       0x0000000000000023       0x24 ../smart_car_bsp/\libhal_bsp.a(alt_irq_register.o)
 .comment       0x0000000000000023       0x24 ../smart_car_bsp/\libhal_bsp.a(alt_irq_vars.o)
 .comment       0x0000000000000023       0x24 ../smart_car_bsp/\libhal_bsp.a(alt_tick.o)
 .comment       0x0000000000000023       0x24 ../smart_car_bsp/\libhal_bsp.a(altera_nios2_qsys_irq.o)
 .comment       0x0000000000000023       0x24 ../smart_car_bsp/\libhal_bsp.a(alt_icache_flush.o)
 .comment       0x0000000000000023       0x24 ../smart_car_bsp/\libhal_bsp.a(alt_irq_handler.o)
 .comment       0x0000000000000023       0x24 c:/intelfpga_lite/17.1/nios2eds/bin/gnu/h-x86_64-mingw32/bin/../lib/gcc/nios2-elf/5.3.0/../../../../../H-x86_64-mingw32/nios2-elf/lib\libsmallc.a(lib_a-int_errno.o)
 .comment       0x0000000000000023       0x24 c:/intelfpga_lite/17.1/nios2eds/bin/gnu/h-x86_64-mingw32/bin/../lib/gcc/nios2-elf/5.3.0/../../../../../H-x86_64-mingw32/nios2-elf/lib\libsmallc.a(lib_a-memcmp.o)
 .comment       0x0000000000000023       0x24 c:/intelfpga_lite/17.1/nios2eds/bin/gnu/h-x86_64-mingw32/bin/../lib/gcc/nios2-elf/5.3.0/../../../../../H-x86_64-mingw32/nios2-elf/lib\libsmallc.a(lib_a-strlen.o)

.debug
 *(.debug)

.line
 *(.line)

.debug_srcinfo
 *(.debug_srcinfo)

.debug_sfnames
 *(.debug_sfnames)

.debug_aranges  0x0000000000000000      0x3a0
 *(.debug_aranges)
 .debug_aranges
                0x0000000000000000       0x28 ../smart_car_bsp//obj/HAL/src/crt0.o
 .debug_aranges
                0x0000000000000028       0x28 obj/default/hello_world_small.o
 .debug_aranges
                0x0000000000000050       0x20 c:/intelfpga_lite/17.1/nios2eds/bin/gnu/h-x86_64-mingw32/bin/../lib/gcc/nios2-elf/5.3.0\libgcc.a(lib2-divmod.o)
 .debug_aranges
                0x0000000000000070       0x20 ../smart_car_bsp/\libhal_bsp.a(alt_load.o)
 .debug_aranges
                0x0000000000000090       0x20 ../smart_car_bsp/\libhal_bsp.a(alt_main.o)
 .debug_aranges
                0x00000000000000b0       0x20 ../smart_car_bsp/\libhal_bsp.a(alt_printf.o)
 .debug_aranges
                0x00000000000000d0       0x20 ../smart_car_bsp/\libhal_bsp.a(alt_putchar.o)
 .debug_aranges
                0x00000000000000f0       0x20 ../smart_car_bsp/\libhal_bsp.a(alt_sys_init.o)
 .debug_aranges
                0x0000000000000110       0x20 ../smart_car_bsp/\libhal_bsp.a(altera_avalon_jtag_uart_write.o)
 .debug_aranges
                0x0000000000000130       0x20 ../smart_car_bsp/\libhal_bsp.a(altera_avalon_timer_sc.o)
 .debug_aranges
                0x0000000000000150       0x20 ../smart_car_bsp/\libhal_bsp.a(altera_up_avalon_rs232.o)
 .debug_aranges
                0x0000000000000170       0x20 ../smart_car_bsp/\libhal_bsp.a(alt_dcache_flush_all.o)
 .debug_aranges
                0x0000000000000190       0x20 ../smart_car_bsp/\libhal_bsp.a(alt_dev.o)
 .debug_aranges
                0x00000000000001b0       0x20 ../smart_car_bsp/\libhal_bsp.a(alt_dev_llist_insert.o)
 .debug_aranges
                0x00000000000001d0       0x18 ../smart_car_bsp/\libhal_bsp.a(alt_errno.o)
 .debug_aranges
                0x00000000000001e8       0x20 ../smart_car_bsp/\libhal_bsp.a(alt_find_dev.o)
 .debug_aranges
                0x0000000000000208       0x20 ../smart_car_bsp/\libhal_bsp.a(alt_icache_flush_all.o)
 .debug_aranges
                0x0000000000000228       0x20 ../smart_car_bsp/\libhal_bsp.a(alt_irq_register.o)
 .debug_aranges
                0x0000000000000248       0x18 ../smart_car_bsp/\libhal_bsp.a(alt_irq_vars.o)
 .debug_aranges
                0x0000000000000260       0x20 ../smart_car_bsp/\libhal_bsp.a(alt_tick.o)
 .debug_aranges
                0x0000000000000280       0x20 ../smart_car_bsp/\libhal_bsp.a(altera_nios2_qsys_irq.o)
 .debug_aranges
                0x00000000000002a0       0x20 ../smart_car_bsp/\libhal_bsp.a(alt_icache_flush.o)
 .debug_aranges
                0x00000000000002c0       0x30 ../smart_car_bsp/\libhal_bsp.a(alt_irq_entry.o)
 .debug_aranges
                0x00000000000002f0       0x20 ../smart_car_bsp/\libhal_bsp.a(alt_irq_handler.o)
 .debug_aranges
                0x0000000000000310       0x38 ../smart_car_bsp/\libhal_bsp.a(alt_exception_entry.o)
 .debug_aranges
                0x0000000000000348       0x18 c:/intelfpga_lite/17.1/nios2eds/bin/gnu/h-x86_64-mingw32/bin/../lib/gcc/nios2-elf/5.3.0/../../../../../H-x86_64-mingw32/nios2-elf/lib\libsmallc.a(lib_a-int_errno.o)
 .debug_aranges
                0x0000000000000360       0x20 c:/intelfpga_lite/17.1/nios2eds/bin/gnu/h-x86_64-mingw32/bin/../lib/gcc/nios2-elf/5.3.0/../../../../../H-x86_64-mingw32/nios2-elf/lib\libsmallc.a(lib_a-memcmp.o)
 .debug_aranges
                0x0000000000000380       0x20 c:/intelfpga_lite/17.1/nios2eds/bin/gnu/h-x86_64-mingw32/bin/../lib/gcc/nios2-elf/5.3.0/../../../../../H-x86_64-mingw32/nios2-elf/lib\libsmallc.a(lib_a-strlen.o)

.debug_pubnames
 *(.debug_pubnames)

.debug_info     0x0000000000000000     0x30f0
 *(.debug_info .gnu.linkonce.wi.*)
 .debug_info    0x0000000000000000       0x78 ../smart_car_bsp//obj/HAL/src/crt0.o
 .debug_info    0x0000000000000078      0x136 obj/default/hello_world_small.o
 .debug_info    0x00000000000001ae      0x2c6 c:/intelfpga_lite/17.1/nios2eds/bin/gnu/h-x86_64-mingw32/bin/../lib/gcc/nios2-elf/5.3.0\libgcc.a(lib2-divmod.o)
 .debug_info    0x0000000000000474      0x1c9 ../smart_car_bsp/\libhal_bsp.a(alt_load.o)
 .debug_info    0x000000000000063d      0x184 ../smart_car_bsp/\libhal_bsp.a(alt_main.o)
 .debug_info    0x00000000000007c1      0x14d ../smart_car_bsp/\libhal_bsp.a(alt_printf.o)
 .debug_info    0x000000000000090e      0x12a ../smart_car_bsp/\libhal_bsp.a(alt_putchar.o)
 .debug_info    0x0000000000000a38      0x47f ../smart_car_bsp/\libhal_bsp.a(alt_sys_init.o)
 .debug_info    0x0000000000000eb7      0x1a2 ../smart_car_bsp/\libhal_bsp.a(altera_avalon_jtag_uart_write.o)
 .debug_info    0x0000000000001059      0x283 ../smart_car_bsp/\libhal_bsp.a(altera_avalon_timer_sc.o)
 .debug_info    0x00000000000012dc      0x5f7 ../smart_car_bsp/\libhal_bsp.a(altera_up_avalon_rs232.o)
 .debug_info    0x00000000000018d3       0xa6 ../smart_car_bsp/\libhal_bsp.a(alt_dcache_flush_all.o)
 .debug_info    0x0000000000001979      0x499 ../smart_car_bsp/\libhal_bsp.a(alt_dev.o)
 .debug_info    0x0000000000001e12      0x1b3 ../smart_car_bsp/\libhal_bsp.a(alt_dev_llist_insert.o)
 .debug_info    0x0000000000001fc5       0xa6 ../smart_car_bsp/\libhal_bsp.a(alt_errno.o)
 .debug_info    0x000000000000206b      0x32d ../smart_car_bsp/\libhal_bsp.a(alt_find_dev.o)
 .debug_info    0x0000000000002398       0xb8 ../smart_car_bsp/\libhal_bsp.a(alt_icache_flush_all.o)
 .debug_info    0x0000000000002450      0x302 ../smart_car_bsp/\libhal_bsp.a(alt_irq_register.o)
 .debug_info    0x0000000000002752       0x77 ../smart_car_bsp/\libhal_bsp.a(alt_irq_vars.o)
 .debug_info    0x00000000000027c9      0x2b4 ../smart_car_bsp/\libhal_bsp.a(alt_tick.o)
 .debug_info    0x0000000000002a7d       0xad ../smart_car_bsp/\libhal_bsp.a(altera_nios2_qsys_irq.o)
 .debug_info    0x0000000000002b2a       0xde ../smart_car_bsp/\libhal_bsp.a(alt_icache_flush.o)
 .debug_info    0x0000000000002c08       0x81 ../smart_car_bsp/\libhal_bsp.a(alt_irq_entry.o)
 .debug_info    0x0000000000002c89      0x199 ../smart_car_bsp/\libhal_bsp.a(alt_irq_handler.o)
 .debug_info    0x0000000000002e22       0x87 ../smart_car_bsp/\libhal_bsp.a(alt_exception_entry.o)
 .debug_info    0x0000000000002ea9       0x8a c:/intelfpga_lite/17.1/nios2eds/bin/gnu/h-x86_64-mingw32/bin/../lib/gcc/nios2-elf/5.3.0/../../../../../H-x86_64-mingw32/nios2-elf/lib\libsmallc.a(lib_a-int_errno.o)
 .debug_info    0x0000000000002f33       0xf4 c:/intelfpga_lite/17.1/nios2eds/bin/gnu/h-x86_64-mingw32/bin/../lib/gcc/nios2-elf/5.3.0/../../../../../H-x86_64-mingw32/nios2-elf/lib\libsmallc.a(lib_a-memcmp.o)
 .debug_info    0x0000000000003027       0xc9 c:/intelfpga_lite/17.1/nios2eds/bin/gnu/h-x86_64-mingw32/bin/../lib/gcc/nios2-elf/5.3.0/../../../../../H-x86_64-mingw32/nios2-elf/lib\libsmallc.a(lib_a-strlen.o)

.debug_abbrev   0x0000000000000000     0x16b2
 *(.debug_abbrev)
 .debug_abbrev  0x0000000000000000       0x12 ../smart_car_bsp//obj/HAL/src/crt0.o
 .debug_abbrev  0x0000000000000012       0xf6 obj/default/hello_world_small.o
 .debug_abbrev  0x0000000000000108      0x10e c:/intelfpga_lite/17.1/nios2eds/bin/gnu/h-x86_64-mingw32/bin/../lib/gcc/nios2-elf/5.3.0\libgcc.a(lib2-divmod.o)
 .debug_abbrev  0x0000000000000216       0xd8 ../smart_car_bsp/\libhal_bsp.a(alt_load.o)
 .debug_abbrev  0x00000000000002ee       0xf5 ../smart_car_bsp/\libhal_bsp.a(alt_main.o)
 .debug_abbrev  0x00000000000003e3       0xd5 ../smart_car_bsp/\libhal_bsp.a(alt_printf.o)
 .debug_abbrev  0x00000000000004b8       0xd2 ../smart_car_bsp/\libhal_bsp.a(alt_putchar.o)
 .debug_abbrev  0x000000000000058a      0x1b2 ../smart_car_bsp/\libhal_bsp.a(alt_sys_init.o)
 .debug_abbrev  0x000000000000073c       0xd5 ../smart_car_bsp/\libhal_bsp.a(altera_avalon_jtag_uart_write.o)
 .debug_abbrev  0x0000000000000811      0x194 ../smart_car_bsp/\libhal_bsp.a(altera_avalon_timer_sc.o)
 .debug_abbrev  0x00000000000009a5      0x1c0 ../smart_car_bsp/\libhal_bsp.a(altera_up_avalon_rs232.o)
 .debug_abbrev  0x0000000000000b65       0x5a ../smart_car_bsp/\libhal_bsp.a(alt_dcache_flush_all.o)
 .debug_abbrev  0x0000000000000bbf       0xd9 ../smart_car_bsp/\libhal_bsp.a(alt_dev.o)
 .debug_abbrev  0x0000000000000c98      0x11c ../smart_car_bsp/\libhal_bsp.a(alt_dev_llist_insert.o)
 .debug_abbrev  0x0000000000000db4       0x5a ../smart_car_bsp/\libhal_bsp.a(alt_errno.o)
 .debug_abbrev  0x0000000000000e0e      0x125 ../smart_car_bsp/\libhal_bsp.a(alt_find_dev.o)
 .debug_abbrev  0x0000000000000f33       0x6f ../smart_car_bsp/\libhal_bsp.a(alt_icache_flush_all.o)
 .debug_abbrev  0x0000000000000fa2      0x1a5 ../smart_car_bsp/\libhal_bsp.a(alt_irq_register.o)
 .debug_abbrev  0x0000000000001147       0x40 ../smart_car_bsp/\libhal_bsp.a(alt_irq_vars.o)
 .debug_abbrev  0x0000000000001187      0x198 ../smart_car_bsp/\libhal_bsp.a(alt_tick.o)
 .debug_abbrev  0x000000000000131f       0x67 ../smart_car_bsp/\libhal_bsp.a(altera_nios2_qsys_irq.o)
 .debug_abbrev  0x0000000000001386       0x9b ../smart_car_bsp/\libhal_bsp.a(alt_icache_flush.o)
 .debug_abbrev  0x0000000000001421       0x12 ../smart_car_bsp/\libhal_bsp.a(alt_irq_entry.o)
 .debug_abbrev  0x0000000000001433      0x138 ../smart_car_bsp/\libhal_bsp.a(alt_irq_handler.o)
 .debug_abbrev  0x000000000000156b       0x12 ../smart_car_bsp/\libhal_bsp.a(alt_exception_entry.o)
 .debug_abbrev  0x000000000000157d       0x37 c:/intelfpga_lite/17.1/nios2eds/bin/gnu/h-x86_64-mingw32/bin/../lib/gcc/nios2-elf/5.3.0/../../../../../H-x86_64-mingw32/nios2-elf/lib\libsmallc.a(lib_a-int_errno.o)
 .debug_abbrev  0x00000000000015b4       0x7f c:/intelfpga_lite/17.1/nios2eds/bin/gnu/h-x86_64-mingw32/bin/../lib/gcc/nios2-elf/5.3.0/../../../../../H-x86_64-mingw32/nios2-elf/lib\libsmallc.a(lib_a-memcmp.o)
 .debug_abbrev  0x0000000000001633       0x7f c:/intelfpga_lite/17.1/nios2eds/bin/gnu/h-x86_64-mingw32/bin/../lib/gcc/nios2-elf/5.3.0/../../../../../H-x86_64-mingw32/nios2-elf/lib\libsmallc.a(lib_a-strlen.o)

.debug_line     0x0000000000000000     0x163b
 *(.debug_line)
 .debug_line    0x0000000000000000       0x72 ../smart_car_bsp//obj/HAL/src/crt0.o
 .debug_line    0x0000000000000072       0xfc obj/default/hello_world_small.o
 .debug_line    0x000000000000016e      0x102 c:/intelfpga_lite/17.1/nios2eds/bin/gnu/h-x86_64-mingw32/bin/../lib/gcc/nios2-elf/5.3.0\libgcc.a(lib2-divmod.o)
 .debug_line    0x0000000000000270       0xa4 ../smart_car_bsp/\libhal_bsp.a(alt_load.o)
 .debug_line    0x0000000000000314       0xea ../smart_car_bsp/\libhal_bsp.a(alt_main.o)
 .debug_line    0x00000000000003fe      0x112 ../smart_car_bsp/\libhal_bsp.a(alt_printf.o)
 .debug_line    0x0000000000000510       0x55 ../smart_car_bsp/\libhal_bsp.a(alt_putchar.o)
 .debug_line    0x0000000000000565      0x16d ../smart_car_bsp/\libhal_bsp.a(alt_sys_init.o)
 .debug_line    0x00000000000006d2      0x104 ../smart_car_bsp/\libhal_bsp.a(altera_avalon_jtag_uart_write.o)
 .debug_line    0x00000000000007d6      0x113 ../smart_car_bsp/\libhal_bsp.a(altera_avalon_timer_sc.o)
 .debug_line    0x00000000000008e9      0x113 ../smart_car_bsp/\libhal_bsp.a(altera_up_avalon_rs232.o)
 .debug_line    0x00000000000009fc       0x5a ../smart_car_bsp/\libhal_bsp.a(alt_dcache_flush_all.o)
 .debug_line    0x0000000000000a56       0xf6 ../smart_car_bsp/\libhal_bsp.a(alt_dev.o)
 .debug_line    0x0000000000000b4c       0xd8 ../smart_car_bsp/\libhal_bsp.a(alt_dev_llist_insert.o)
 .debug_line    0x0000000000000c24       0x51 ../smart_car_bsp/\libhal_bsp.a(alt_errno.o)
 .debug_line    0x0000000000000c75      0x107 ../smart_car_bsp/\libhal_bsp.a(alt_find_dev.o)
 .debug_line    0x0000000000000d7c       0x6e ../smart_car_bsp/\libhal_bsp.a(alt_icache_flush_all.o)
 .debug_line    0x0000000000000dea       0xed ../smart_car_bsp/\libhal_bsp.a(alt_irq_register.o)
 .debug_line    0x0000000000000ed7       0x50 ../smart_car_bsp/\libhal_bsp.a(alt_irq_vars.o)
 .debug_line    0x0000000000000f27      0x118 ../smart_car_bsp/\libhal_bsp.a(alt_tick.o)
 .debug_line    0x000000000000103f       0x8c ../smart_car_bsp/\libhal_bsp.a(altera_nios2_qsys_irq.o)
 .debug_line    0x00000000000010cb       0x7d ../smart_car_bsp/\libhal_bsp.a(alt_icache_flush.o)
 .debug_line    0x0000000000001148       0x6b ../smart_car_bsp/\libhal_bsp.a(alt_irq_entry.o)
 .debug_line    0x00000000000011b3       0xc8 ../smart_car_bsp/\libhal_bsp.a(alt_irq_handler.o)
 .debug_line    0x000000000000127b       0xae ../smart_car_bsp/\libhal_bsp.a(alt_exception_entry.o)
 .debug_line    0x0000000000001329       0x5c c:/intelfpga_lite/17.1/nios2eds/bin/gnu/h-x86_64-mingw32/bin/../lib/gcc/nios2-elf/5.3.0/../../../../../H-x86_64-mingw32/nios2-elf/lib\libsmallc.a(lib_a-int_errno.o)
 .debug_line    0x0000000000001385      0x15d c:/intelfpga_lite/17.1/nios2eds/bin/gnu/h-x86_64-mingw32/bin/../lib/gcc/nios2-elf/5.3.0/../../../../../H-x86_64-mingw32/nios2-elf/lib\libsmallc.a(lib_a-memcmp.o)
 .debug_line    0x00000000000014e2      0x159 c:/intelfpga_lite/17.1/nios2eds/bin/gnu/h-x86_64-mingw32/bin/../lib/gcc/nios2-elf/5.3.0/../../../../../H-x86_64-mingw32/nios2-elf/lib\libsmallc.a(lib_a-strlen.o)

.debug_frame    0x0000000000000000      0x508
 *(.debug_frame)
 .debug_frame   0x0000000000000000       0x60 obj/default/hello_world_small.o
 .debug_frame   0x0000000000000060       0x50 c:/intelfpga_lite/17.1/nios2eds/bin/gnu/h-x86_64-mingw32/bin/../lib/gcc/nios2-elf/5.3.0\libgcc.a(lib2-divmod.o)
 .debug_frame   0x00000000000000b0       0x30 ../smart_car_bsp/\libhal_bsp.a(alt_load.o)
 .debug_frame   0x00000000000000e0       0x2c ../smart_car_bsp/\libhal_bsp.a(alt_main.o)
 .debug_frame   0x000000000000010c       0x54 ../smart_car_bsp/\libhal_bsp.a(alt_printf.o)
 .debug_frame   0x0000000000000160       0x30 ../smart_car_bsp/\libhal_bsp.a(alt_putchar.o)
 .debug_frame   0x0000000000000190       0x48 ../smart_car_bsp/\libhal_bsp.a(alt_sys_init.o)
 .debug_frame   0x00000000000001d8       0x20 ../smart_car_bsp/\libhal_bsp.a(altera_avalon_jtag_uart_write.o)
 .debug_frame   0x00000000000001f8       0x40 ../smart_car_bsp/\libhal_bsp.a(altera_avalon_timer_sc.o)
 .debug_frame   0x0000000000000238       0xe4 ../smart_car_bsp/\libhal_bsp.a(altera_up_avalon_rs232.o)
 .debug_frame   0x000000000000031c       0x20 ../smart_car_bsp/\libhal_bsp.a(alt_dcache_flush_all.o)
 .debug_frame   0x000000000000033c       0x20 ../smart_car_bsp/\libhal_bsp.a(alt_dev.o)
 .debug_frame   0x000000000000035c       0x2c ../smart_car_bsp/\libhal_bsp.a(alt_dev_llist_insert.o)
 .debug_frame   0x0000000000000388       0x3c ../smart_car_bsp/\libhal_bsp.a(alt_find_dev.o)
 .debug_frame   0x00000000000003c4       0x20 ../smart_car_bsp/\libhal_bsp.a(alt_icache_flush_all.o)
 .debug_frame   0x00000000000003e4       0x20 ../smart_car_bsp/\libhal_bsp.a(alt_irq_register.o)
 .debug_frame   0x0000000000000404       0x50 ../smart_car_bsp/\libhal_bsp.a(alt_tick.o)
 .debug_frame   0x0000000000000454       0x20 ../smart_car_bsp/\libhal_bsp.a(altera_nios2_qsys_irq.o)
 .debug_frame   0x0000000000000474       0x20 ../smart_car_bsp/\libhal_bsp.a(alt_icache_flush.o)
 .debug_frame   0x0000000000000494       0x34 ../smart_car_bsp/\libhal_bsp.a(alt_irq_handler.o)
 .debug_frame   0x00000000000004c8       0x20 c:/intelfpga_lite/17.1/nios2eds/bin/gnu/h-x86_64-mingw32/bin/../lib/gcc/nios2-elf/5.3.0/../../../../../H-x86_64-mingw32/nios2-elf/lib\libsmallc.a(lib_a-memcmp.o)
 .debug_frame   0x00000000000004e8       0x20 c:/intelfpga_lite/17.1/nios2eds/bin/gnu/h-x86_64-mingw32/bin/../lib/gcc/nios2-elf/5.3.0/../../../../../H-x86_64-mingw32/nios2-elf/lib\libsmallc.a(lib_a-strlen.o)

.debug_str      0x0000000000000000      0xec7
 *(.debug_str)
 .debug_str     0x0000000000000000      0x14e obj/default/hello_world_small.o
                                        0x18c (size before relaxing)
 .debug_str     0x000000000000014e      0x16d c:/intelfpga_lite/17.1/nios2eds/bin/gnu/h-x86_64-mingw32/bin/../lib/gcc/nios2-elf/5.3.0\libgcc.a(lib2-divmod.o)
                                        0x1b8 (size before relaxing)
 .debug_str     0x00000000000002bb      0x157 ../smart_car_bsp/\libhal_bsp.a(alt_load.o)
                                        0x243 (size before relaxing)
 .debug_str     0x0000000000000412       0x8f ../smart_car_bsp/\libhal_bsp.a(alt_main.o)
                                        0x1d3 (size before relaxing)
 .debug_str     0x00000000000004a1       0x59 ../smart_car_bsp/\libhal_bsp.a(alt_printf.o)
                                        0x10d (size before relaxing)
 .debug_str     0x00000000000004fa       0x60 ../smart_car_bsp/\libhal_bsp.a(alt_putchar.o)
                                        0x194 (size before relaxing)
 .debug_str     0x000000000000055a      0x16e ../smart_car_bsp/\libhal_bsp.a(alt_sys_init.o)
                                        0x341 (size before relaxing)
 .debug_str     0x00000000000006c8       0x32 ../smart_car_bsp/\libhal_bsp.a(altera_avalon_jtag_uart_write.o)
                                        0x22b (size before relaxing)
 .debug_str     0x00000000000006fa       0xb7 ../smart_car_bsp/\libhal_bsp.a(altera_avalon_timer_sc.o)
                                        0x27b (size before relaxing)
 .debug_str     0x00000000000007b1      0x18f ../smart_car_bsp/\libhal_bsp.a(altera_up_avalon_rs232.o)
                                        0x380 (size before relaxing)
 .debug_str     0x0000000000000940       0x1f ../smart_car_bsp/\libhal_bsp.a(alt_dcache_flush_all.o)
                                        0x15c (size before relaxing)
 .debug_str     0x000000000000095f      0x12c ../smart_car_bsp/\libhal_bsp.a(alt_dev.o)
                                        0x30c (size before relaxing)
 .debug_str     0x0000000000000a8b       0x4e ../smart_car_bsp/\libhal_bsp.a(alt_dev_llist_insert.o)
                                        0x1d3 (size before relaxing)
 .debug_str     0x0000000000000ad9       0x14 ../smart_car_bsp/\libhal_bsp.a(alt_errno.o)
                                        0x14c (size before relaxing)
 .debug_str     0x0000000000000aed       0x25 ../smart_car_bsp/\libhal_bsp.a(alt_find_dev.o)
                                        0x201 (size before relaxing)
 .debug_str     0x0000000000000b12       0x30 ../smart_car_bsp/\libhal_bsp.a(alt_icache_flush_all.o)
                                        0x16d (size before relaxing)
 .debug_str     0x0000000000000b42       0x66 ../smart_car_bsp/\libhal_bsp.a(alt_irq_register.o)
                                        0x1fd (size before relaxing)
 .debug_str     0x0000000000000ba8       0x17 ../smart_car_bsp/\libhal_bsp.a(alt_irq_vars.o)
                                        0x12f (size before relaxing)
 .debug_str     0x0000000000000bbf       0x6f ../smart_car_bsp/\libhal_bsp.a(alt_tick.o)
                                        0x268 (size before relaxing)
 .debug_str     0x0000000000000c2e       0x20 ../smart_car_bsp/\libhal_bsp.a(altera_nios2_qsys_irq.o)
                                        0x17a (size before relaxing)
 .debug_str     0x0000000000000c4e       0x1b ../smart_car_bsp/\libhal_bsp.a(alt_icache_flush.o)
                                        0x162 (size before relaxing)
 .debug_str     0x0000000000000c69       0x3f ../smart_car_bsp/\libhal_bsp.a(alt_irq_handler.o)
                                        0x1ad (size before relaxing)
 .debug_str     0x0000000000000ca8      0x11a c:/intelfpga_lite/17.1/nios2eds/bin/gnu/h-x86_64-mingw32/bin/../lib/gcc/nios2-elf/5.3.0/../../../../../H-x86_64-mingw32/nios2-elf/lib\libsmallc.a(lib_a-int_errno.o)
                                        0x1be (size before relaxing)
 .debug_str     0x0000000000000dc2       0xcb c:/intelfpga_lite/17.1/nios2eds/bin/gnu/h-x86_64-mingw32/bin/../lib/gcc/nios2-elf/5.3.0/../../../../../H-x86_64-mingw32/nios2-elf/lib\libsmallc.a(lib_a-memcmp.o)
                                        0x1c5 (size before relaxing)
 .debug_str     0x0000000000000e8d       0x3a c:/intelfpga_lite/17.1/nios2eds/bin/gnu/h-x86_64-mingw32/bin/../lib/gcc/nios2-elf/5.3.0/../../../../../H-x86_64-mingw32/nios2-elf/lib\libsmallc.a(lib_a-strlen.o)
                                        0x1cb (size before relaxing)

.debug_loc      0x0000000000000000      0xfb9
 *(.debug_loc)
 .debug_loc     0x0000000000000000       0x60 obj/default/hello_world_small.o
 .debug_loc     0x0000000000000060      0x4ce c:/intelfpga_lite/17.1/nios2eds/bin/gnu/h-x86_64-mingw32/bin/../lib/gcc/nios2-elf/5.3.0\libgcc.a(lib2-divmod.o)
 .debug_loc     0x000000000000052e      0x1de ../smart_car_bsp/\libhal_bsp.a(alt_printf.o)
 .debug_loc     0x000000000000070c       0x2c ../smart_car_bsp/\libhal_bsp.a(alt_putchar.o)
 .debug_loc     0x0000000000000738       0x21 ../smart_car_bsp/\libhal_bsp.a(alt_sys_init.o)
 .debug_loc     0x0000000000000759       0x8b ../smart_car_bsp/\libhal_bsp.a(altera_avalon_jtag_uart_write.o)
 .debug_loc     0x00000000000007e4      0x102 ../smart_car_bsp/\libhal_bsp.a(altera_avalon_timer_sc.o)
 .debug_loc     0x00000000000008e6      0x2d3 ../smart_car_bsp/\libhal_bsp.a(altera_up_avalon_rs232.o)
 .debug_loc     0x0000000000000bb9       0x1f ../smart_car_bsp/\libhal_bsp.a(alt_dcache_flush_all.o)
 .debug_loc     0x0000000000000bd8       0x7e ../smart_car_bsp/\libhal_bsp.a(alt_dev_llist_insert.o)
 .debug_loc     0x0000000000000c56       0x7e ../smart_car_bsp/\libhal_bsp.a(alt_find_dev.o)
 .debug_loc     0x0000000000000cd4       0xfa ../smart_car_bsp/\libhal_bsp.a(alt_irq_register.o)
 .debug_loc     0x0000000000000dce       0x75 ../smart_car_bsp/\libhal_bsp.a(alt_tick.o)
 .debug_loc     0x0000000000000e43       0x52 ../smart_car_bsp/\libhal_bsp.a(alt_icache_flush.o)
 .debug_loc     0x0000000000000e95       0x72 ../smart_car_bsp/\libhal_bsp.a(alt_irq_handler.o)
 .debug_loc     0x0000000000000f07       0x94 c:/intelfpga_lite/17.1/nios2eds/bin/gnu/h-x86_64-mingw32/bin/../lib/gcc/nios2-elf/5.3.0/../../../../../H-x86_64-mingw32/nios2-elf/lib\libsmallc.a(lib_a-memcmp.o)
 .debug_loc     0x0000000000000f9b       0x1e c:/intelfpga_lite/17.1/nios2eds/bin/gnu/h-x86_64-mingw32/bin/../lib/gcc/nios2-elf/5.3.0/../../../../../H-x86_64-mingw32/nios2-elf/lib\libsmallc.a(lib_a-strlen.o)

.debug_macinfo
 *(.debug_macinfo)

.debug_weaknames
 *(.debug_weaknames)

.debug_funcnames
 *(.debug_funcnames)

.debug_typenames
 *(.debug_typenames)

.debug_varnames
 *(.debug_varnames)

.debug_alt_sim_info
                0x0000000000000000       0x30
 *(.debug_alt_sim_info)
 .debug_alt_sim_info
                0x0000000000000000       0x30 ../smart_car_bsp//obj/HAL/src/crt0.o
                0x000000000ffff800                __alt_data_end = 0xffff800
                0x000000000ffff800                PROVIDE (__alt_stack_pointer, __alt_data_end)
                [!provide]                        PROVIDE (__alt_stack_limit, __alt_stack_base)
                0x0000000010000000                PROVIDE (__alt_exception_stack_pointer, 0x10000000)
                [!provide]                        PROVIDE (__alt_exception_stack_limit, 0xffffc00)
                [!provide]                        PROVIDE (__alt_interrupt_stack_pointer, 0xffffc00)
                [!provide]                        PROVIDE (__alt_interrupt_stack_limit, 0xffff800)
                [!provide]                        PROVIDE (__alt_heap_start, end)
                [!provide]                        PROVIDE (__alt_heap_limit, 0xffff800)
OUTPUT(smart_car.elf elf32-littlenios2)

.debug_ranges   0x0000000000000000      0x1e0
 .debug_ranges  0x0000000000000000       0x20 ../smart_car_bsp//obj/HAL/src/crt0.o
 .debug_ranges  0x0000000000000020       0x18 obj/default/hello_world_small.o
 .debug_ranges  0x0000000000000038       0x60 c:/intelfpga_lite/17.1/nios2eds/bin/gnu/h-x86_64-mingw32/bin/../lib/gcc/nios2-elf/5.3.0\libgcc.a(lib2-divmod.o)
 .debug_ranges  0x0000000000000098       0x48 ../smart_car_bsp/\libhal_bsp.a(alt_load.o)
 .debug_ranges  0x00000000000000e0       0x18 ../smart_car_bsp/\libhal_bsp.a(alt_printf.o)
 .debug_ranges  0x00000000000000f8       0x18 ../smart_car_bsp/\libhal_bsp.a(alt_sys_init.o)
 .debug_ranges  0x0000000000000110       0x18 ../smart_car_bsp/\libhal_bsp.a(altera_avalon_timer_sc.o)
 .debug_ranges  0x0000000000000128       0x20 ../smart_car_bsp/\libhal_bsp.a(alt_dev_llist_insert.o)
 .debug_ranges  0x0000000000000148       0x10 ../smart_car_bsp/\libhal_bsp.a(alt_icache_flush.o)
 .debug_ranges  0x0000000000000158       0x28 ../smart_car_bsp/\libhal_bsp.a(alt_irq_entry.o)
 .debug_ranges  0x0000000000000180       0x10 ../smart_car_bsp/\libhal_bsp.a(alt_irq_handler.o)
 .debug_ranges  0x0000000000000190       0x30 ../smart_car_bsp/\libhal_bsp.a(alt_exception_entry.o)
 .debug_ranges  0x00000000000001c0       0x10 c:/intelfpga_lite/17.1/nios2eds/bin/gnu/h-x86_64-mingw32/bin/../lib/gcc/nios2-elf/5.3.0/../../../../../H-x86_64-mingw32/nios2-elf/lib\libsmallc.a(lib_a-memcmp.o)
 .debug_ranges  0x00000000000001d0       0x10 c:/intelfpga_lite/17.1/nios2eds/bin/gnu/h-x86_64-mingw32/bin/../lib/gcc/nios2-elf/5.3.0/../../../../../H-x86_64-mingw32/nios2-elf/lib\libsmallc.a(lib_a-strlen.o)
