Archive member included to satisfy reference by file (symbol)

c:/intelfpga_lite/17.1/nios2eds/bin/gnu/h-x86_64-mingw32/bin/../lib/gcc/nios2-elf/5.3.0\libgcc.a(lib2-divmod.o)
                              obj/default/hello_world_small.o (__udivsi3)
../smart_car_bsp/\libhal_bsp.a(alt_getchar.o)
                              obj/default/hello_world_small.o (alt_getchar)
../smart_car_bsp/\libhal_bsp.a(alt_load.o)
                              ../smart_car_bsp//obj/HAL/src/crt0.o (alt_load)
../smart_car_bsp/\libhal_bsp.a(alt_main.o)
                              ../smart_car_bsp//obj/HAL/src/crt0.o (alt_main)
../smart_car_bsp/\libhal_bsp.a(alt_printf.o)
                              obj/default/hello_world_small.o (alt_printf)
../smart_car_bsp/\libhal_bsp.a(alt_putchar.o)
                              ../smart_car_bsp/\libhal_bsp.a(alt_printf.o) (alt_putchar)
../smart_car_bsp/\libhal_bsp.a(alt_sys_init.o)
                              ../smart_car_bsp/\libhal_bsp.a(alt_main.o) (alt_irq_init)
../smart_car_bsp/\libhal_bsp.a(altera_avalon_jtag_uart_read.o)
                              ../smart_car_bsp/\libhal_bsp.a(alt_getchar.o) (altera_avalon_jtag_uart_read)
../smart_car_bsp/\libhal_bsp.a(altera_avalon_jtag_uart_write.o)
                              ../smart_car_bsp/\libhal_bsp.a(alt_putchar.o) (altera_avalon_jtag_uart_write)
../smart_car_bsp/\libhal_bsp.a(altera_avalon_timer_sc.o)
                              ../smart_car_bsp/\libhal_bsp.a(alt_sys_init.o) (alt_avalon_timer_sc_init)
../smart_car_bsp/\libhal_bsp.a(altera_up_avalon_rs232.o)
                              obj/default/hello_world_small.o (alt_up_rs232_enable_read_interrupt)
../smart_car_bsp/\libhal_bsp.a(alt_dcache_flush_all.o)
                              ../smart_car_bsp/\libhal_bsp.a(alt_load.o) (alt_dcache_flush_all)
../smart_car_bsp/\libhal_bsp.a(alt_dev.o)
                              ../smart_car_bsp/\libhal_bsp.a(alt_getchar.o) (alt_fd_list)
../smart_car_bsp/\libhal_bsp.a(alt_dev_llist_insert.o)
                              ../smart_car_bsp/\libhal_bsp.a(alt_sys_init.o) (alt_dev_llist_insert)
../smart_car_bsp/\libhal_bsp.a(alt_errno.o)
                              ../smart_car_bsp/\libhal_bsp.a(alt_dev_llist_insert.o) (alt_errno)
../smart_car_bsp/\libhal_bsp.a(alt_find_dev.o)
                              ../smart_car_bsp/\libhal_bsp.a(altera_up_avalon_rs232.o) (alt_find_dev)
../smart_car_bsp/\libhal_bsp.a(alt_icache_flush_all.o)
                              ../smart_car_bsp/\libhal_bsp.a(alt_load.o) (alt_icache_flush_all)
../smart_car_bsp/\libhal_bsp.a(alt_irq_register.o)
                              ../smart_car_bsp/\libhal_bsp.a(altera_avalon_timer_sc.o) (alt_irq_register)
../smart_car_bsp/\libhal_bsp.a(alt_irq_vars.o)
                              ../smart_car_bsp/\libhal_bsp.a(alt_irq_register.o) (alt_irq_active)
../smart_car_bsp/\libhal_bsp.a(alt_tick.o)
                              ../smart_car_bsp/\libhal_bsp.a(altera_avalon_timer_sc.o) (alt_tick)
../smart_car_bsp/\libhal_bsp.a(altera_nios2_qsys_irq.o)
                              ../smart_car_bsp/\libhal_bsp.a(alt_sys_init.o) (altera_nios2_qsys_irq_init)
../smart_car_bsp/\libhal_bsp.a(alt_icache_flush.o)
                              ../smart_car_bsp/\libhal_bsp.a(alt_icache_flush_all.o) (alt_icache_flush)
../smart_car_bsp/\libhal_bsp.a(alt_irq_entry.o)
                              ../smart_car_bsp/\libhal_bsp.a(alt_irq_register.o) (alt_irq_entry)
../smart_car_bsp/\libhal_bsp.a(alt_irq_handler.o)
                              ../smart_car_bsp/\libhal_bsp.a(alt_irq_register.o) (alt_irq_handler)
../smart_car_bsp/\libhal_bsp.a(alt_exception_entry.o)
                              ../smart_car_bsp/\libhal_bsp.a(alt_irq_entry.o) (alt_exception)
c:/intelfpga_lite/17.1/nios2eds/bin/gnu/h-x86_64-mingw32/bin/../lib/gcc/nios2-elf/5.3.0/../../../../../H-x86_64-mingw32/nios2-elf/lib\libsmallc.a(lib_a-int_errno.o)
                              ../smart_car_bsp/\libhal_bsp.a(alt_dev_llist_insert.o) (errno)
c:/intelfpga_lite/17.1/nios2eds/bin/gnu/h-x86_64-mingw32/bin/../lib/gcc/nios2-elf/5.3.0/../../../../../H-x86_64-mingw32/nios2-elf/lib\libsmallc.a(lib_a-memcmp.o)
                              ../smart_car_bsp/\libhal_bsp.a(alt_find_dev.o) (memcmp)
c:/intelfpga_lite/17.1/nios2eds/bin/gnu/h-x86_64-mingw32/bin/../lib/gcc/nios2-elf/5.3.0/../../../../../H-x86_64-mingw32/nios2-elf/lib\libsmallc.a(lib_a-strlen.o)
                              ../smart_car_bsp/\libhal_bsp.a(alt_find_dev.o) (strlen)

Allocating common symbols
Common symbol       size              file

alt_irq             0x100             ../smart_car_bsp/\libhal_bsp.a(alt_irq_handler.o)
errno               0x4               c:/intelfpga_lite/17.1/nios2eds/bin/gnu/h-x86_64-mingw32/bin/../lib/gcc/nios2-elf/5.3.0/../../../../../H-x86_64-mingw32/nios2-elf/lib\libsmallc.a(lib_a-int_errno.o)

Memory Configuration

Name             Origin             Length             Attributes
onchip_memory2_0 0x0000000000000000 0x0000000000001000
reset            0x0000000008000000 0x0000000000000020
sdram            0x0000000008000020 0x0000000007fff7e0
interrupt_stack  0x000000000ffff800 0x0000000000000400
exception_stack  0x000000000ffffc00 0x0000000000000400
*default*        0x0000000000000000 0xffffffffffffffff

Linker script and memory map

LOAD ../smart_car_bsp//obj/HAL/src/crt0.o
LOAD obj/default/hello_world_small.o
LOAD c:/intelfpga_lite/17.1/nios2eds/bin/gnu/h-x86_64-mingw32/bin/../lib/gcc/nios2-elf/5.3.0/../../../../../H-x86_64-mingw32/nios2-elf/lib\libstdc++.a
LOAD c:/intelfpga_lite/17.1/nios2eds/bin/gnu/h-x86_64-mingw32/bin/../lib/gcc/nios2-elf/5.3.0/../../../../../H-x86_64-mingw32/nios2-elf/lib\libm.a
LOAD c:/intelfpga_lite/17.1/nios2eds/bin/gnu/h-x86_64-mingw32/bin/../lib/gcc/nios2-elf/5.3.0\libgcc.a
START GROUP
LOAD c:/intelfpga_lite/17.1/nios2eds/bin/gnu/h-x86_64-mingw32/bin/../lib/gcc/nios2-elf/5.3.0/../../../../../H-x86_64-mingw32/nios2-elf/lib\libsmallc.a
LOAD c:/intelfpga_lite/17.1/nios2eds/bin/gnu/h-x86_64-mingw32/bin/../lib/gcc/nios2-elf/5.3.0\libgcc.a
LOAD ../smart_car_bsp/\libhal_bsp.a
LOAD c:/intelfpga_lite/17.1/nios2eds/bin/gnu/h-x86_64-mingw32/bin/../lib/gcc/nios2-elf/5.3.0/../../../../../H-x86_64-mingw32/nios2-elf/lib\libm.a
END GROUP
LOAD c:/intelfpga_lite/17.1/nios2eds/bin/gnu/h-x86_64-mingw32/bin/../lib/gcc/nios2-elf/5.3.0\libgcc.a
                0x0000000000000000                __alt_mem_onchip_memory2_0 = 0x0
                0x0000000008000000                __alt_mem_sdram = 0x8000000

.entry          0x0000000008000000       0x20
 *(.entry)
 .entry         0x0000000008000000       0x20 ../smart_car_bsp//obj/HAL/src/crt0.o
                0x0000000008000000                __reset
                0x000000000800001c                _exit

.exceptions     0x0000000008000020      0x138
                0x0000000008000020                PROVIDE (__ram_exceptions_start, ABSOLUTE (.))
                0x0000000008000020                . = ALIGN (0x20)
 *(.irq)
 *(.exceptions.entry.label)
 .exceptions.entry.label
                0x0000000008000020        0x0 ../smart_car_bsp/\libhal_bsp.a(alt_irq_entry.o)
                0x0000000008000020                alt_irq_entry
 .exceptions.entry.label
                0x0000000008000020        0x0 ../smart_car_bsp/\libhal_bsp.a(alt_exception_entry.o)
                0x0000000008000020                alt_exception
 *(.exceptions.entry.user)
 *(.exceptions.entry.ecc_fatal)
 *(.exceptions.entry)
 .exceptions.entry
                0x0000000008000020       0x60 ../smart_car_bsp/\libhal_bsp.a(alt_exception_entry.o)
 *(.exceptions.irqtest.user)
 *(.exceptions.irqtest)
 .exceptions.irqtest
                0x0000000008000080       0x10 ../smart_car_bsp/\libhal_bsp.a(alt_irq_entry.o)
 *(.exceptions.irqhandler.user)
 *(.exceptions.irqhandler)
 .exceptions.irqhandler
                0x0000000008000090        0x4 ../smart_car_bsp/\libhal_bsp.a(alt_irq_entry.o)
 *(.exceptions.irqreturn.user)
 *(.exceptions.irqreturn)
 .exceptions.irqreturn
                0x0000000008000094        0x4 ../smart_car_bsp/\libhal_bsp.a(alt_irq_entry.o)
 *(.exceptions.notirq.label)
 .exceptions.notirq.label
                0x0000000008000098        0x0 ../smart_car_bsp/\libhal_bsp.a(alt_irq_entry.o)
 *(.exceptions.notirq.user)
 *(.exceptions.notirq)
 .exceptions.notirq
                0x0000000008000098        0x8 ../smart_car_bsp/\libhal_bsp.a(alt_exception_entry.o)
 *(.exceptions.soft.user)
 *(.exceptions.soft)
 *(.exceptions.unknown.user)
 *(.exceptions.unknown)
 .exceptions.unknown
                0x00000000080000a0        0x4 ../smart_car_bsp/\libhal_bsp.a(alt_exception_entry.o)
 *(.exceptions.exit.label)
 .exceptions.exit.label
                0x00000000080000a4        0x0 ../smart_car_bsp/\libhal_bsp.a(alt_irq_entry.o)
 .exceptions.exit.label
                0x00000000080000a4        0x0 ../smart_car_bsp/\libhal_bsp.a(alt_exception_entry.o)
 *(.exceptions.exit.user)
 *(.exceptions.exit)
 .exceptions.exit
                0x00000000080000a4       0x54 ../smart_car_bsp/\libhal_bsp.a(alt_exception_entry.o)
 *(.exceptions)
 .exceptions    0x00000000080000f8       0x60 ../smart_car_bsp/\libhal_bsp.a(alt_irq_handler.o)
                0x00000000080000f8                alt_irq_handler
                0x0000000008000158                PROVIDE (__ram_exceptions_end, ABSOLUTE (.))
                0x0000000008000020                PROVIDE (__flash_exceptions_start, LOADADDR (.exceptions))

.text           0x0000000008000158      0xcac
                [!provide]                        PROVIDE (stext, ABSOLUTE (.))
 *(.interp)
 *(.hash)
 *(.dynsym)
 *(.dynstr)
 *(.gnu.version)
 *(.gnu.version_d)
 *(.gnu.version_r)
 *(.rel.init)
 *(.rela.init)
 *(.rel.text .rel.text.* .rel.gnu.linkonce.t.*)
 *(.rela.text .rela.text.* .rela.gnu.linkonce.t.*)
 *(.rel.fini)
 *(.rela.fini)
 *(.rel.rodata .rel.rodata.* .rel.gnu.linkonce.r.*)
 *(.rela.rodata .rela.rodata.* .rela.gnu.linkonce.r.*)
 *(.rel.data .rel.data.* .rel.gnu.linkonce.d.*)
 *(.rela.data .rela.data.* .rela.gnu.linkonce.d.*)
 *(.rel.tdata .rel.tdata.* .rel.gnu.linkonce.td.*)
 *(.rela.tdata .rela.tdata.* .rela.gnu.linkonce.td.*)
 *(.rel.tbss .rel.tbss.* .rel.gnu.linkonce.tb.*)
 *(.rela.tbss .rela.tbss.* .rela.gnu.linkonce.tb.*)
 *(.rel.ctors)
 *(.rela.ctors)
 *(.rel.dtors)
 *(.rela.dtors)
 *(.rel.got)
 *(.rela.got)
 *(.rel.sdata .rel.sdata.* .rel.gnu.linkonce.s.*)
 *(.rela.sdata .rela.sdata.* .rela.gnu.linkonce.s.*)
 *(.rel.sbss .rel.sbss.* .rel.gnu.linkonce.sb.*)
 *(.rela.sbss .rela.sbss.* .rela.gnu.linkonce.sb.*)
 *(.rel.sdata2 .rel.sdata2.* .rel.gnu.linkonce.s2.*)
 *(.rela.sdata2 .rela.sdata2.* .rela.gnu.linkonce.s2.*)
 *(.rel.sbss2 .rel.sbss2.* .rel.gnu.linkonce.sb2.*)
 *(.rela.sbss2 .rela.sbss2.* .rela.gnu.linkonce.sb2.*)
 *(.rel.bss .rel.bss.* .rel.gnu.linkonce.b.*)
 *(.rela.bss .rela.bss.* .rela.gnu.linkonce.b.*)
 *(.rel.plt)
 *(.rela.plt)
 *(.rel.dyn)
 *(.init)
 *(.plt)
 *(.text .stub .text.* .gnu.linkonce.t.*)
 .text          0x0000000008000158       0x4c ../smart_car_bsp//obj/HAL/src/crt0.o
                0x0000000008000158                _start
 .text          0x00000000080001a4      0x1b4 obj/default/hello_world_small.o
                0x00000000080001a4                taskRS232
                0x0000000008000230                clearhex
                0x0000000008000278                decimal_to_hex
 .text.startup  0x0000000008000358       0x30 obj/default/hello_world_small.o
                0x0000000008000358                main
 .text          0x0000000008000388      0x1b4 c:/intelfpga_lite/17.1/nios2eds/bin/gnu/h-x86_64-mingw32/bin/../lib/gcc/nios2-elf/5.3.0\libgcc.a(lib2-divmod.o)
                0x0000000008000388                __divsi3
                0x000000000800040c                __modsi3
                0x0000000008000480                __udivsi3
                0x00000000080004e4                __umodsi3
 .text          0x000000000800053c       0x44 ../smart_car_bsp/\libhal_bsp.a(alt_getchar.o)
                0x000000000800053c                alt_getchar
 .text          0x0000000008000580       0xe0 ../smart_car_bsp/\libhal_bsp.a(alt_load.o)
                0x0000000008000580                alt_load
 .text          0x0000000008000660       0x2c ../smart_car_bsp/\libhal_bsp.a(alt_main.o)
                0x0000000008000660                alt_main
 .text          0x000000000800068c      0x170 ../smart_car_bsp/\libhal_bsp.a(alt_printf.o)
                0x000000000800068c                alt_printf
 .text          0x00000000080007fc       0x48 ../smart_car_bsp/\libhal_bsp.a(alt_putchar.o)
                0x00000000080007fc                alt_putchar
 .text          0x0000000008000844       0x54 ../smart_car_bsp/\libhal_bsp.a(alt_sys_init.o)
                0x0000000008000844                alt_irq_init
                0x0000000008000864                alt_sys_init
 .text          0x0000000008000898       0x5c ../smart_car_bsp/\libhal_bsp.a(altera_avalon_jtag_uart_read.o)
                0x0000000008000898                altera_avalon_jtag_uart_read
 .text          0x00000000080008f4       0x34 ../smart_car_bsp/\libhal_bsp.a(altera_avalon_jtag_uart_write.o)
                0x00000000080008f4                altera_avalon_jtag_uart_write
 .text          0x0000000008000928       0x64 ../smart_car_bsp/\libhal_bsp.a(altera_avalon_timer_sc.o)
                0x0000000008000964                alt_avalon_timer_sc_init
 .text          0x000000000800098c      0x160 ../smart_car_bsp/\libhal_bsp.a(altera_up_avalon_rs232.o)
                0x000000000800098c                alt_up_rs232_enable_read_interrupt
                0x00000000080009a4                alt_up_rs232_disable_read_interrupt
                0x00000000080009c0                alt_up_rs232_get_used_space_in_read_FIFO
                0x00000000080009d0                alt_up_rs232_get_available_space_in_write_FIFO
                0x00000000080009e0                alt_up_rs232_check_parity
                0x00000000080009ec                alt_up_rs232_write_data
                0x0000000008000a00                alt_up_rs232_read_data
                0x0000000008000a4c                alt_up_rs232_read_fd
                0x0000000008000abc                alt_up_rs232_write_fd
                0x0000000008000ae4                alt_up_rs232_open_dev
 .text          0x0000000008000aec       0x18 ../smart_car_bsp/\libhal_bsp.a(alt_dcache_flush_all.o)
                0x0000000008000aec                alt_dcache_flush_all
 .text          0x0000000008000b04        0x8 ../smart_car_bsp/\libhal_bsp.a(alt_dev.o)
 .text          0x0000000008000b0c       0x6c ../smart_car_bsp/\libhal_bsp.a(alt_dev_llist_insert.o)
                0x0000000008000b0c                alt_dev_llist_insert
 .text          0x0000000008000b78        0x0 ../smart_car_bsp/\libhal_bsp.a(alt_errno.o)
 .text          0x0000000008000b78       0x74 ../smart_car_bsp/\libhal_bsp.a(alt_find_dev.o)
                0x0000000008000b78                alt_find_dev
 .text          0x0000000008000bec        0xc ../smart_car_bsp/\libhal_bsp.a(alt_icache_flush_all.o)
                0x0000000008000bec                alt_icache_flush_all
 .text          0x0000000008000bf8       0x94 ../smart_car_bsp/\libhal_bsp.a(alt_irq_register.o)
                0x0000000008000bf8                alt_irq_register
 .text          0x0000000008000c8c        0x0 ../smart_car_bsp/\libhal_bsp.a(alt_irq_vars.o)
 .text          0x0000000008000c8c       0xec ../smart_car_bsp/\libhal_bsp.a(alt_tick.o)
                0x0000000008000c8c                alt_alarm_stop
                0x0000000008000cc0                alt_tick
 .text          0x0000000008000d78        0x8 ../smart_car_bsp/\libhal_bsp.a(altera_nios2_qsys_irq.o)
                0x0000000008000d78                altera_nios2_qsys_irq_init
 .text          0x0000000008000d80       0x38 ../smart_car_bsp/\libhal_bsp.a(alt_icache_flush.o)
                0x0000000008000d80                alt_icache_flush
 .text          0x0000000008000db8        0x0 ../smart_car_bsp/\libhal_bsp.a(alt_irq_entry.o)
 .text          0x0000000008000db8        0x0 ../smart_car_bsp/\libhal_bsp.a(alt_irq_handler.o)
 .text          0x0000000008000db8        0x0 ../smart_car_bsp/\libhal_bsp.a(alt_exception_entry.o)
 .text          0x0000000008000db8        0x0 c:/intelfpga_lite/17.1/nios2eds/bin/gnu/h-x86_64-mingw32/bin/../lib/gcc/nios2-elf/5.3.0/../../../../../H-x86_64-mingw32/nios2-elf/lib\libsmallc.a(lib_a-int_errno.o)
 .text          0x0000000008000db8        0x0 c:/intelfpga_lite/17.1/nios2eds/bin/gnu/h-x86_64-mingw32/bin/../lib/gcc/nios2-elf/5.3.0/../../../../../H-x86_64-mingw32/nios2-elf/lib\libsmallc.a(lib_a-memcmp.o)
 .text.memcmp   0x0000000008000db8       0x30 c:/intelfpga_lite/17.1/nios2eds/bin/gnu/h-x86_64-mingw32/bin/../lib/gcc/nios2-elf/5.3.0/../../../../../H-x86_64-mingw32/nios2-elf/lib\libsmallc.a(lib_a-memcmp.o)
                0x0000000008000db8                memcmp
 .text          0x0000000008000de8        0x0 c:/intelfpga_lite/17.1/nios2eds/bin/gnu/h-x86_64-mingw32/bin/../lib/gcc/nios2-elf/5.3.0/../../../../../H-x86_64-mingw32/nios2-elf/lib\libsmallc.a(lib_a-strlen.o)
 .text.strlen   0x0000000008000de8       0x1c c:/intelfpga_lite/17.1/nios2eds/bin/gnu/h-x86_64-mingw32/bin/../lib/gcc/nios2-elf/5.3.0/../../../../../H-x86_64-mingw32/nios2-elf/lib\libsmallc.a(lib_a-strlen.o)
                0x0000000008000de8                strlen
 *(.gnu.warning.*)
 *(.fini)
                [!provide]                        PROVIDE (__etext, ABSOLUTE (.))
                [!provide]                        PROVIDE (_etext, ABSOLUTE (.))
                [!provide]                        PROVIDE (etext, ABSOLUTE (.))
 *(.eh_frame_hdr)
                0x0000000008000e04                . = ALIGN (0x4)
                [!provide]                        PROVIDE (__preinit_array_start, ABSOLUTE (.))
 *(.preinit_array)
                [!provide]                        PROVIDE (__preinit_array_end, ABSOLUTE (.))
                [!provide]                        PROVIDE (__init_array_start, ABSOLUTE (.))
 *(.init_array)
                [!provide]                        PROVIDE (__init_array_end, ABSOLUTE (.))
                [!provide]                        PROVIDE (__fini_array_start, ABSOLUTE (.))
 *(.fini_array)
                [!provide]                        PROVIDE (__fini_array_end, ABSOLUTE (.))
 *(.eh_frame)
 *(.gcc_except_table .gcc_except_table.*)
 *(.dynamic)
                [!provide]                        PROVIDE (__CTOR_LIST__, ABSOLUTE (.))
 *(.ctors)
 *(SORT(.ctors.*))
                [!provide]                        PROVIDE (__CTOR_END__, ABSOLUTE (.))
                [!provide]                        PROVIDE (__DTOR_LIST__, ABSOLUTE (.))
 *(.dtors)
 *(SORT(.dtors.*))
                [!provide]                        PROVIDE (__DTOR_END__, ABSOLUTE (.))
 *(.jcr)
                0x0000000008000e04                . = ALIGN (0x4)

.rodata         0x0000000008000e04       0xa4
                0x0000000008000e04                PROVIDE (__ram_rodata_start, ABSOLUTE (.))
                0x0000000008000e04                . = ALIGN (0x4)
 *(.rodata .rodata.* .gnu.linkonce.r.*)
 .rodata.str1.4
                0x0000000008000e04       0x96 obj/default/hello_world_small.o
 .rodata.str1.4
                0x0000000008000e9a        0xa ../smart_car_bsp/\libhal_bsp.a(alt_sys_init.o)
 *fill*         0x0000000008000e9a        0x2 
 .rodata.str1.4
                0x0000000008000e9c        0xc ../smart_car_bsp/\libhal_bsp.a(alt_dev.o)
                                          0xa (size before relaxing)
 *(.rodata1)
                0x0000000008000ea8                . = ALIGN (0x4)
                0x0000000008000ea8                PROVIDE (__ram_rodata_end, ABSOLUTE (.))
                0x0000000008000e04                PROVIDE (__flash_rodata_start, LOADADDR (.rodata))

.rwdata         0x0000000008000ea8       0xd0 load address 0x0000000008000f78
                0x0000000008000ea8                PROVIDE (__ram_rwdata_start, ABSOLUTE (.))
                0x0000000008000ea8                . = ALIGN (0x4)
 *(.got.plt)
 *(.got)
 *(.data1)
 *(.data .data.* .gnu.linkonce.d.*)
 .data          0x0000000008000ea8        0x0 ../smart_car_bsp//obj/HAL/src/crt0.o
 .data          0x0000000008000ea8       0x28 obj/default/hello_world_small.o
                0x0000000008000ea8                hextable
 .data          0x0000000008000ed0        0x0 c:/intelfpga_lite/17.1/nios2eds/bin/gnu/h-x86_64-mingw32/bin/../lib/gcc/nios2-elf/5.3.0\libgcc.a(lib2-divmod.o)
 .data          0x0000000008000ed0        0x0 ../smart_car_bsp/\libhal_bsp.a(alt_getchar.o)
 .data          0x0000000008000ed0        0x0 ../smart_car_bsp/\libhal_bsp.a(alt_load.o)
 .data          0x0000000008000ed0        0x0 ../smart_car_bsp/\libhal_bsp.a(alt_main.o)
 .data          0x0000000008000ed0        0x0 ../smart_car_bsp/\libhal_bsp.a(alt_printf.o)
 .data          0x0000000008000ed0        0x0 ../smart_car_bsp/\libhal_bsp.a(alt_putchar.o)
 .data          0x0000000008000ed0       0x2c ../smart_car_bsp/\libhal_bsp.a(alt_sys_init.o)
 .data          0x0000000008000efc        0x0 ../smart_car_bsp/\libhal_bsp.a(altera_avalon_jtag_uart_read.o)
 .data          0x0000000008000efc        0x0 ../smart_car_bsp/\libhal_bsp.a(altera_avalon_jtag_uart_write.o)
 .data          0x0000000008000efc        0x0 ../smart_car_bsp/\libhal_bsp.a(altera_avalon_timer_sc.o)
 .data          0x0000000008000efc        0x0 ../smart_car_bsp/\libhal_bsp.a(altera_up_avalon_rs232.o)
 .data          0x0000000008000efc        0x0 ../smart_car_bsp/\libhal_bsp.a(alt_dcache_flush_all.o)
 .data          0x0000000008000efc       0x58 ../smart_car_bsp/\libhal_bsp.a(alt_dev.o)
                0x0000000008000efc                alt_fd_list
                0x0000000008000f2c                alt_dev_null
 .data          0x0000000008000f54        0x0 ../smart_car_bsp/\libhal_bsp.a(alt_dev_llist_insert.o)
 .data          0x0000000008000f54        0x0 ../smart_car_bsp/\libhal_bsp.a(alt_errno.o)
 .data          0x0000000008000f54        0x0 ../smart_car_bsp/\libhal_bsp.a(alt_find_dev.o)
 .data          0x0000000008000f54        0x0 ../smart_car_bsp/\libhal_bsp.a(alt_icache_flush_all.o)
 .data          0x0000000008000f54        0x0 ../smart_car_bsp/\libhal_bsp.a(alt_irq_register.o)
 .data          0x0000000008000f54        0x0 ../smart_car_bsp/\libhal_bsp.a(alt_irq_vars.o)
 .data          0x0000000008000f54        0x0 ../smart_car_bsp/\libhal_bsp.a(alt_tick.o)
 .data          0x0000000008000f54        0x0 ../smart_car_bsp/\libhal_bsp.a(altera_nios2_qsys_irq.o)
 .data          0x0000000008000f54        0x0 ../smart_car_bsp/\libhal_bsp.a(alt_icache_flush.o)
 .data          0x0000000008000f54        0x0 ../smart_car_bsp/\libhal_bsp.a(alt_irq_entry.o)
 .data          0x0000000008000f54        0x0 ../smart_car_bsp/\libhal_bsp.a(alt_irq_handler.o)
 .data          0x0000000008000f54        0x0 ../smart_car_bsp/\libhal_bsp.a(alt_exception_entry.o)
 .data          0x0000000008000f54        0x0 c:/intelfpga_lite/17.1/nios2eds/bin/gnu/h-x86_64-mingw32/bin/../lib/gcc/nios2-elf/5.3.0/../../../../../H-x86_64-mingw32/nios2-elf/lib\libsmallc.a(lib_a-int_errno.o)
 .data          0x0000000008000f54        0x0 c:/intelfpga_lite/17.1/nios2eds/bin/gnu/h-x86_64-mingw32/bin/../lib/gcc/nios2-elf/5.3.0/../../../../../H-x86_64-mingw32/nios2-elf/lib\libsmallc.a(lib_a-memcmp.o)
 .data          0x0000000008000f54        0x0 c:/intelfpga_lite/17.1/nios2eds/bin/gnu/h-x86_64-mingw32/bin/../lib/gcc/nios2-elf/5.3.0/../../../../../H-x86_64-mingw32/nios2-elf/lib\libsmallc.a(lib_a-strlen.o)
                0x0000000008008f54                _gp = ABSOLUTE ((. + 0x8000))
                [!provide]                        PROVIDE (gp, _gp)
 *(.rwdata .rwdata.*)
 *(.sdata .sdata.* .gnu.linkonce.s.*)
 .sdata         0x0000000008000f54        0x4 ../smart_car_bsp/\libhal_bsp.a(alt_sys_init.o)
                0x0000000008000f54                jtag_uart_0
 .sdata         0x0000000008000f58       0x14 ../smart_car_bsp/\libhal_bsp.a(alt_dev.o)
                0x0000000008000f58                alt_max_fd
                0x0000000008000f5c                alt_dev_list
                0x0000000008000f64                alt_fs_list
 .sdata         0x0000000008000f6c        0x4 ../smart_car_bsp/\libhal_bsp.a(alt_errno.o)
                0x0000000008000f6c                alt_errno
 .sdata         0x0000000008000f70        0x8 ../smart_car_bsp/\libhal_bsp.a(alt_tick.o)
                0x0000000008000f70                alt_alarm_list
 *(.sdata2 .sdata2.* .gnu.linkonce.s2.*)
                0x0000000008000f78                . = ALIGN (0x4)
                0x0000000008000f78                _edata = ABSOLUTE (.)
                [!provide]                        PROVIDE (edata, ABSOLUTE (.))
                0x0000000008000f78                PROVIDE (__ram_rwdata_end, ABSOLUTE (.))
                0x0000000008000f78                PROVIDE (__flash_rwdata_start, LOADADDR (.rwdata))

.bss            0x0000000008001048      0x11c
                0x0000000008001048                __bss_start = ABSOLUTE (.)
                [!provide]                        PROVIDE (__sbss_start, ABSOLUTE (.))
                [!provide]                        PROVIDE (___sbss_start, ABSOLUTE (.))
 *(.dynsbss)
 *(.sbss .sbss.* .gnu.linkonce.sb.*)
 .sbss          0x0000000008001048        0xc ../smart_car_bsp/\libhal_bsp.a(alt_main.o)
                0x0000000008001048                alt_envp
                0x000000000800104c                alt_argv
                0x0000000008001050                alt_argc
 .sbss          0x0000000008001054        0x4 ../smart_car_bsp/\libhal_bsp.a(alt_irq_vars.o)
                0x0000000008001054                alt_irq_active
 .sbss          0x0000000008001058        0x8 ../smart_car_bsp/\libhal_bsp.a(alt_tick.o)
                0x0000000008001058                _alt_nticks
                0x000000000800105c                _alt_tick_rate
 .sbss          0x0000000008001060        0x4 c:/intelfpga_lite/17.1/nios2eds/bin/gnu/h-x86_64-mingw32/bin/../lib/gcc/nios2-elf/5.3.0/../../../../../H-x86_64-mingw32/nios2-elf/lib\libsmallc.a(lib_a-int_errno.o)
                0x0000000008001060                errno
 *(.sbss2 .sbss2.* .gnu.linkonce.sb2.*)
 *(.scommon)
                [!provide]                        PROVIDE (__sbss_end, ABSOLUTE (.))
                [!provide]                        PROVIDE (___sbss_end, ABSOLUTE (.))
 *(.dynbss)
 *(.bss .bss.* .gnu.linkonce.b.*)
 .bss           0x0000000008001064        0x0 ../smart_car_bsp//obj/HAL/src/crt0.o
 .bss           0x0000000008001064        0x0 obj/default/hello_world_small.o
 .bss           0x0000000008001064        0x0 c:/intelfpga_lite/17.1/nios2eds/bin/gnu/h-x86_64-mingw32/bin/../lib/gcc/nios2-elf/5.3.0\libgcc.a(lib2-divmod.o)
 .bss           0x0000000008001064        0x0 ../smart_car_bsp/\libhal_bsp.a(alt_getchar.o)
 .bss           0x0000000008001064        0x0 ../smart_car_bsp/\libhal_bsp.a(alt_load.o)
 .bss           0x0000000008001064        0x0 ../smart_car_bsp/\libhal_bsp.a(alt_main.o)
 .bss           0x0000000008001064        0x0 ../smart_car_bsp/\libhal_bsp.a(alt_printf.o)
 .bss           0x0000000008001064        0x0 ../smart_car_bsp/\libhal_bsp.a(alt_putchar.o)
 .bss           0x0000000008001064        0x0 ../smart_car_bsp/\libhal_bsp.a(alt_sys_init.o)
 .bss           0x0000000008001064        0x0 ../smart_car_bsp/\libhal_bsp.a(altera_avalon_jtag_uart_read.o)
 .bss           0x0000000008001064        0x0 ../smart_car_bsp/\libhal_bsp.a(altera_avalon_jtag_uart_write.o)
 .bss           0x0000000008001064        0x0 ../smart_car_bsp/\libhal_bsp.a(altera_avalon_timer_sc.o)
 .bss           0x0000000008001064        0x0 ../smart_car_bsp/\libhal_bsp.a(altera_up_avalon_rs232.o)
 .bss           0x0000000008001064        0x0 ../smart_car_bsp/\libhal_bsp.a(alt_dcache_flush_all.o)
 .bss           0x0000000008001064        0x0 ../smart_car_bsp/\libhal_bsp.a(alt_dev.o)
 .bss           0x0000000008001064        0x0 ../smart_car_bsp/\libhal_bsp.a(alt_dev_llist_insert.o)
 .bss           0x0000000008001064        0x0 ../smart_car_bsp/\libhal_bsp.a(alt_errno.o)
 .bss           0x0000000008001064        0x0 ../smart_car_bsp/\libhal_bsp.a(alt_find_dev.o)
 .bss           0x0000000008001064        0x0 ../smart_car_bsp/\libhal_bsp.a(alt_icache_flush_all.o)
 .bss           0x0000000008001064        0x0 ../smart_car_bsp/\libhal_bsp.a(alt_irq_register.o)
 .bss           0x0000000008001064        0x0 ../smart_car_bsp/\libhal_bsp.a(alt_irq_vars.o)
 .bss           0x0000000008001064        0x0 ../smart_car_bsp/\libhal_bsp.a(alt_tick.o)
 .bss           0x0000000008001064        0x0 ../smart_car_bsp/\libhal_bsp.a(altera_nios2_qsys_irq.o)
 .bss           0x0000000008001064        0x0 ../smart_car_bsp/\libhal_bsp.a(alt_icache_flush.o)
 .bss           0x0000000008001064        0x0 ../smart_car_bsp/\libhal_bsp.a(alt_irq_entry.o)
 .bss           0x0000000008001064        0x0 ../smart_car_bsp/\libhal_bsp.a(alt_irq_handler.o)
 .bss           0x0000000008001064        0x0 ../smart_car_bsp/\libhal_bsp.a(alt_exception_entry.o)
 .bss           0x0000000008001064        0x0 c:/intelfpga_lite/17.1/nios2eds/bin/gnu/h-x86_64-mingw32/bin/../lib/gcc/nios2-elf/5.3.0/../../../../../H-x86_64-mingw32/nios2-elf/lib\libsmallc.a(lib_a-int_errno.o)
 .bss           0x0000000008001064        0x0 c:/intelfpga_lite/17.1/nios2eds/bin/gnu/h-x86_64-mingw32/bin/../lib/gcc/nios2-elf/5.3.0/../../../../../H-x86_64-mingw32/nios2-elf/lib\libsmallc.a(lib_a-memcmp.o)
 .bss           0x0000000008001064        0x0 c:/intelfpga_lite/17.1/nios2eds/bin/gnu/h-x86_64-mingw32/bin/../lib/gcc/nios2-elf/5.3.0/../../../../../H-x86_64-mingw32/nios2-elf/lib\libsmallc.a(lib_a-strlen.o)
 *(COMMON)
 COMMON         0x0000000008001064      0x100 ../smart_car_bsp/\libhal_bsp.a(alt_irq_handler.o)
                0x0000000008001064                alt_irq
                0x0000000008001164                . = ALIGN (0x4)
                0x0000000008001164                __bss_end = ABSOLUTE (.)

.onchip_memory2_0
                0x0000000000000000        0x0 load address 0x0000000008001164
                [!provide]                        PROVIDE (_alt_partition_onchip_memory2_0_start, ABSOLUTE (.))
 *(.onchip_memory2_0 .onchip_memory2_0. onchip_memory2_0.*)
                0x0000000000000000                . = ALIGN (0x4)
                [!provide]                        PROVIDE (_alt_partition_onchip_memory2_0_end, ABSOLUTE (.))
                [!provide]                        PROVIDE (_alt_partition_onchip_memory2_0_load_addr, LOADADDR (.onchip_memory2_0))

.sdram          0x0000000008001164        0x0
                [!provide]                        PROVIDE (_alt_partition_sdram_start, ABSOLUTE (.))
 *(.sdram .sdram. sdram.*)
                0x0000000008001164                . = ALIGN (0x4)
                [!provide]                        PROVIDE (_alt_partition_sdram_end, ABSOLUTE (.))
                0x0000000008001164                _end = ABSOLUTE (.)
                0x0000000008001164                end = ABSOLUTE (.)
                0x0000000008001164                __alt_stack_base = ABSOLUTE (.)
                [!provide]                        PROVIDE (_alt_partition_sdram_load_addr, LOADADDR (.sdram))

.stab
 *(.stab)

.stabstr
 *(.stabstr)

.stab.excl
 *(.stab.excl)

.stab.exclstr
 *(.stab.exclstr)

.stab.index
 *(.stab.index)

.stab.indexstr
 *(.stab.indexstr)

.comment        0x0000000000000000       0x23
 *(.comment)
 .comment       0x0000000000000000       0x23 obj/default/hello_world_small.o
                                         0x24 (size before relaxing)
 .comment       0x0000000000000023       0x24 c:/intelfpga_lite/17.1/nios2eds/bin/gnu/h-x86_64-mingw32/bin/../lib/gcc/nios2-elf/5.3.0\libgcc.a(lib2-divmod.o)
 .comment       0x0000000000000023       0x24 ../smart_car_bsp/\libhal_bsp.a(alt_getchar.o)
 .comment       0x0000000000000023       0x24 ../smart_car_bsp/\libhal_bsp.a(alt_load.o)
 .comment       0x0000000000000023       0x24 ../smart_car_bsp/\libhal_bsp.a(alt_main.o)
 .comment       0x0000000000000023       0x24 ../smart_car_bsp/\libhal_bsp.a(alt_printf.o)
 .comment       0x0000000000000023       0x24 ../smart_car_bsp/\libhal_bsp.a(alt_putchar.o)
 .comment       0x0000000000000023       0x24 ../smart_car_bsp/\libhal_bsp.a(alt_sys_init.o)
 .comment       0x0000000000000023       0x24 ../smart_car_bsp/\libhal_bsp.a(altera_avalon_jtag_uart_read.o)
 .comment       0x0000000000000023       0x24 ../smart_car_bsp/\libhal_bsp.a(altera_avalon_jtag_uart_write.o)
 .comment       0x0000000000000023       0x24 ../smart_car_bsp/\libhal_bsp.a(altera_avalon_timer_sc.o)
 .comment       0x0000000000000023       0x24 ../smart_car_bsp/\libhal_bsp.a(altera_up_avalon_rs232.o)
 .comment       0x0000000000000023       0x24 ../smart_car_bsp/\libhal_bsp.a(alt_dcache_flush_all.o)
 .comment       0x0000000000000023       0x24 ../smart_car_bsp/\libhal_bsp.a(alt_dev.o)
 .comment       0x0000000000000023       0x24 ../smart_car_bsp/\libhal_bsp.a(alt_dev_llist_insert.o)
 .comment       0x0000000000000023       0x24 ../smart_car_bsp/\libhal_bsp.a(alt_errno.o)
 .comment       0x0000000000000023       0x24 ../smart_car_bsp/\libhal_bsp.a(alt_find_dev.o)
 .comment       0x0000000000000023       0x24 ../smart_car_bsp/\libhal_bsp.a(alt_icache_flush_all.o)
 .comment       0x0000000000000023       0x24 ../smart_car_bsp/\libhal_bsp.a(alt_irq_register.o)
 .comment       0x0000000000000023       0x24 ../smart_car_bsp/\libhal_bsp.a(alt_irq_vars.o)
 .comment       0x0000000000000023       0x24 ../smart_car_bsp/\libhal_bsp.a(alt_tick.o)
 .comment       0x0000000000000023       0x24 ../smart_car_bsp/\libhal_bsp.a(altera_nios2_qsys_irq.o)
 .comment       0x0000000000000023       0x24 ../smart_car_bsp/\libhal_bsp.a(alt_icache_flush.o)
 .comment       0x0000000000000023       0x24 ../smart_car_bsp/\libhal_bsp.a(alt_irq_handler.o)
 .comment       0x0000000000000023       0x24 c:/intelfpga_lite/17.1/nios2eds/bin/gnu/h-x86_64-mingw32/bin/../lib/gcc/nios2-elf/5.3.0/../../../../../H-x86_64-mingw32/nios2-elf/lib\libsmallc.a(lib_a-int_errno.o)
 .comment       0x0000000000000023       0x24 c:/intelfpga_lite/17.1/nios2eds/bin/gnu/h-x86_64-mingw32/bin/../lib/gcc/nios2-elf/5.3.0/../../../../../H-x86_64-mingw32/nios2-elf/lib\libsmallc.a(lib_a-memcmp.o)
 .comment       0x0000000000000023       0x24 c:/intelfpga_lite/17.1/nios2eds/bin/gnu/h-x86_64-mingw32/bin/../lib/gcc/nios2-elf/5.3.0/../../../../../H-x86_64-mingw32/nios2-elf/lib\libsmallc.a(lib_a-strlen.o)

.debug
 *(.debug)

.line
 *(.line)

.debug_srcinfo
 *(.debug_srcinfo)

.debug_sfnames
 *(.debug_sfnames)

.debug_aranges  0x0000000000000000      0x3e0
 *(.debug_aranges)
 .debug_aranges
                0x0000000000000000       0x28 ../smart_car_bsp//obj/HAL/src/crt0.o
 .debug_aranges
                0x0000000000000028       0x28 obj/default/hello_world_small.o
 .debug_aranges
                0x0000000000000050       0x20 c:/intelfpga_lite/17.1/nios2eds/bin/gnu/h-x86_64-mingw32/bin/../lib/gcc/nios2-elf/5.3.0\libgcc.a(lib2-divmod.o)
 .debug_aranges
                0x0000000000000070       0x20 ../smart_car_bsp/\libhal_bsp.a(alt_getchar.o)
 .debug_aranges
                0x0000000000000090       0x20 ../smart_car_bsp/\libhal_bsp.a(alt_load.o)
 .debug_aranges
                0x00000000000000b0       0x20 ../smart_car_bsp/\libhal_bsp.a(alt_main.o)
 .debug_aranges
                0x00000000000000d0       0x20 ../smart_car_bsp/\libhal_bsp.a(alt_printf.o)
 .debug_aranges
                0x00000000000000f0       0x20 ../smart_car_bsp/\libhal_bsp.a(alt_putchar.o)
 .debug_aranges
                0x0000000000000110       0x20 ../smart_car_bsp/\libhal_bsp.a(alt_sys_init.o)
 .debug_aranges
                0x0000000000000130       0x20 ../smart_car_bsp/\libhal_bsp.a(altera_avalon_jtag_uart_read.o)
 .debug_aranges
                0x0000000000000150       0x20 ../smart_car_bsp/\libhal_bsp.a(altera_avalon_jtag_uart_write.o)
 .debug_aranges
                0x0000000000000170       0x20 ../smart_car_bsp/\libhal_bsp.a(altera_avalon_timer_sc.o)
 .debug_aranges
                0x0000000000000190       0x20 ../smart_car_bsp/\libhal_bsp.a(altera_up_avalon_rs232.o)
 .debug_aranges
                0x00000000000001b0       0x20 ../smart_car_bsp/\libhal_bsp.a(alt_dcache_flush_all.o)
 .debug_aranges
                0x00000000000001d0       0x20 ../smart_car_bsp/\libhal_bsp.a(alt_dev.o)
 .debug_aranges
                0x00000000000001f0       0x20 ../smart_car_bsp/\libhal_bsp.a(alt_dev_llist_insert.o)
 .debug_aranges
                0x0000000000000210       0x18 ../smart_car_bsp/\libhal_bsp.a(alt_errno.o)
 .debug_aranges
                0x0000000000000228       0x20 ../smart_car_bsp/\libhal_bsp.a(alt_find_dev.o)
 .debug_aranges
                0x0000000000000248       0x20 ../smart_car_bsp/\libhal_bsp.a(alt_icache_flush_all.o)
 .debug_aranges
                0x0000000000000268       0x20 ../smart_car_bsp/\libhal_bsp.a(alt_irq_register.o)
 .debug_aranges
                0x0000000000000288       0x18 ../smart_car_bsp/\libhal_bsp.a(alt_irq_vars.o)
 .debug_aranges
                0x00000000000002a0       0x20 ../smart_car_bsp/\libhal_bsp.a(alt_tick.o)
 .debug_aranges
                0x00000000000002c0       0x20 ../smart_car_bsp/\libhal_bsp.a(altera_nios2_qsys_irq.o)
 .debug_aranges
                0x00000000000002e0       0x20 ../smart_car_bsp/\libhal_bsp.a(alt_icache_flush.o)
 .debug_aranges
                0x0000000000000300       0x30 ../smart_car_bsp/\libhal_bsp.a(alt_irq_entry.o)
 .debug_aranges
                0x0000000000000330       0x20 ../smart_car_bsp/\libhal_bsp.a(alt_irq_handler.o)
 .debug_aranges
                0x0000000000000350       0x38 ../smart_car_bsp/\libhal_bsp.a(alt_exception_entry.o)
 .debug_aranges
                0x0000000000000388       0x18 c:/intelfpga_lite/17.1/nios2eds/bin/gnu/h-x86_64-mingw32/bin/../lib/gcc/nios2-elf/5.3.0/../../../../../H-x86_64-mingw32/nios2-elf/lib\libsmallc.a(lib_a-int_errno.o)
 .debug_aranges
                0x00000000000003a0       0x20 c:/intelfpga_lite/17.1/nios2eds/bin/gnu/h-x86_64-mingw32/bin/../lib/gcc/nios2-elf/5.3.0/../../../../../H-x86_64-mingw32/nios2-elf/lib\libsmallc.a(lib_a-memcmp.o)
 .debug_aranges
                0x00000000000003c0       0x20 c:/intelfpga_lite/17.1/nios2eds/bin/gnu/h-x86_64-mingw32/bin/../lib/gcc/nios2-elf/5.3.0/../../../../../H-x86_64-mingw32/nios2-elf/lib\libsmallc.a(lib_a-strlen.o)

.debug_pubnames
 *(.debug_pubnames)

.debug_info     0x0000000000000000     0x39ac
 *(.debug_info .gnu.linkonce.wi.*)
 .debug_info    0x0000000000000000       0x78 ../smart_car_bsp//obj/HAL/src/crt0.o
 .debug_info    0x0000000000000078      0x506 obj/default/hello_world_small.o
 .debug_info    0x000000000000057e      0x2c6 c:/intelfpga_lite/17.1/nios2eds/bin/gnu/h-x86_64-mingw32/bin/../lib/gcc/nios2-elf/5.3.0\libgcc.a(lib2-divmod.o)
 .debug_info    0x0000000000000844      0x32d ../smart_car_bsp/\libhal_bsp.a(alt_getchar.o)
 .debug_info    0x0000000000000b71      0x1c9 ../smart_car_bsp/\libhal_bsp.a(alt_load.o)
 .debug_info    0x0000000000000d3a      0x184 ../smart_car_bsp/\libhal_bsp.a(alt_main.o)
 .debug_info    0x0000000000000ebe      0x14d ../smart_car_bsp/\libhal_bsp.a(alt_printf.o)
 .debug_info    0x000000000000100b      0x12a ../smart_car_bsp/\libhal_bsp.a(alt_putchar.o)
 .debug_info    0x0000000000001135      0x47f ../smart_car_bsp/\libhal_bsp.a(alt_sys_init.o)
 .debug_info    0x00000000000015b4      0x1bf ../smart_car_bsp/\libhal_bsp.a(altera_avalon_jtag_uart_read.o)
 .debug_info    0x0000000000001773      0x1a2 ../smart_car_bsp/\libhal_bsp.a(altera_avalon_jtag_uart_write.o)
 .debug_info    0x0000000000001915      0x283 ../smart_car_bsp/\libhal_bsp.a(altera_avalon_timer_sc.o)
 .debug_info    0x0000000000001b98      0x5f7 ../smart_car_bsp/\libhal_bsp.a(altera_up_avalon_rs232.o)
 .debug_info    0x000000000000218f       0xa6 ../smart_car_bsp/\libhal_bsp.a(alt_dcache_flush_all.o)
 .debug_info    0x0000000000002235      0x499 ../smart_car_bsp/\libhal_bsp.a(alt_dev.o)
 .debug_info    0x00000000000026ce      0x1b3 ../smart_car_bsp/\libhal_bsp.a(alt_dev_llist_insert.o)
 .debug_info    0x0000000000002881       0xa6 ../smart_car_bsp/\libhal_bsp.a(alt_errno.o)
 .debug_info    0x0000000000002927      0x32d ../smart_car_bsp/\libhal_bsp.a(alt_find_dev.o)
 .debug_info    0x0000000000002c54       0xb8 ../smart_car_bsp/\libhal_bsp.a(alt_icache_flush_all.o)
 .debug_info    0x0000000000002d0c      0x302 ../smart_car_bsp/\libhal_bsp.a(alt_irq_register.o)
 .debug_info    0x000000000000300e       0x77 ../smart_car_bsp/\libhal_bsp.a(alt_irq_vars.o)
 .debug_info    0x0000000000003085      0x2b4 ../smart_car_bsp/\libhal_bsp.a(alt_tick.o)
 .debug_info    0x0000000000003339       0xad ../smart_car_bsp/\libhal_bsp.a(altera_nios2_qsys_irq.o)
 .debug_info    0x00000000000033e6       0xde ../smart_car_bsp/\libhal_bsp.a(alt_icache_flush.o)
 .debug_info    0x00000000000034c4       0x81 ../smart_car_bsp/\libhal_bsp.a(alt_irq_entry.o)
 .debug_info    0x0000000000003545      0x199 ../smart_car_bsp/\libhal_bsp.a(alt_irq_handler.o)
 .debug_info    0x00000000000036de       0x87 ../smart_car_bsp/\libhal_bsp.a(alt_exception_entry.o)
 .debug_info    0x0000000000003765       0x8a c:/intelfpga_lite/17.1/nios2eds/bin/gnu/h-x86_64-mingw32/bin/../lib/gcc/nios2-elf/5.3.0/../../../../../H-x86_64-mingw32/nios2-elf/lib\libsmallc.a(lib_a-int_errno.o)
 .debug_info    0x00000000000037ef       0xf4 c:/intelfpga_lite/17.1/nios2eds/bin/gnu/h-x86_64-mingw32/bin/../lib/gcc/nios2-elf/5.3.0/../../../../../H-x86_64-mingw32/nios2-elf/lib\libsmallc.a(lib_a-memcmp.o)
 .debug_info    0x00000000000038e3       0xc9 c:/intelfpga_lite/17.1/nios2eds/bin/gnu/h-x86_64-mingw32/bin/../lib/gcc/nios2-elf/5.3.0/../../../../../H-x86_64-mingw32/nios2-elf/lib\libsmallc.a(lib_a-strlen.o)

.debug_abbrev   0x0000000000000000     0x19a6
 *(.debug_abbrev)
 .debug_abbrev  0x0000000000000000       0x12 ../smart_car_bsp//obj/HAL/src/crt0.o
 .debug_abbrev  0x0000000000000012      0x1cb obj/default/hello_world_small.o
 .debug_abbrev  0x00000000000001dd      0x10e c:/intelfpga_lite/17.1/nios2eds/bin/gnu/h-x86_64-mingw32/bin/../lib/gcc/nios2-elf/5.3.0\libgcc.a(lib2-divmod.o)
 .debug_abbrev  0x00000000000002eb      0x11d ../smart_car_bsp/\libhal_bsp.a(alt_getchar.o)
 .debug_abbrev  0x0000000000000408       0xd8 ../smart_car_bsp/\libhal_bsp.a(alt_load.o)
 .debug_abbrev  0x00000000000004e0       0xf5 ../smart_car_bsp/\libhal_bsp.a(alt_main.o)
 .debug_abbrev  0x00000000000005d5       0xd5 ../smart_car_bsp/\libhal_bsp.a(alt_printf.o)
 .debug_abbrev  0x00000000000006aa       0xd2 ../smart_car_bsp/\libhal_bsp.a(alt_putchar.o)
 .debug_abbrev  0x000000000000077c      0x1b2 ../smart_car_bsp/\libhal_bsp.a(alt_sys_init.o)
 .debug_abbrev  0x000000000000092e      0x102 ../smart_car_bsp/\libhal_bsp.a(altera_avalon_jtag_uart_read.o)
 .debug_abbrev  0x0000000000000a30       0xd5 ../smart_car_bsp/\libhal_bsp.a(altera_avalon_jtag_uart_write.o)
 .debug_abbrev  0x0000000000000b05      0x194 ../smart_car_bsp/\libhal_bsp.a(altera_avalon_timer_sc.o)
 .debug_abbrev  0x0000000000000c99      0x1c0 ../smart_car_bsp/\libhal_bsp.a(altera_up_avalon_rs232.o)
 .debug_abbrev  0x0000000000000e59       0x5a ../smart_car_bsp/\libhal_bsp.a(alt_dcache_flush_all.o)
 .debug_abbrev  0x0000000000000eb3       0xd9 ../smart_car_bsp/\libhal_bsp.a(alt_dev.o)
 .debug_abbrev  0x0000000000000f8c      0x11c ../smart_car_bsp/\libhal_bsp.a(alt_dev_llist_insert.o)
 .debug_abbrev  0x00000000000010a8       0x5a ../smart_car_bsp/\libhal_bsp.a(alt_errno.o)
 .debug_abbrev  0x0000000000001102      0x125 ../smart_car_bsp/\libhal_bsp.a(alt_find_dev.o)
 .debug_abbrev  0x0000000000001227       0x6f ../smart_car_bsp/\libhal_bsp.a(alt_icache_flush_all.o)
 .debug_abbrev  0x0000000000001296      0x1a5 ../smart_car_bsp/\libhal_bsp.a(alt_irq_register.o)
 .debug_abbrev  0x000000000000143b       0x40 ../smart_car_bsp/\libhal_bsp.a(alt_irq_vars.o)
 .debug_abbrev  0x000000000000147b      0x198 ../smart_car_bsp/\libhal_bsp.a(alt_tick.o)
 .debug_abbrev  0x0000000000001613       0x67 ../smart_car_bsp/\libhal_bsp.a(altera_nios2_qsys_irq.o)
 .debug_abbrev  0x000000000000167a       0x9b ../smart_car_bsp/\libhal_bsp.a(alt_icache_flush.o)
 .debug_abbrev  0x0000000000001715       0x12 ../smart_car_bsp/\libhal_bsp.a(alt_irq_entry.o)
 .debug_abbrev  0x0000000000001727      0x138 ../smart_car_bsp/\libhal_bsp.a(alt_irq_handler.o)
 .debug_abbrev  0x000000000000185f       0x12 ../smart_car_bsp/\libhal_bsp.a(alt_exception_entry.o)
 .debug_abbrev  0x0000000000001871       0x37 c:/intelfpga_lite/17.1/nios2eds/bin/gnu/h-x86_64-mingw32/bin/../lib/gcc/nios2-elf/5.3.0/../../../../../H-x86_64-mingw32/nios2-elf/lib\libsmallc.a(lib_a-int_errno.o)
 .debug_abbrev  0x00000000000018a8       0x7f c:/intelfpga_lite/17.1/nios2eds/bin/gnu/h-x86_64-mingw32/bin/../lib/gcc/nios2-elf/5.3.0/../../../../../H-x86_64-mingw32/nios2-elf/lib\libsmallc.a(lib_a-memcmp.o)
 .debug_abbrev  0x0000000000001927       0x7f c:/intelfpga_lite/17.1/nios2eds/bin/gnu/h-x86_64-mingw32/bin/../lib/gcc/nios2-elf/5.3.0/../../../../../H-x86_64-mingw32/nios2-elf/lib\libsmallc.a(lib_a-strlen.o)

.debug_line     0x0000000000000000     0x1874
 *(.debug_line)
 .debug_line    0x0000000000000000       0x72 ../smart_car_bsp//obj/HAL/src/crt0.o
 .debug_line    0x0000000000000072      0x16f obj/default/hello_world_small.o
 .debug_line    0x00000000000001e1      0x102 c:/intelfpga_lite/17.1/nios2eds/bin/gnu/h-x86_64-mingw32/bin/../lib/gcc/nios2-elf/5.3.0\libgcc.a(lib2-divmod.o)
 .debug_line    0x00000000000002e3       0xb7 ../smart_car_bsp/\libhal_bsp.a(alt_getchar.o)
 .debug_line    0x000000000000039a       0xa4 ../smart_car_bsp/\libhal_bsp.a(alt_load.o)
 .debug_line    0x000000000000043e       0xea ../smart_car_bsp/\libhal_bsp.a(alt_main.o)
 .debug_line    0x0000000000000528      0x112 ../smart_car_bsp/\libhal_bsp.a(alt_printf.o)
 .debug_line    0x000000000000063a       0x55 ../smart_car_bsp/\libhal_bsp.a(alt_putchar.o)
 .debug_line    0x000000000000068f      0x16d ../smart_car_bsp/\libhal_bsp.a(alt_sys_init.o)
 .debug_line    0x00000000000007fc      0x10f ../smart_car_bsp/\libhal_bsp.a(altera_avalon_jtag_uart_read.o)
 .debug_line    0x000000000000090b      0x104 ../smart_car_bsp/\libhal_bsp.a(altera_avalon_jtag_uart_write.o)
 .debug_line    0x0000000000000a0f      0x113 ../smart_car_bsp/\libhal_bsp.a(altera_avalon_timer_sc.o)
 .debug_line    0x0000000000000b22      0x113 ../smart_car_bsp/\libhal_bsp.a(altera_up_avalon_rs232.o)
 .debug_line    0x0000000000000c35       0x5a ../smart_car_bsp/\libhal_bsp.a(alt_dcache_flush_all.o)
 .debug_line    0x0000000000000c8f       0xf6 ../smart_car_bsp/\libhal_bsp.a(alt_dev.o)
 .debug_line    0x0000000000000d85       0xd8 ../smart_car_bsp/\libhal_bsp.a(alt_dev_llist_insert.o)
 .debug_line    0x0000000000000e5d       0x51 ../smart_car_bsp/\libhal_bsp.a(alt_errno.o)
 .debug_line    0x0000000000000eae      0x107 ../smart_car_bsp/\libhal_bsp.a(alt_find_dev.o)
 .debug_line    0x0000000000000fb5       0x6e ../smart_car_bsp/\libhal_bsp.a(alt_icache_flush_all.o)
 .debug_line    0x0000000000001023       0xed ../smart_car_bsp/\libhal_bsp.a(alt_irq_register.o)
 .debug_line    0x0000000000001110       0x50 ../smart_car_bsp/\libhal_bsp.a(alt_irq_vars.o)
 .debug_line    0x0000000000001160      0x118 ../smart_car_bsp/\libhal_bsp.a(alt_tick.o)
 .debug_line    0x0000000000001278       0x8c ../smart_car_bsp/\libhal_bsp.a(altera_nios2_qsys_irq.o)
 .debug_line    0x0000000000001304       0x7d ../smart_car_bsp/\libhal_bsp.a(alt_icache_flush.o)
 .debug_line    0x0000000000001381       0x6b ../smart_car_bsp/\libhal_bsp.a(alt_irq_entry.o)
 .debug_line    0x00000000000013ec       0xc8 ../smart_car_bsp/\libhal_bsp.a(alt_irq_handler.o)
 .debug_line    0x00000000000014b4       0xae ../smart_car_bsp/\libhal_bsp.a(alt_exception_entry.o)
 .debug_line    0x0000000000001562       0x5c c:/intelfpga_lite/17.1/nios2eds/bin/gnu/h-x86_64-mingw32/bin/../lib/gcc/nios2-elf/5.3.0/../../../../../H-x86_64-mingw32/nios2-elf/lib\libsmallc.a(lib_a-int_errno.o)
 .debug_line    0x00000000000015be      0x15d c:/intelfpga_lite/17.1/nios2eds/bin/gnu/h-x86_64-mingw32/bin/../lib/gcc/nios2-elf/5.3.0/../../../../../H-x86_64-mingw32/nios2-elf/lib\libsmallc.a(lib_a-memcmp.o)
 .debug_line    0x000000000000171b      0x159 c:/intelfpga_lite/17.1/nios2eds/bin/gnu/h-x86_64-mingw32/bin/../lib/gcc/nios2-elf/5.3.0/../../../../../H-x86_64-mingw32/nios2-elf/lib\libsmallc.a(lib_a-strlen.o)

.debug_frame    0x0000000000000000      0x570
 *(.debug_frame)
 .debug_frame   0x0000000000000000       0x7c obj/default/hello_world_small.o
 .debug_frame   0x000000000000007c       0x50 c:/intelfpga_lite/17.1/nios2eds/bin/gnu/h-x86_64-mingw32/bin/../lib/gcc/nios2-elf/5.3.0\libgcc.a(lib2-divmod.o)
 .debug_frame   0x00000000000000cc       0x2c ../smart_car_bsp/\libhal_bsp.a(alt_getchar.o)
 .debug_frame   0x00000000000000f8       0x30 ../smart_car_bsp/\libhal_bsp.a(alt_load.o)
 .debug_frame   0x0000000000000128       0x2c ../smart_car_bsp/\libhal_bsp.a(alt_main.o)
 .debug_frame   0x0000000000000154       0x54 ../smart_car_bsp/\libhal_bsp.a(alt_printf.o)
 .debug_frame   0x00000000000001a8       0x30 ../smart_car_bsp/\libhal_bsp.a(alt_putchar.o)
 .debug_frame   0x00000000000001d8       0x48 ../smart_car_bsp/\libhal_bsp.a(alt_sys_init.o)
 .debug_frame   0x0000000000000220       0x20 ../smart_car_bsp/\libhal_bsp.a(altera_avalon_jtag_uart_read.o)
 .debug_frame   0x0000000000000240       0x20 ../smart_car_bsp/\libhal_bsp.a(altera_avalon_jtag_uart_write.o)
 .debug_frame   0x0000000000000260       0x40 ../smart_car_bsp/\libhal_bsp.a(altera_avalon_timer_sc.o)
 .debug_frame   0x00000000000002a0       0xe4 ../smart_car_bsp/\libhal_bsp.a(altera_up_avalon_rs232.o)
 .debug_frame   0x0000000000000384       0x20 ../smart_car_bsp/\libhal_bsp.a(alt_dcache_flush_all.o)
 .debug_frame   0x00000000000003a4       0x20 ../smart_car_bsp/\libhal_bsp.a(alt_dev.o)
 .debug_frame   0x00000000000003c4       0x2c ../smart_car_bsp/\libhal_bsp.a(alt_dev_llist_insert.o)
 .debug_frame   0x00000000000003f0       0x3c ../smart_car_bsp/\libhal_bsp.a(alt_find_dev.o)
 .debug_frame   0x000000000000042c       0x20 ../smart_car_bsp/\libhal_bsp.a(alt_icache_flush_all.o)
 .debug_frame   0x000000000000044c       0x20 ../smart_car_bsp/\libhal_bsp.a(alt_irq_register.o)
 .debug_frame   0x000000000000046c       0x50 ../smart_car_bsp/\libhal_bsp.a(alt_tick.o)
 .debug_frame   0x00000000000004bc       0x20 ../smart_car_bsp/\libhal_bsp.a(altera_nios2_qsys_irq.o)
 .debug_frame   0x00000000000004dc       0x20 ../smart_car_bsp/\libhal_bsp.a(alt_icache_flush.o)
 .debug_frame   0x00000000000004fc       0x34 ../smart_car_bsp/\libhal_bsp.a(alt_irq_handler.o)
 .debug_frame   0x0000000000000530       0x20 c:/intelfpga_lite/17.1/nios2eds/bin/gnu/h-x86_64-mingw32/bin/../lib/gcc/nios2-elf/5.3.0/../../../../../H-x86_64-mingw32/nios2-elf/lib\libsmallc.a(lib_a-memcmp.o)
 .debug_frame   0x0000000000000550       0x20 c:/intelfpga_lite/17.1/nios2eds/bin/gnu/h-x86_64-mingw32/bin/../lib/gcc/nios2-elf/5.3.0/../../../../../H-x86_64-mingw32/nios2-elf/lib\libsmallc.a(lib_a-strlen.o)

.debug_str      0x0000000000000000      0xf85
 *(.debug_str)
 .debug_str     0x0000000000000000      0x2e6 obj/default/hello_world_small.o
                                        0x33f (size before relaxing)
 .debug_str     0x00000000000002e6      0x16d c:/intelfpga_lite/17.1/nios2eds/bin/gnu/h-x86_64-mingw32/bin/../lib/gcc/nios2-elf/5.3.0\libgcc.a(lib2-divmod.o)
                                        0x1b8 (size before relaxing)
 .debug_str     0x0000000000000453       0xaf ../smart_car_bsp/\libhal_bsp.a(alt_getchar.o)
                                        0x23f (size before relaxing)
 .debug_str     0x0000000000000502      0x113 ../smart_car_bsp/\libhal_bsp.a(alt_load.o)
                                        0x243 (size before relaxing)
 .debug_str     0x0000000000000615       0x5e ../smart_car_bsp/\libhal_bsp.a(alt_main.o)
                                        0x1d3 (size before relaxing)
 .debug_str     0x0000000000000673       0x59 ../smart_car_bsp/\libhal_bsp.a(alt_printf.o)
                                        0x10d (size before relaxing)
 .debug_str     0x00000000000006cc       0x34 ../smart_car_bsp/\libhal_bsp.a(alt_putchar.o)
                                        0x194 (size before relaxing)
 .debug_str     0x0000000000000700      0x106 ../smart_car_bsp/\libhal_bsp.a(alt_sys_init.o)
                                        0x341 (size before relaxing)
 .debug_str     0x0000000000000806       0x38 ../smart_car_bsp/\libhal_bsp.a(altera_avalon_jtag_uart_read.o)
                                        0x235 (size before relaxing)
 .debug_str     0x000000000000083e       0x32 ../smart_car_bsp/\libhal_bsp.a(altera_avalon_jtag_uart_write.o)
                                        0x22b (size before relaxing)
 .debug_str     0x0000000000000870       0xb7 ../smart_car_bsp/\libhal_bsp.a(altera_avalon_timer_sc.o)
                                        0x27b (size before relaxing)
 .debug_str     0x0000000000000927       0xe3 ../smart_car_bsp/\libhal_bsp.a(altera_up_avalon_rs232.o)
                                        0x380 (size before relaxing)
 .debug_str     0x0000000000000a0a       0x1f ../smart_car_bsp/\libhal_bsp.a(alt_dcache_flush_all.o)
                                        0x15c (size before relaxing)
 .debug_str     0x0000000000000a29      0x120 ../smart_car_bsp/\libhal_bsp.a(alt_dev.o)
                                        0x30c (size before relaxing)
 .debug_str     0x0000000000000b49       0x4e ../smart_car_bsp/\libhal_bsp.a(alt_dev_llist_insert.o)
                                        0x1d3 (size before relaxing)
 .debug_str     0x0000000000000b97       0x14 ../smart_car_bsp/\libhal_bsp.a(alt_errno.o)
                                        0x14c (size before relaxing)
 .debug_str     0x0000000000000bab       0x25 ../smart_car_bsp/\libhal_bsp.a(alt_find_dev.o)
                                        0x201 (size before relaxing)
 .debug_str     0x0000000000000bd0       0x30 ../smart_car_bsp/\libhal_bsp.a(alt_icache_flush_all.o)
                                        0x16d (size before relaxing)
 .debug_str     0x0000000000000c00       0x66 ../smart_car_bsp/\libhal_bsp.a(alt_irq_register.o)
                                        0x1fd (size before relaxing)
 .debug_str     0x0000000000000c66       0x17 ../smart_car_bsp/\libhal_bsp.a(alt_irq_vars.o)
                                        0x12f (size before relaxing)
 .debug_str     0x0000000000000c7d       0x6f ../smart_car_bsp/\libhal_bsp.a(alt_tick.o)
                                        0x268 (size before relaxing)
 .debug_str     0x0000000000000cec       0x20 ../smart_car_bsp/\libhal_bsp.a(altera_nios2_qsys_irq.o)
                                        0x17a (size before relaxing)
 .debug_str     0x0000000000000d0c       0x1b ../smart_car_bsp/\libhal_bsp.a(alt_icache_flush.o)
                                        0x162 (size before relaxing)
 .debug_str     0x0000000000000d27       0x3f ../smart_car_bsp/\libhal_bsp.a(alt_irq_handler.o)
                                        0x1ad (size before relaxing)
 .debug_str     0x0000000000000d66      0x11a c:/intelfpga_lite/17.1/nios2eds/bin/gnu/h-x86_64-mingw32/bin/../lib/gcc/nios2-elf/5.3.0/../../../../../H-x86_64-mingw32/nios2-elf/lib\libsmallc.a(lib_a-int_errno.o)
                                        0x1be (size before relaxing)
 .debug_str     0x0000000000000e80       0xcb c:/intelfpga_lite/17.1/nios2eds/bin/gnu/h-x86_64-mingw32/bin/../lib/gcc/nios2-elf/5.3.0/../../../../../H-x86_64-mingw32/nios2-elf/lib\libsmallc.a(lib_a-memcmp.o)
                                        0x1c5 (size before relaxing)
 .debug_str     0x0000000000000f4b       0x3a c:/intelfpga_lite/17.1/nios2eds/bin/gnu/h-x86_64-mingw32/bin/../lib/gcc/nios2-elf/5.3.0/../../../../../H-x86_64-mingw32/nios2-elf/lib\libsmallc.a(lib_a-strlen.o)
                                        0x1cb (size before relaxing)

.debug_loc      0x0000000000000000     0x10b7
 *(.debug_loc)
 .debug_loc     0x0000000000000000       0x91 obj/default/hello_world_small.o
 .debug_loc     0x0000000000000091      0x4ce c:/intelfpga_lite/17.1/nios2eds/bin/gnu/h-x86_64-mingw32/bin/../lib/gcc/nios2-elf/5.3.0\libgcc.a(lib2-divmod.o)
 .debug_loc     0x000000000000055f      0x1de ../smart_car_bsp/\libhal_bsp.a(alt_printf.o)
 .debug_loc     0x000000000000073d       0x2c ../smart_car_bsp/\libhal_bsp.a(alt_putchar.o)
 .debug_loc     0x0000000000000769       0x21 ../smart_car_bsp/\libhal_bsp.a(alt_sys_init.o)
 .debug_loc     0x000000000000078a       0xcd ../smart_car_bsp/\libhal_bsp.a(altera_avalon_jtag_uart_read.o)
 .debug_loc     0x0000000000000857       0x8b ../smart_car_bsp/\libhal_bsp.a(altera_avalon_jtag_uart_write.o)
 .debug_loc     0x00000000000008e2      0x102 ../smart_car_bsp/\libhal_bsp.a(altera_avalon_timer_sc.o)
 .debug_loc     0x00000000000009e4      0x2d3 ../smart_car_bsp/\libhal_bsp.a(altera_up_avalon_rs232.o)
 .debug_loc     0x0000000000000cb7       0x1f ../smart_car_bsp/\libhal_bsp.a(alt_dcache_flush_all.o)
 .debug_loc     0x0000000000000cd6       0x7e ../smart_car_bsp/\libhal_bsp.a(alt_dev_llist_insert.o)
 .debug_loc     0x0000000000000d54       0x7e ../smart_car_bsp/\libhal_bsp.a(alt_find_dev.o)
 .debug_loc     0x0000000000000dd2       0xfa ../smart_car_bsp/\libhal_bsp.a(alt_irq_register.o)
 .debug_loc     0x0000000000000ecc       0x75 ../smart_car_bsp/\libhal_bsp.a(alt_tick.o)
 .debug_loc     0x0000000000000f41       0x52 ../smart_car_bsp/\libhal_bsp.a(alt_icache_flush.o)
 .debug_loc     0x0000000000000f93       0x72 ../smart_car_bsp/\libhal_bsp.a(alt_irq_handler.o)
 .debug_loc     0x0000000000001005       0x94 c:/intelfpga_lite/17.1/nios2eds/bin/gnu/h-x86_64-mingw32/bin/../lib/gcc/nios2-elf/5.3.0/../../../../../H-x86_64-mingw32/nios2-elf/lib\libsmallc.a(lib_a-memcmp.o)
 .debug_loc     0x0000000000001099       0x1e c:/intelfpga_lite/17.1/nios2eds/bin/gnu/h-x86_64-mingw32/bin/../lib/gcc/nios2-elf/5.3.0/../../../../../H-x86_64-mingw32/nios2-elf/lib\libsmallc.a(lib_a-strlen.o)

.debug_macinfo
 *(.debug_macinfo)

.debug_weaknames
 *(.debug_weaknames)

.debug_funcnames
 *(.debug_funcnames)

.debug_typenames
 *(.debug_typenames)

.debug_varnames
 *(.debug_varnames)

.debug_alt_sim_info
                0x0000000000000000       0x30
 *(.debug_alt_sim_info)
 .debug_alt_sim_info
                0x0000000000000000       0x30 ../smart_car_bsp//obj/HAL/src/crt0.o
                0x000000000ffff800                __alt_data_end = 0xffff800
                0x000000000ffff800                PROVIDE (__alt_stack_pointer, __alt_data_end)
                [!provide]                        PROVIDE (__alt_stack_limit, __alt_stack_base)
                0x0000000010000000                PROVIDE (__alt_exception_stack_pointer, 0x10000000)
                [!provide]                        PROVIDE (__alt_exception_stack_limit, 0xffffc00)
                [!provide]                        PROVIDE (__alt_interrupt_stack_pointer, 0xffffc00)
                [!provide]                        PROVIDE (__alt_interrupt_stack_limit, 0xffff800)
                [!provide]                        PROVIDE (__alt_heap_start, end)
                [!provide]                        PROVIDE (__alt_heap_limit, 0xffff800)
OUTPUT(smart_car.elf elf32-littlenios2)

.debug_ranges   0x0000000000000000      0x200
 .debug_ranges  0x0000000000000000       0x20 ../smart_car_bsp//obj/HAL/src/crt0.o
 .debug_ranges  0x0000000000000020       0x18 obj/default/hello_world_small.o
 .debug_ranges  0x0000000000000038       0x60 c:/intelfpga_lite/17.1/nios2eds/bin/gnu/h-x86_64-mingw32/bin/../lib/gcc/nios2-elf/5.3.0\libgcc.a(lib2-divmod.o)
 .debug_ranges  0x0000000000000098       0x48 ../smart_car_bsp/\libhal_bsp.a(alt_load.o)
 .debug_ranges  0x00000000000000e0       0x18 ../smart_car_bsp/\libhal_bsp.a(alt_printf.o)
 .debug_ranges  0x00000000000000f8       0x18 ../smart_car_bsp/\libhal_bsp.a(alt_sys_init.o)
 .debug_ranges  0x0000000000000110       0x20 ../smart_car_bsp/\libhal_bsp.a(altera_avalon_jtag_uart_read.o)
 .debug_ranges  0x0000000000000130       0x18 ../smart_car_bsp/\libhal_bsp.a(altera_avalon_timer_sc.o)
 .debug_ranges  0x0000000000000148       0x20 ../smart_car_bsp/\libhal_bsp.a(alt_dev_llist_insert.o)
 .debug_ranges  0x0000000000000168       0x10 ../smart_car_bsp/\libhal_bsp.a(alt_icache_flush.o)
 .debug_ranges  0x0000000000000178       0x28 ../smart_car_bsp/\libhal_bsp.a(alt_irq_entry.o)
 .debug_ranges  0x00000000000001a0       0x10 ../smart_car_bsp/\libhal_bsp.a(alt_irq_handler.o)
 .debug_ranges  0x00000000000001b0       0x30 ../smart_car_bsp/\libhal_bsp.a(alt_exception_entry.o)
 .debug_ranges  0x00000000000001e0       0x10 c:/intelfpga_lite/17.1/nios2eds/bin/gnu/h-x86_64-mingw32/bin/../lib/gcc/nios2-elf/5.3.0/../../../../../H-x86_64-mingw32/nios2-elf/lib\libsmallc.a(lib_a-memcmp.o)
 .debug_ranges  0x00000000000001f0       0x10 c:/intelfpga_lite/17.1/nios2eds/bin/gnu/h-x86_64-mingw32/bin/../lib/gcc/nios2-elf/5.3.0/../../../../../H-x86_64-mingw32/nios2-elf/lib\libsmallc.a(lib_a-strlen.o)
