Archive member included to satisfy reference by file (symbol)

c:/intelfpga_lite/17.1/nios2eds/bin/gnu/h-x86_64-mingw32/bin/../lib/gcc/nios2-elf/5.3.0\libgcc.a(lib2-divmod.o)
                              obj/default/hello_world_small.o (__umodsi3)
../hw6_bsp/\libhal_bsp.a(alt_irq_register.o)
                              obj/default/hello_world_small.o (alt_irq_register)
../hw6_bsp/\libhal_bsp.a(alt_irq_vars.o)
                              ../hw6_bsp/\libhal_bsp.a(alt_irq_register.o) (alt_irq_active)
../hw6_bsp/\libhal_bsp.a(alt_load.o)
                              ../hw6_bsp//obj/HAL/src/crt0.o (alt_load)
../hw6_bsp/\libhal_bsp.a(alt_main.o)
                              ../hw6_bsp//obj/HAL/src/crt0.o (alt_main)
../hw6_bsp/\libhal_bsp.a(alt_printf.o)
                              obj/default/hello_world_small.o (alt_printf)
../hw6_bsp/\libhal_bsp.a(alt_putchar.o)
                              ../hw6_bsp/\libhal_bsp.a(alt_printf.o) (alt_putchar)
../hw6_bsp/\libhal_bsp.a(alt_usleep.o)
                              obj/default/hello_world_small.o (usleep)
../hw6_bsp/\libhal_bsp.a(alt_sys_init.o)
                              ../hw6_bsp/\libhal_bsp.a(alt_main.o) (alt_irq_init)
../hw6_bsp/\libhal_bsp.a(altera_avalon_jtag_uart_write.o)
                              ../hw6_bsp/\libhal_bsp.a(alt_putchar.o) (altera_avalon_jtag_uart_write)
../hw6_bsp/\libhal_bsp.a(altera_avalon_timer_sc.o)
                              ../hw6_bsp/\libhal_bsp.a(alt_sys_init.o) (alt_avalon_timer_sc_init)
../hw6_bsp/\libhal_bsp.a(altera_avalon_timer_vars.o)
                              ../hw6_bsp/\libhal_bsp.a(alt_sys_init.o) (altera_avalon_timer_ts_freq)
../hw6_bsp/\libhal_bsp.a(alt_busy_sleep.o)
                              ../hw6_bsp/\libhal_bsp.a(alt_usleep.o) (alt_busy_sleep)
../hw6_bsp/\libhal_bsp.a(alt_dcache_flush_all.o)
                              ../hw6_bsp/\libhal_bsp.a(alt_load.o) (alt_dcache_flush_all)
../hw6_bsp/\libhal_bsp.a(alt_icache_flush_all.o)
                              ../hw6_bsp/\libhal_bsp.a(alt_load.o) (alt_icache_flush_all)
../hw6_bsp/\libhal_bsp.a(alt_iic.o)
                              ../hw6_bsp/\libhal_bsp.a(altera_avalon_timer_sc.o) (alt_ic_isr_register)
../hw6_bsp/\libhal_bsp.a(alt_iic_isr_register.o)
                              ../hw6_bsp/\libhal_bsp.a(alt_iic.o) (alt_iic_isr_register)
../hw6_bsp/\libhal_bsp.a(alt_irq_entry.o)
                              ../hw6_bsp/\libhal_bsp.a(alt_irq_register.o) (alt_irq_entry)
../hw6_bsp/\libhal_bsp.a(alt_irq_handler.o)
                              ../hw6_bsp/\libhal_bsp.a(alt_irq_register.o) (alt_irq_handler)
../hw6_bsp/\libhal_bsp.a(alt_tick.o)
                              ../hw6_bsp/\libhal_bsp.a(altera_avalon_timer_sc.o) (alt_tick)
../hw6_bsp/\libhal_bsp.a(altera_nios2_qsys_irq.o)
                              ../hw6_bsp/\libhal_bsp.a(alt_sys_init.o) (altera_nios2_qsys_irq_init)
../hw6_bsp/\libhal_bsp.a(alt_exception_entry.o)
                              ../hw6_bsp/\libhal_bsp.a(alt_irq_entry.o) (alt_exception)
../hw6_bsp/\libhal_bsp.a(alt_icache_flush.o)
                              ../hw6_bsp/\libhal_bsp.a(alt_icache_flush_all.o) (alt_icache_flush)

Allocating common symbols
Common symbol       size              file

alt_irq             0x100             ../hw6_bsp/\libhal_bsp.a(alt_irq_handler.o)
edge_capture        0x4               obj/default/hello_world_small.o

Memory Configuration

Name             Origin             Length             Attributes
reset            0x0000000000000000 0x0000000000000020
onchip_memory2_0 0x0000000000000020 0x00000000000007e0
interrupt_stack  0x0000000000000800 0x0000000000000400
exception_stack  0x0000000000000c00 0x0000000000000400
*default*        0x0000000000000000 0xffffffffffffffff

Linker script and memory map

LOAD ../hw6_bsp//obj/HAL/src/crt0.o
LOAD obj/default/hello_world_small.o
LOAD c:/intelfpga_lite/17.1/nios2eds/bin/gnu/h-x86_64-mingw32/bin/../lib/gcc/nios2-elf/5.3.0/../../../../../H-x86_64-mingw32/nios2-elf/lib\libstdc++.a
LOAD c:/intelfpga_lite/17.1/nios2eds/bin/gnu/h-x86_64-mingw32/bin/../lib/gcc/nios2-elf/5.3.0/../../../../../H-x86_64-mingw32/nios2-elf/lib\libm.a
LOAD c:/intelfpga_lite/17.1/nios2eds/bin/gnu/h-x86_64-mingw32/bin/../lib/gcc/nios2-elf/5.3.0\libgcc.a
START GROUP
LOAD c:/intelfpga_lite/17.1/nios2eds/bin/gnu/h-x86_64-mingw32/bin/../lib/gcc/nios2-elf/5.3.0/../../../../../H-x86_64-mingw32/nios2-elf/lib\libsmallc.a
LOAD c:/intelfpga_lite/17.1/nios2eds/bin/gnu/h-x86_64-mingw32/bin/../lib/gcc/nios2-elf/5.3.0\libgcc.a
LOAD ../hw6_bsp/\libhal_bsp.a
LOAD c:/intelfpga_lite/17.1/nios2eds/bin/gnu/h-x86_64-mingw32/bin/../lib/gcc/nios2-elf/5.3.0/../../../../../H-x86_64-mingw32/nios2-elf/lib\libm.a
END GROUP
LOAD c:/intelfpga_lite/17.1/nios2eds/bin/gnu/h-x86_64-mingw32/bin/../lib/gcc/nios2-elf/5.3.0\libgcc.a
                0x0000000000000000                __alt_mem_onchip_memory2_0 = 0x0

.entry          0x0000000000000000       0x20
 *(.entry)
 .entry         0x0000000000000000       0x20 ../hw6_bsp//obj/HAL/src/crt0.o
                0x0000000000000000                __reset
                0x000000000000001c                _exit

.exceptions     0x0000000000000020      0x138
                0x0000000000000020                PROVIDE (__ram_exceptions_start, ABSOLUTE (.))
                0x0000000000000020                . = ALIGN (0x20)
 *(.irq)
 *(.exceptions.entry.label)
 .exceptions.entry.label
                0x0000000000000020        0x0 ../hw6_bsp/\libhal_bsp.a(alt_irq_entry.o)
                0x0000000000000020                alt_irq_entry
 .exceptions.entry.label
                0x0000000000000020        0x0 ../hw6_bsp/\libhal_bsp.a(alt_exception_entry.o)
                0x0000000000000020                alt_exception
 *(.exceptions.entry.user)
 *(.exceptions.entry.ecc_fatal)
 *(.exceptions.entry)
 .exceptions.entry
                0x0000000000000020       0x60 ../hw6_bsp/\libhal_bsp.a(alt_exception_entry.o)
 *(.exceptions.irqtest.user)
 *(.exceptions.irqtest)
 .exceptions.irqtest
                0x0000000000000080       0x10 ../hw6_bsp/\libhal_bsp.a(alt_irq_entry.o)
 *(.exceptions.irqhandler.user)
 *(.exceptions.irqhandler)
 .exceptions.irqhandler
                0x0000000000000090        0x4 ../hw6_bsp/\libhal_bsp.a(alt_irq_entry.o)
 *(.exceptions.irqreturn.user)
 *(.exceptions.irqreturn)
 .exceptions.irqreturn
                0x0000000000000094        0x4 ../hw6_bsp/\libhal_bsp.a(alt_irq_entry.o)
 *(.exceptions.notirq.label)
 .exceptions.notirq.label
                0x0000000000000098        0x0 ../hw6_bsp/\libhal_bsp.a(alt_irq_entry.o)
 *(.exceptions.notirq.user)
 *(.exceptions.notirq)
 .exceptions.notirq
                0x0000000000000098        0x8 ../hw6_bsp/\libhal_bsp.a(alt_exception_entry.o)
 *(.exceptions.soft.user)
 *(.exceptions.soft)
 *(.exceptions.unknown.user)
 *(.exceptions.unknown)
 .exceptions.unknown
                0x00000000000000a0        0x4 ../hw6_bsp/\libhal_bsp.a(alt_exception_entry.o)
 *(.exceptions.exit.label)
 .exceptions.exit.label
                0x00000000000000a4        0x0 ../hw6_bsp/\libhal_bsp.a(alt_irq_entry.o)
 .exceptions.exit.label
                0x00000000000000a4        0x0 ../hw6_bsp/\libhal_bsp.a(alt_exception_entry.o)
 *(.exceptions.exit.user)
 *(.exceptions.exit)
 .exceptions.exit
                0x00000000000000a4       0x54 ../hw6_bsp/\libhal_bsp.a(alt_exception_entry.o)
 *(.exceptions)
 .exceptions    0x00000000000000f8       0x60 ../hw6_bsp/\libhal_bsp.a(alt_irq_handler.o)
                0x00000000000000f8                alt_irq_handler
                0x0000000000000158                PROVIDE (__ram_exceptions_end, ABSOLUTE (.))
                0x0000000000000020                PROVIDE (__flash_exceptions_start, LOADADDR (.exceptions))

.text           0x0000000000000158      0xaa0
                [!provide]                        PROVIDE (stext, ABSOLUTE (.))
 *(.interp)
 *(.hash)
 *(.dynsym)
 *(.dynstr)
 *(.gnu.version)
 *(.gnu.version_d)
 *(.gnu.version_r)
 *(.rel.init)
 *(.rela.init)
 *(.rel.text .rel.text.* .rel.gnu.linkonce.t.*)
 *(.rela.text .rela.text.* .rela.gnu.linkonce.t.*)
 *(.rel.fini)
 *(.rela.fini)
 *(.rel.rodata .rel.rodata.* .rel.gnu.linkonce.r.*)
 *(.rela.rodata .rela.rodata.* .rela.gnu.linkonce.r.*)
 *(.rel.data .rel.data.* .rel.gnu.linkonce.d.*)
 *(.rela.data .rela.data.* .rela.gnu.linkonce.d.*)
 *(.rel.tdata .rel.tdata.* .rel.gnu.linkonce.td.*)
 *(.rela.tdata .rela.tdata.* .rela.gnu.linkonce.td.*)
 *(.rel.tbss .rel.tbss.* .rel.gnu.linkonce.tb.*)
 *(.rela.tbss .rela.tbss.* .rela.gnu.linkonce.tb.*)
 *(.rel.ctors)
 *(.rela.ctors)
 *(.rel.dtors)
 *(.rela.dtors)
 *(.rel.got)
 *(.rela.got)
 *(.rel.sdata .rel.sdata.* .rel.gnu.linkonce.s.*)
 *(.rela.sdata .rela.sdata.* .rela.gnu.linkonce.s.*)
 *(.rel.sbss .rel.sbss.* .rel.gnu.linkonce.sb.*)
 *(.rela.sbss .rela.sbss.* .rela.gnu.linkonce.sb.*)
 *(.rel.sdata2 .rel.sdata2.* .rel.gnu.linkonce.s2.*)
 *(.rela.sdata2 .rela.sdata2.* .rela.gnu.linkonce.s2.*)
 *(.rel.sbss2 .rel.sbss2.* .rel.gnu.linkonce.sb2.*)
 *(.rela.sbss2 .rela.sbss2.* .rela.gnu.linkonce.sb2.*)
 *(.rel.bss .rel.bss.* .rel.gnu.linkonce.b.*)
 *(.rela.bss .rela.bss.* .rela.gnu.linkonce.b.*)
 *(.rel.plt)
 *(.rela.plt)
 *(.rel.dyn)
 *(.init)
 *(.plt)
 *(.text .stub .text.* .gnu.linkonce.t.*)
 .text          0x0000000000000158       0x4c ../hw6_bsp//obj/HAL/src/crt0.o
                0x0000000000000158                _start
 .text          0x00000000000001a4      0x140 obj/default/hello_world_small.o
                0x000000000000029c                clearhex
 .text.startup  0x00000000000002e4       0x48 obj/default/hello_world_small.o
                0x00000000000002e4                main
 .text          0x000000000000032c      0x1b4 c:/intelfpga_lite/17.1/nios2eds/bin/gnu/h-x86_64-mingw32/bin/../lib/gcc/nios2-elf/5.3.0\libgcc.a(lib2-divmod.o)
                0x000000000000032c                __divsi3
                0x00000000000003b0                __modsi3
                0x0000000000000424                __udivsi3
                0x0000000000000488                __umodsi3
 .text          0x00000000000004e0       0x94 ../hw6_bsp/\libhal_bsp.a(alt_irq_register.o)
                0x00000000000004e0                alt_irq_register
 .text          0x0000000000000574        0x0 ../hw6_bsp/\libhal_bsp.a(alt_irq_vars.o)
 .text          0x0000000000000574       0xe0 ../hw6_bsp/\libhal_bsp.a(alt_load.o)
                0x0000000000000574                alt_load
 .text          0x0000000000000654       0x2c ../hw6_bsp/\libhal_bsp.a(alt_main.o)
                0x0000000000000654                alt_main
 .text          0x0000000000000680      0x170 ../hw6_bsp/\libhal_bsp.a(alt_printf.o)
                0x0000000000000680                alt_printf
 .text          0x00000000000007f0       0x48 ../hw6_bsp/\libhal_bsp.a(alt_putchar.o)
                0x00000000000007f0                alt_putchar
 .text          0x0000000000000838        0x4 ../hw6_bsp/\libhal_bsp.a(alt_usleep.o)
                0x0000000000000838                usleep
 .text          0x000000000000083c       0x48 ../hw6_bsp/\libhal_bsp.a(alt_sys_init.o)
                0x000000000000083c                alt_irq_init
                0x000000000000085c                alt_sys_init
 .text          0x0000000000000884       0x34 ../hw6_bsp/\libhal_bsp.a(altera_avalon_jtag_uart_write.o)
                0x0000000000000884                altera_avalon_jtag_uart_write
 .text          0x00000000000008b8       0x84 ../hw6_bsp/\libhal_bsp.a(altera_avalon_timer_sc.o)
                0x00000000000008f4                alt_avalon_timer_sc_init
 .text          0x000000000000093c        0x0 ../hw6_bsp/\libhal_bsp.a(altera_avalon_timer_vars.o)
 .text          0x000000000000093c       0x78 ../hw6_bsp/\libhal_bsp.a(alt_busy_sleep.o)
                0x000000000000093c                alt_busy_sleep
 .text          0x00000000000009b4       0x18 ../hw6_bsp/\libhal_bsp.a(alt_dcache_flush_all.o)
                0x00000000000009b4                alt_dcache_flush_all
 .text          0x00000000000009cc        0xc ../hw6_bsp/\libhal_bsp.a(alt_icache_flush_all.o)
                0x00000000000009cc                alt_icache_flush_all
 .text          0x00000000000009d8       0x8c ../hw6_bsp/\libhal_bsp.a(alt_iic.o)
                0x00000000000009d8                alt_ic_isr_register
                0x00000000000009dc                alt_ic_irq_enable
                0x0000000000000a14                alt_ic_irq_disable
                0x0000000000000a4c                alt_ic_irq_enabled
 .text          0x0000000000000a64       0x68 ../hw6_bsp/\libhal_bsp.a(alt_iic_isr_register.o)
                0x0000000000000a64                alt_iic_isr_register
 .text          0x0000000000000acc        0x0 ../hw6_bsp/\libhal_bsp.a(alt_irq_entry.o)
 .text          0x0000000000000acc        0x0 ../hw6_bsp/\libhal_bsp.a(alt_irq_handler.o)
 .text          0x0000000000000acc       0xec ../hw6_bsp/\libhal_bsp.a(alt_tick.o)
                0x0000000000000acc                alt_alarm_stop
                0x0000000000000b00                alt_tick
 .text          0x0000000000000bb8        0x8 ../hw6_bsp/\libhal_bsp.a(altera_nios2_qsys_irq.o)
                0x0000000000000bb8                altera_nios2_qsys_irq_init
 .text          0x0000000000000bc0        0x0 ../hw6_bsp/\libhal_bsp.a(alt_exception_entry.o)
 .text          0x0000000000000bc0       0x38 ../hw6_bsp/\libhal_bsp.a(alt_icache_flush.o)
                0x0000000000000bc0                alt_icache_flush
 *(.gnu.warning.*)
 *(.fini)
                [!provide]                        PROVIDE (__etext, ABSOLUTE (.))
                [!provide]                        PROVIDE (_etext, ABSOLUTE (.))
                [!provide]                        PROVIDE (etext, ABSOLUTE (.))
 *(.eh_frame_hdr)
                0x0000000000000bf8                . = ALIGN (0x4)
                [!provide]                        PROVIDE (__preinit_array_start, ABSOLUTE (.))
 *(.preinit_array)
                [!provide]                        PROVIDE (__preinit_array_end, ABSOLUTE (.))
                [!provide]                        PROVIDE (__init_array_start, ABSOLUTE (.))
 *(.init_array)
                [!provide]                        PROVIDE (__init_array_end, ABSOLUTE (.))
                [!provide]                        PROVIDE (__fini_array_start, ABSOLUTE (.))
 *(.fini_array)
                [!provide]                        PROVIDE (__fini_array_end, ABSOLUTE (.))
 *(.eh_frame)
 *(.gcc_except_table .gcc_except_table.*)
 *(.dynamic)
                [!provide]                        PROVIDE (__CTOR_LIST__, ABSOLUTE (.))
 *(.ctors)
 *(SORT(.ctors.*))
                [!provide]                        PROVIDE (__CTOR_END__, ABSOLUTE (.))
                [!provide]                        PROVIDE (__DTOR_LIST__, ABSOLUTE (.))
 *(.dtors)
 *(SORT(.dtors.*))
                [!provide]                        PROVIDE (__DTOR_END__, ABSOLUTE (.))
 *(.jcr)
                0x0000000000000bf8                . = ALIGN (0x4)

.rodata         0x0000000000000bf8       0x30
                0x0000000000000bf8                PROVIDE (__ram_rodata_start, ABSOLUTE (.))
                0x0000000000000bf8                . = ALIGN (0x4)
 *(.rodata .rodata.* .gnu.linkonce.r.*)
 .rodata.str1.4
                0x0000000000000bf8       0x30 obj/default/hello_world_small.o
 *(.rodata1)
                0x0000000000000c28                . = ALIGN (0x4)
                0x0000000000000c28                PROVIDE (__ram_rodata_end, ABSOLUTE (.))
                0x0000000000000bf8                PROVIDE (__flash_rodata_start, LOADADDR (.rodata))

.rwdata         0x0000000000000c28       0x54 load address 0x0000000000000c7c
                0x0000000000000c28                PROVIDE (__ram_rwdata_start, ABSOLUTE (.))
                0x0000000000000c28                . = ALIGN (0x4)
 *(.got.plt)
 *(.got)
 *(.data1)
 *(.data .data.* .gnu.linkonce.d.*)
 .data          0x0000000000000c28        0x0 ../hw6_bsp//obj/HAL/src/crt0.o
 .data          0x0000000000000c28       0x28 obj/default/hello_world_small.o
                0x0000000000000c28                hextable
 .data          0x0000000000000c50        0x0 c:/intelfpga_lite/17.1/nios2eds/bin/gnu/h-x86_64-mingw32/bin/../lib/gcc/nios2-elf/5.3.0\libgcc.a(lib2-divmod.o)
 .data          0x0000000000000c50        0x0 ../hw6_bsp/\libhal_bsp.a(alt_irq_register.o)
 .data          0x0000000000000c50        0x0 ../hw6_bsp/\libhal_bsp.a(alt_irq_vars.o)
 .data          0x0000000000000c50        0x0 ../hw6_bsp/\libhal_bsp.a(alt_load.o)
 .data          0x0000000000000c50        0x0 ../hw6_bsp/\libhal_bsp.a(alt_main.o)
 .data          0x0000000000000c50        0x0 ../hw6_bsp/\libhal_bsp.a(alt_printf.o)
 .data          0x0000000000000c50        0x0 ../hw6_bsp/\libhal_bsp.a(alt_putchar.o)
 .data          0x0000000000000c50        0x0 ../hw6_bsp/\libhal_bsp.a(alt_usleep.o)
 .data          0x0000000000000c50        0x0 ../hw6_bsp/\libhal_bsp.a(alt_sys_init.o)
 .data          0x0000000000000c50        0x0 ../hw6_bsp/\libhal_bsp.a(altera_avalon_jtag_uart_write.o)
 .data          0x0000000000000c50        0x0 ../hw6_bsp/\libhal_bsp.a(altera_avalon_timer_sc.o)
 .data          0x0000000000000c50        0x0 ../hw6_bsp/\libhal_bsp.a(altera_avalon_timer_vars.o)
 .data          0x0000000000000c50        0x0 ../hw6_bsp/\libhal_bsp.a(alt_busy_sleep.o)
 .data          0x0000000000000c50        0x0 ../hw6_bsp/\libhal_bsp.a(alt_dcache_flush_all.o)
 .data          0x0000000000000c50        0x0 ../hw6_bsp/\libhal_bsp.a(alt_icache_flush_all.o)
 .data          0x0000000000000c50        0x0 ../hw6_bsp/\libhal_bsp.a(alt_iic.o)
 .data          0x0000000000000c50        0x0 ../hw6_bsp/\libhal_bsp.a(alt_iic_isr_register.o)
 .data          0x0000000000000c50        0x0 ../hw6_bsp/\libhal_bsp.a(alt_irq_entry.o)
 .data          0x0000000000000c50        0x0 ../hw6_bsp/\libhal_bsp.a(alt_irq_handler.o)
 .data          0x0000000000000c50        0x0 ../hw6_bsp/\libhal_bsp.a(alt_tick.o)
 .data          0x0000000000000c50        0x0 ../hw6_bsp/\libhal_bsp.a(altera_nios2_qsys_irq.o)
 .data          0x0000000000000c50        0x0 ../hw6_bsp/\libhal_bsp.a(alt_exception_entry.o)
 .data          0x0000000000000c50        0x0 ../hw6_bsp/\libhal_bsp.a(alt_icache_flush.o)
                0x0000000000008c50                _gp = ABSOLUTE ((. + 0x8000))
                [!provide]                        PROVIDE (gp, _gp)
 *(.rwdata .rwdata.*)
 *(.sdata .sdata.* .gnu.linkonce.s.*)
 .sdata         0x0000000000000c50       0x20 obj/default/hello_world_small.o
                0x0000000000000c50                hex7
                0x0000000000000c54                hex6
                0x0000000000000c58                hex5
                0x0000000000000c5c                hex4
                0x0000000000000c60                hex3
                0x0000000000000c64                hex2
                0x0000000000000c68                hex1
                0x0000000000000c6c                hex0
 .sdata         0x0000000000000c70        0x4 ../hw6_bsp/\libhal_bsp.a(alt_sys_init.o)
                0x0000000000000c70                jtag_uart_0
 .sdata         0x0000000000000c74        0x8 ../hw6_bsp/\libhal_bsp.a(alt_tick.o)
                0x0000000000000c74                alt_alarm_list
 *(.sdata2 .sdata2.* .gnu.linkonce.s2.*)
                0x0000000000000c7c                . = ALIGN (0x4)
                0x0000000000000c7c                _edata = ABSOLUTE (.)
                [!provide]                        PROVIDE (edata, ABSOLUTE (.))
                0x0000000000000c7c                PROVIDE (__ram_rwdata_end, ABSOLUTE (.))
                0x0000000000000c7c                PROVIDE (__flash_rwdata_start, LOADADDR (.rwdata))

.bss            0x0000000000000cd0      0x124
                0x0000000000000cd0                __bss_start = ABSOLUTE (.)
                [!provide]                        PROVIDE (__sbss_start, ABSOLUTE (.))
                [!provide]                        PROVIDE (___sbss_start, ABSOLUTE (.))
 *(.dynsbss)
 *(.sbss .sbss.* .gnu.linkonce.sb.*)
 .sbss          0x0000000000000cd0        0x4 obj/default/hello_world_small.o
                0x0000000000000cd0                edge_capture
 .sbss          0x0000000000000cd4        0x4 ../hw6_bsp/\libhal_bsp.a(alt_irq_vars.o)
                0x0000000000000cd4                alt_irq_active
 .sbss          0x0000000000000cd8        0xc ../hw6_bsp/\libhal_bsp.a(alt_main.o)
                0x0000000000000cd8                alt_envp
                0x0000000000000cdc                alt_argv
                0x0000000000000ce0                alt_argc
 .sbss          0x0000000000000ce4        0x8 ../hw6_bsp/\libhal_bsp.a(altera_avalon_timer_vars.o)
                0x0000000000000ce4                altera_avalon_timer_ts_freq
                0x0000000000000ce8                altera_avalon_timer_ts_base
 .sbss          0x0000000000000cec        0x8 ../hw6_bsp/\libhal_bsp.a(alt_tick.o)
                0x0000000000000cec                _alt_nticks
                0x0000000000000cf0                _alt_tick_rate
 *(.sbss2 .sbss2.* .gnu.linkonce.sb2.*)
 *(.scommon)
                [!provide]                        PROVIDE (__sbss_end, ABSOLUTE (.))
                [!provide]                        PROVIDE (___sbss_end, ABSOLUTE (.))
 *(.dynbss)
 *(.bss .bss.* .gnu.linkonce.b.*)
 .bss           0x0000000000000cf4        0x0 ../hw6_bsp//obj/HAL/src/crt0.o
 .bss           0x0000000000000cf4        0x0 obj/default/hello_world_small.o
 .bss           0x0000000000000cf4        0x0 c:/intelfpga_lite/17.1/nios2eds/bin/gnu/h-x86_64-mingw32/bin/../lib/gcc/nios2-elf/5.3.0\libgcc.a(lib2-divmod.o)
 .bss           0x0000000000000cf4        0x0 ../hw6_bsp/\libhal_bsp.a(alt_irq_register.o)
 .bss           0x0000000000000cf4        0x0 ../hw6_bsp/\libhal_bsp.a(alt_irq_vars.o)
 .bss           0x0000000000000cf4        0x0 ../hw6_bsp/\libhal_bsp.a(alt_load.o)
 .bss           0x0000000000000cf4        0x0 ../hw6_bsp/\libhal_bsp.a(alt_main.o)
 .bss           0x0000000000000cf4        0x0 ../hw6_bsp/\libhal_bsp.a(alt_printf.o)
 .bss           0x0000000000000cf4        0x0 ../hw6_bsp/\libhal_bsp.a(alt_putchar.o)
 .bss           0x0000000000000cf4        0x0 ../hw6_bsp/\libhal_bsp.a(alt_usleep.o)
 .bss           0x0000000000000cf4        0x0 ../hw6_bsp/\libhal_bsp.a(alt_sys_init.o)
 .bss           0x0000000000000cf4        0x0 ../hw6_bsp/\libhal_bsp.a(altera_avalon_jtag_uart_write.o)
 .bss           0x0000000000000cf4        0x0 ../hw6_bsp/\libhal_bsp.a(altera_avalon_timer_sc.o)
 .bss           0x0000000000000cf4        0x0 ../hw6_bsp/\libhal_bsp.a(altera_avalon_timer_vars.o)
 .bss           0x0000000000000cf4        0x0 ../hw6_bsp/\libhal_bsp.a(alt_busy_sleep.o)
 .bss           0x0000000000000cf4        0x0 ../hw6_bsp/\libhal_bsp.a(alt_dcache_flush_all.o)
 .bss           0x0000000000000cf4        0x0 ../hw6_bsp/\libhal_bsp.a(alt_icache_flush_all.o)
 .bss           0x0000000000000cf4        0x0 ../hw6_bsp/\libhal_bsp.a(alt_iic.o)
 .bss           0x0000000000000cf4        0x0 ../hw6_bsp/\libhal_bsp.a(alt_iic_isr_register.o)
 .bss           0x0000000000000cf4        0x0 ../hw6_bsp/\libhal_bsp.a(alt_irq_entry.o)
 .bss           0x0000000000000cf4        0x0 ../hw6_bsp/\libhal_bsp.a(alt_irq_handler.o)
 .bss           0x0000000000000cf4        0x0 ../hw6_bsp/\libhal_bsp.a(alt_tick.o)
 .bss           0x0000000000000cf4        0x0 ../hw6_bsp/\libhal_bsp.a(altera_nios2_qsys_irq.o)
 .bss           0x0000000000000cf4        0x0 ../hw6_bsp/\libhal_bsp.a(alt_exception_entry.o)
 .bss           0x0000000000000cf4        0x0 ../hw6_bsp/\libhal_bsp.a(alt_icache_flush.o)
 *(COMMON)
 COMMON         0x0000000000000cf4      0x100 ../hw6_bsp/\libhal_bsp.a(alt_irq_handler.o)
                0x0000000000000cf4                alt_irq
                0x0000000000000df4                . = ALIGN (0x4)
                0x0000000000000df4                __bss_end = ABSOLUTE (.)

.onchip_memory2_0
                0x0000000000000df4        0x0
                [!provide]                        PROVIDE (_alt_partition_onchip_memory2_0_start, ABSOLUTE (.))
 *(.onchip_memory2_0 .onchip_memory2_0. onchip_memory2_0.*)
                0x0000000000000df4                . = ALIGN (0x4)
                [!provide]                        PROVIDE (_alt_partition_onchip_memory2_0_end, ABSOLUTE (.))
                0x0000000000000df4                _end = ABSOLUTE (.)
                0x0000000000000df4                end = ABSOLUTE (.)
                0x0000000000000df4                __alt_stack_base = ABSOLUTE (.)
                [!provide]                        PROVIDE (_alt_partition_onchip_memory2_0_load_addr, LOADADDR (.onchip_memory2_0))

.stab
 *(.stab)

.stabstr
 *(.stabstr)

.stab.excl
 *(.stab.excl)

.stab.exclstr
 *(.stab.exclstr)

.stab.index
 *(.stab.index)

.stab.indexstr
 *(.stab.indexstr)

.comment        0x0000000000000000       0x23
 *(.comment)
 .comment       0x0000000000000000       0x23 obj/default/hello_world_small.o
                                         0x24 (size before relaxing)
 .comment       0x0000000000000023       0x24 c:/intelfpga_lite/17.1/nios2eds/bin/gnu/h-x86_64-mingw32/bin/../lib/gcc/nios2-elf/5.3.0\libgcc.a(lib2-divmod.o)
 .comment       0x0000000000000023       0x24 ../hw6_bsp/\libhal_bsp.a(alt_irq_register.o)
 .comment       0x0000000000000023       0x24 ../hw6_bsp/\libhal_bsp.a(alt_irq_vars.o)
 .comment       0x0000000000000023       0x24 ../hw6_bsp/\libhal_bsp.a(alt_load.o)
 .comment       0x0000000000000023       0x24 ../hw6_bsp/\libhal_bsp.a(alt_main.o)
 .comment       0x0000000000000023       0x24 ../hw6_bsp/\libhal_bsp.a(alt_printf.o)
 .comment       0x0000000000000023       0x24 ../hw6_bsp/\libhal_bsp.a(alt_putchar.o)
 .comment       0x0000000000000023       0x24 ../hw6_bsp/\libhal_bsp.a(alt_usleep.o)
 .comment       0x0000000000000023       0x24 ../hw6_bsp/\libhal_bsp.a(alt_sys_init.o)
 .comment       0x0000000000000023       0x24 ../hw6_bsp/\libhal_bsp.a(altera_avalon_jtag_uart_write.o)
 .comment       0x0000000000000023       0x24 ../hw6_bsp/\libhal_bsp.a(altera_avalon_timer_sc.o)
 .comment       0x0000000000000023       0x24 ../hw6_bsp/\libhal_bsp.a(altera_avalon_timer_vars.o)
 .comment       0x0000000000000023       0x24 ../hw6_bsp/\libhal_bsp.a(alt_busy_sleep.o)
 .comment       0x0000000000000023       0x24 ../hw6_bsp/\libhal_bsp.a(alt_dcache_flush_all.o)
 .comment       0x0000000000000023       0x24 ../hw6_bsp/\libhal_bsp.a(alt_icache_flush_all.o)
 .comment       0x0000000000000023       0x24 ../hw6_bsp/\libhal_bsp.a(alt_iic.o)
 .comment       0x0000000000000023       0x24 ../hw6_bsp/\libhal_bsp.a(alt_iic_isr_register.o)
 .comment       0x0000000000000023       0x24 ../hw6_bsp/\libhal_bsp.a(alt_irq_handler.o)
 .comment       0x0000000000000023       0x24 ../hw6_bsp/\libhal_bsp.a(alt_tick.o)
 .comment       0x0000000000000023       0x24 ../hw6_bsp/\libhal_bsp.a(altera_nios2_qsys_irq.o)
 .comment       0x0000000000000023       0x24 ../hw6_bsp/\libhal_bsp.a(alt_icache_flush.o)

.debug
 *(.debug)

.line
 *(.line)

.debug_srcinfo
 *(.debug_srcinfo)

.debug_sfnames
 *(.debug_sfnames)

.debug_aranges  0x0000000000000000      0x348
 *(.debug_aranges)
 .debug_aranges
                0x0000000000000000       0x28 ../hw6_bsp//obj/HAL/src/crt0.o
 .debug_aranges
                0x0000000000000028       0x28 obj/default/hello_world_small.o
 .debug_aranges
                0x0000000000000050       0x20 c:/intelfpga_lite/17.1/nios2eds/bin/gnu/h-x86_64-mingw32/bin/../lib/gcc/nios2-elf/5.3.0\libgcc.a(lib2-divmod.o)
 .debug_aranges
                0x0000000000000070       0x20 ../hw6_bsp/\libhal_bsp.a(alt_irq_register.o)
 .debug_aranges
                0x0000000000000090       0x18 ../hw6_bsp/\libhal_bsp.a(alt_irq_vars.o)
 .debug_aranges
                0x00000000000000a8       0x20 ../hw6_bsp/\libhal_bsp.a(alt_load.o)
 .debug_aranges
                0x00000000000000c8       0x20 ../hw6_bsp/\libhal_bsp.a(alt_main.o)
 .debug_aranges
                0x00000000000000e8       0x20 ../hw6_bsp/\libhal_bsp.a(alt_printf.o)
 .debug_aranges
                0x0000000000000108       0x20 ../hw6_bsp/\libhal_bsp.a(alt_putchar.o)
 .debug_aranges
                0x0000000000000128       0x20 ../hw6_bsp/\libhal_bsp.a(alt_usleep.o)
 .debug_aranges
                0x0000000000000148       0x20 ../hw6_bsp/\libhal_bsp.a(alt_sys_init.o)
 .debug_aranges
                0x0000000000000168       0x20 ../hw6_bsp/\libhal_bsp.a(altera_avalon_jtag_uart_write.o)
 .debug_aranges
                0x0000000000000188       0x20 ../hw6_bsp/\libhal_bsp.a(altera_avalon_timer_sc.o)
 .debug_aranges
                0x00000000000001a8       0x18 ../hw6_bsp/\libhal_bsp.a(altera_avalon_timer_vars.o)
 .debug_aranges
                0x00000000000001c0       0x20 ../hw6_bsp/\libhal_bsp.a(alt_busy_sleep.o)
 .debug_aranges
                0x00000000000001e0       0x20 ../hw6_bsp/\libhal_bsp.a(alt_dcache_flush_all.o)
 .debug_aranges
                0x0000000000000200       0x20 ../hw6_bsp/\libhal_bsp.a(alt_icache_flush_all.o)
 .debug_aranges
                0x0000000000000220       0x20 ../hw6_bsp/\libhal_bsp.a(alt_iic.o)
 .debug_aranges
                0x0000000000000240       0x20 ../hw6_bsp/\libhal_bsp.a(alt_iic_isr_register.o)
 .debug_aranges
                0x0000000000000260       0x30 ../hw6_bsp/\libhal_bsp.a(alt_irq_entry.o)
 .debug_aranges
                0x0000000000000290       0x20 ../hw6_bsp/\libhal_bsp.a(alt_irq_handler.o)
 .debug_aranges
                0x00000000000002b0       0x20 ../hw6_bsp/\libhal_bsp.a(alt_tick.o)
 .debug_aranges
                0x00000000000002d0       0x20 ../hw6_bsp/\libhal_bsp.a(altera_nios2_qsys_irq.o)
 .debug_aranges
                0x00000000000002f0       0x38 ../hw6_bsp/\libhal_bsp.a(alt_exception_entry.o)
 .debug_aranges
                0x0000000000000328       0x20 ../hw6_bsp/\libhal_bsp.a(alt_icache_flush.o)

.debug_pubnames
 *(.debug_pubnames)

.debug_info     0x0000000000000000     0x25bf
 *(.debug_info .gnu.linkonce.wi.*)
 .debug_info    0x0000000000000000       0x72 ../hw6_bsp//obj/HAL/src/crt0.o
 .debug_info    0x0000000000000072      0x35a obj/default/hello_world_small.o
 .debug_info    0x00000000000003cc      0x2c6 c:/intelfpga_lite/17.1/nios2eds/bin/gnu/h-x86_64-mingw32/bin/../lib/gcc/nios2-elf/5.3.0\libgcc.a(lib2-divmod.o)
 .debug_info    0x0000000000000692      0x2fd ../hw6_bsp/\libhal_bsp.a(alt_irq_register.o)
 .debug_info    0x000000000000098f       0x77 ../hw6_bsp/\libhal_bsp.a(alt_irq_vars.o)
 .debug_info    0x0000000000000a06      0x1c9 ../hw6_bsp/\libhal_bsp.a(alt_load.o)
 .debug_info    0x0000000000000bcf      0x169 ../hw6_bsp/\libhal_bsp.a(alt_main.o)
 .debug_info    0x0000000000000d38      0x14d ../hw6_bsp/\libhal_bsp.a(alt_printf.o)
 .debug_info    0x0000000000000e85      0x12a ../hw6_bsp/\libhal_bsp.a(alt_putchar.o)
 .debug_info    0x0000000000000faf       0xd1 ../hw6_bsp/\libhal_bsp.a(alt_usleep.o)
 .debug_info    0x0000000000001080      0x1cf ../hw6_bsp/\libhal_bsp.a(alt_sys_init.o)
 .debug_info    0x000000000000124f      0x197 ../hw6_bsp/\libhal_bsp.a(altera_avalon_jtag_uart_write.o)
 .debug_info    0x00000000000013e6      0x270 ../hw6_bsp/\libhal_bsp.a(altera_avalon_timer_sc.o)
 .debug_info    0x0000000000001656       0xe9 ../hw6_bsp/\libhal_bsp.a(altera_avalon_timer_vars.o)
 .debug_info    0x000000000000173f       0xd8 ../hw6_bsp/\libhal_bsp.a(alt_busy_sleep.o)
 .debug_info    0x0000000000001817       0xa6 ../hw6_bsp/\libhal_bsp.a(alt_dcache_flush_all.o)
 .debug_info    0x00000000000018bd       0xb8 ../hw6_bsp/\libhal_bsp.a(alt_icache_flush_all.o)
 .debug_info    0x0000000000001975      0x37f ../hw6_bsp/\libhal_bsp.a(alt_iic.o)
 .debug_info    0x0000000000001cf4      0x232 ../hw6_bsp/\libhal_bsp.a(alt_iic_isr_register.o)
 .debug_info    0x0000000000001f26       0x7b ../hw6_bsp/\libhal_bsp.a(alt_irq_entry.o)
 .debug_info    0x0000000000001fa1      0x184 ../hw6_bsp/\libhal_bsp.a(alt_irq_handler.o)
 .debug_info    0x0000000000002125      0x2a9 ../hw6_bsp/\libhal_bsp.a(alt_tick.o)
 .debug_info    0x00000000000023ce       0x92 ../hw6_bsp/\libhal_bsp.a(altera_nios2_qsys_irq.o)
 .debug_info    0x0000000000002460       0x81 ../hw6_bsp/\libhal_bsp.a(alt_exception_entry.o)
 .debug_info    0x00000000000024e1       0xde ../hw6_bsp/\libhal_bsp.a(alt_icache_flush.o)

.debug_abbrev   0x0000000000000000     0x14e3
 *(.debug_abbrev)
 .debug_abbrev  0x0000000000000000       0x12 ../hw6_bsp//obj/HAL/src/crt0.o
 .debug_abbrev  0x0000000000000012      0x1b1 obj/default/hello_world_small.o
 .debug_abbrev  0x00000000000001c3      0x10e c:/intelfpga_lite/17.1/nios2eds/bin/gnu/h-x86_64-mingw32/bin/../lib/gcc/nios2-elf/5.3.0\libgcc.a(lib2-divmod.o)
 .debug_abbrev  0x00000000000002d1      0x1a5 ../hw6_bsp/\libhal_bsp.a(alt_irq_register.o)
 .debug_abbrev  0x0000000000000476       0x40 ../hw6_bsp/\libhal_bsp.a(alt_irq_vars.o)
 .debug_abbrev  0x00000000000004b6       0xd8 ../hw6_bsp/\libhal_bsp.a(alt_load.o)
 .debug_abbrev  0x000000000000058e       0xee ../hw6_bsp/\libhal_bsp.a(alt_main.o)
 .debug_abbrev  0x000000000000067c       0xd5 ../hw6_bsp/\libhal_bsp.a(alt_printf.o)
 .debug_abbrev  0x0000000000000751       0xd2 ../hw6_bsp/\libhal_bsp.a(alt_putchar.o)
 .debug_abbrev  0x0000000000000823       0x8d ../hw6_bsp/\libhal_bsp.a(alt_usleep.o)
 .debug_abbrev  0x00000000000008b0      0x110 ../hw6_bsp/\libhal_bsp.a(alt_sys_init.o)
 .debug_abbrev  0x00000000000009c0       0xd5 ../hw6_bsp/\libhal_bsp.a(altera_avalon_jtag_uart_write.o)
 .debug_abbrev  0x0000000000000a95      0x191 ../hw6_bsp/\libhal_bsp.a(altera_avalon_timer_sc.o)
 .debug_abbrev  0x0000000000000c26       0x83 ../hw6_bsp/\libhal_bsp.a(altera_avalon_timer_vars.o)
 .debug_abbrev  0x0000000000000ca9       0x8d ../hw6_bsp/\libhal_bsp.a(alt_busy_sleep.o)
 .debug_abbrev  0x0000000000000d36       0x5a ../hw6_bsp/\libhal_bsp.a(alt_dcache_flush_all.o)
 .debug_abbrev  0x0000000000000d90       0x6f ../hw6_bsp/\libhal_bsp.a(alt_icache_flush_all.o)
 .debug_abbrev  0x0000000000000dff      0x1a0 ../hw6_bsp/\libhal_bsp.a(alt_iic.o)
 .debug_abbrev  0x0000000000000f9f      0x19c ../hw6_bsp/\libhal_bsp.a(alt_iic_isr_register.o)
 .debug_abbrev  0x000000000000113b       0x12 ../hw6_bsp/\libhal_bsp.a(alt_irq_entry.o)
 .debug_abbrev  0x000000000000114d      0x120 ../hw6_bsp/\libhal_bsp.a(alt_irq_handler.o)
 .debug_abbrev  0x000000000000126d      0x187 ../hw6_bsp/\libhal_bsp.a(alt_tick.o)
 .debug_abbrev  0x00000000000013f4       0x42 ../hw6_bsp/\libhal_bsp.a(altera_nios2_qsys_irq.o)
 .debug_abbrev  0x0000000000001436       0x12 ../hw6_bsp/\libhal_bsp.a(alt_exception_entry.o)
 .debug_abbrev  0x0000000000001448       0x9b ../hw6_bsp/\libhal_bsp.a(alt_icache_flush.o)

.debug_line     0x0000000000000000     0x11f1
 *(.debug_line)
 .debug_line    0x0000000000000000       0x72 ../hw6_bsp//obj/HAL/src/crt0.o
 .debug_line    0x0000000000000072      0x141 obj/default/hello_world_small.o
 .debug_line    0x00000000000001b3      0x102 c:/intelfpga_lite/17.1/nios2eds/bin/gnu/h-x86_64-mingw32/bin/../lib/gcc/nios2-elf/5.3.0\libgcc.a(lib2-divmod.o)
 .debug_line    0x00000000000002b5       0xed ../hw6_bsp/\libhal_bsp.a(alt_irq_register.o)
 .debug_line    0x00000000000003a2       0x50 ../hw6_bsp/\libhal_bsp.a(alt_irq_vars.o)
 .debug_line    0x00000000000003f2       0xa4 ../hw6_bsp/\libhal_bsp.a(alt_load.o)
 .debug_line    0x0000000000000496       0xbd ../hw6_bsp/\libhal_bsp.a(alt_main.o)
 .debug_line    0x0000000000000553      0x112 ../hw6_bsp/\libhal_bsp.a(alt_printf.o)
 .debug_line    0x0000000000000665       0x55 ../hw6_bsp/\libhal_bsp.a(alt_putchar.o)
 .debug_line    0x00000000000006ba       0xcf ../hw6_bsp/\libhal_bsp.a(alt_usleep.o)
 .debug_line    0x0000000000000789      0x11f ../hw6_bsp/\libhal_bsp.a(alt_sys_init.o)
 .debug_line    0x00000000000008a8       0xf0 ../hw6_bsp/\libhal_bsp.a(altera_avalon_jtag_uart_write.o)
 .debug_line    0x0000000000000998       0xfe ../hw6_bsp/\libhal_bsp.a(altera_avalon_timer_sc.o)
 .debug_line    0x0000000000000a96       0x8a ../hw6_bsp/\libhal_bsp.a(altera_avalon_timer_vars.o)
 .debug_line    0x0000000000000b20       0xb3 ../hw6_bsp/\libhal_bsp.a(alt_busy_sleep.o)
 .debug_line    0x0000000000000bd3       0x5a ../hw6_bsp/\libhal_bsp.a(alt_dcache_flush_all.o)
 .debug_line    0x0000000000000c2d       0x6e ../hw6_bsp/\libhal_bsp.a(alt_icache_flush_all.o)
 .debug_line    0x0000000000000c9b       0xf1 ../hw6_bsp/\libhal_bsp.a(alt_iic.o)
 .debug_line    0x0000000000000d8c       0xd6 ../hw6_bsp/\libhal_bsp.a(alt_iic_isr_register.o)
 .debug_line    0x0000000000000e62       0x6b ../hw6_bsp/\libhal_bsp.a(alt_irq_entry.o)
 .debug_line    0x0000000000000ecd       0xa5 ../hw6_bsp/\libhal_bsp.a(alt_irq_handler.o)
 .debug_line    0x0000000000000f72      0x104 ../hw6_bsp/\libhal_bsp.a(alt_tick.o)
 .debug_line    0x0000000000001076       0x50 ../hw6_bsp/\libhal_bsp.a(altera_nios2_qsys_irq.o)
 .debug_line    0x00000000000010c6       0xae ../hw6_bsp/\libhal_bsp.a(alt_exception_entry.o)
 .debug_line    0x0000000000001174       0x7d ../hw6_bsp/\libhal_bsp.a(alt_icache_flush.o)

.debug_frame    0x0000000000000000      0x424
 *(.debug_frame)
 .debug_frame   0x0000000000000000       0x58 obj/default/hello_world_small.o
 .debug_frame   0x0000000000000058       0x50 c:/intelfpga_lite/17.1/nios2eds/bin/gnu/h-x86_64-mingw32/bin/../lib/gcc/nios2-elf/5.3.0\libgcc.a(lib2-divmod.o)
 .debug_frame   0x00000000000000a8       0x20 ../hw6_bsp/\libhal_bsp.a(alt_irq_register.o)
 .debug_frame   0x00000000000000c8       0x30 ../hw6_bsp/\libhal_bsp.a(alt_load.o)
 .debug_frame   0x00000000000000f8       0x2c ../hw6_bsp/\libhal_bsp.a(alt_main.o)
 .debug_frame   0x0000000000000124       0x54 ../hw6_bsp/\libhal_bsp.a(alt_printf.o)
 .debug_frame   0x0000000000000178       0x30 ../hw6_bsp/\libhal_bsp.a(alt_putchar.o)
 .debug_frame   0x00000000000001a8       0x20 ../hw6_bsp/\libhal_bsp.a(alt_usleep.o)
 .debug_frame   0x00000000000001c8       0x3c ../hw6_bsp/\libhal_bsp.a(alt_sys_init.o)
 .debug_frame   0x0000000000000204       0x20 ../hw6_bsp/\libhal_bsp.a(altera_avalon_jtag_uart_write.o)
 .debug_frame   0x0000000000000224       0x4c ../hw6_bsp/\libhal_bsp.a(altera_avalon_timer_sc.o)
 .debug_frame   0x0000000000000270       0x30 ../hw6_bsp/\libhal_bsp.a(alt_busy_sleep.o)
 .debug_frame   0x00000000000002a0       0x20 ../hw6_bsp/\libhal_bsp.a(alt_dcache_flush_all.o)
 .debug_frame   0x00000000000002c0       0x20 ../hw6_bsp/\libhal_bsp.a(alt_icache_flush_all.o)
 .debug_frame   0x00000000000002e0       0x50 ../hw6_bsp/\libhal_bsp.a(alt_iic.o)
 .debug_frame   0x0000000000000330       0x30 ../hw6_bsp/\libhal_bsp.a(alt_iic_isr_register.o)
 .debug_frame   0x0000000000000360       0x34 ../hw6_bsp/\libhal_bsp.a(alt_irq_handler.o)
 .debug_frame   0x0000000000000394       0x50 ../hw6_bsp/\libhal_bsp.a(alt_tick.o)
 .debug_frame   0x00000000000003e4       0x20 ../hw6_bsp/\libhal_bsp.a(altera_nios2_qsys_irq.o)
 .debug_frame   0x0000000000000404       0x20 ../hw6_bsp/\libhal_bsp.a(alt_icache_flush.o)

.debug_str      0x0000000000000000      0xa8a
 *(.debug_str)
 .debug_str     0x0000000000000000      0x1d8 obj/default/hello_world_small.o
                                        0x225 (size before relaxing)
 .debug_str     0x00000000000001d8      0x16d c:/intelfpga_lite/17.1/nios2eds/bin/gnu/h-x86_64-mingw32/bin/../lib/gcc/nios2-elf/5.3.0\libgcc.a(lib2-divmod.o)
                                        0x1b8 (size before relaxing)
 .debug_str     0x0000000000000345       0xea ../hw6_bsp/\libhal_bsp.a(alt_irq_register.o)
                                        0x1f7 (size before relaxing)
 .debug_str     0x000000000000042f       0x17 ../hw6_bsp/\libhal_bsp.a(alt_irq_vars.o)
                                        0x129 (size before relaxing)
 .debug_str     0x0000000000000446      0x113 ../hw6_bsp/\libhal_bsp.a(alt_load.o)
                                        0x23d (size before relaxing)
 .debug_str     0x0000000000000559       0x8f ../hw6_bsp/\libhal_bsp.a(alt_main.o)
                                        0x1b6 (size before relaxing)
 .debug_str     0x00000000000005e8       0x59 ../hw6_bsp/\libhal_bsp.a(alt_printf.o)
                                        0x107 (size before relaxing)
 .debug_str     0x0000000000000641       0x60 ../hw6_bsp/\libhal_bsp.a(alt_putchar.o)
                                        0x18e (size before relaxing)
 .debug_str     0x00000000000006a1       0x2f ../hw6_bsp/\libhal_bsp.a(alt_usleep.o)
                                        0x158 (size before relaxing)
 .debug_str     0x00000000000006d0       0xd2 ../hw6_bsp/\libhal_bsp.a(alt_sys_init.o)
                                        0x278 (size before relaxing)
 .debug_str     0x00000000000007a2       0x38 ../hw6_bsp/\libhal_bsp.a(altera_avalon_jtag_uart_write.o)
                                        0x216 (size before relaxing)
 .debug_str     0x00000000000007da       0x83 ../hw6_bsp/\libhal_bsp.a(altera_avalon_timer_sc.o)
                                        0x269 (size before relaxing)
 .debug_str     0x000000000000085d       0x27 ../hw6_bsp/\libhal_bsp.a(altera_avalon_timer_vars.o)
                                        0x1ba (size before relaxing)
 .debug_str     0x0000000000000884       0x33 ../hw6_bsp/\libhal_bsp.a(alt_busy_sleep.o)
                                        0x16c (size before relaxing)
 .debug_str     0x00000000000008b7       0x1f ../hw6_bsp/\libhal_bsp.a(alt_dcache_flush_all.o)
                                        0x156 (size before relaxing)
 .debug_str     0x00000000000008d6       0x30 ../hw6_bsp/\libhal_bsp.a(alt_icache_flush_all.o)
                                        0x167 (size before relaxing)
 .debug_str     0x0000000000000906       0x71 ../hw6_bsp/\libhal_bsp.a(alt_iic.o)
                                        0x242 (size before relaxing)
 .debug_str     0x0000000000000977       0x1f ../hw6_bsp/\libhal_bsp.a(alt_iic_isr_register.o)
                                        0x20e (size before relaxing)
 .debug_str     0x0000000000000996       0x3f ../hw6_bsp/\libhal_bsp.a(alt_irq_handler.o)
                                        0x198 (size before relaxing)
 .debug_str     0x00000000000009d5       0x7a ../hw6_bsp/\libhal_bsp.a(alt_tick.o)
                                        0x253 (size before relaxing)
 .debug_str     0x0000000000000a4f       0x20 ../hw6_bsp/\libhal_bsp.a(altera_nios2_qsys_irq.o)
                                        0x15d (size before relaxing)
 .debug_str     0x0000000000000a6f       0x1b ../hw6_bsp/\libhal_bsp.a(alt_icache_flush.o)
                                        0x15c (size before relaxing)

.debug_loc      0x0000000000000000      0xf7a
 *(.debug_loc)
 .debug_loc     0x0000000000000000      0x11f obj/default/hello_world_small.o
 .debug_loc     0x000000000000011f      0x4ce c:/intelfpga_lite/17.1/nios2eds/bin/gnu/h-x86_64-mingw32/bin/../lib/gcc/nios2-elf/5.3.0\libgcc.a(lib2-divmod.o)
 .debug_loc     0x00000000000005ed       0xfa ../hw6_bsp/\libhal_bsp.a(alt_irq_register.o)
 .debug_loc     0x00000000000006e7      0x1de ../hw6_bsp/\libhal_bsp.a(alt_printf.o)
 .debug_loc     0x00000000000008c5       0x2c ../hw6_bsp/\libhal_bsp.a(alt_putchar.o)
 .debug_loc     0x00000000000008f1       0x21 ../hw6_bsp/\libhal_bsp.a(alt_usleep.o)
 .debug_loc     0x0000000000000912       0x21 ../hw6_bsp/\libhal_bsp.a(alt_sys_init.o)
 .debug_loc     0x0000000000000933       0x8b ../hw6_bsp/\libhal_bsp.a(altera_avalon_jtag_uart_write.o)
 .debug_loc     0x00000000000009be       0xec ../hw6_bsp/\libhal_bsp.a(altera_avalon_timer_sc.o)
 .debug_loc     0x0000000000000aaa       0x75 ../hw6_bsp/\libhal_bsp.a(alt_busy_sleep.o)
 .debug_loc     0x0000000000000b1f       0x1f ../hw6_bsp/\libhal_bsp.a(alt_dcache_flush_all.o)
 .debug_loc     0x0000000000000b3e      0x170 ../hw6_bsp/\libhal_bsp.a(alt_iic.o)
 .debug_loc     0x0000000000000cae      0x193 ../hw6_bsp/\libhal_bsp.a(alt_iic_isr_register.o)
 .debug_loc     0x0000000000000e41       0x72 ../hw6_bsp/\libhal_bsp.a(alt_irq_handler.o)
 .debug_loc     0x0000000000000eb3       0x75 ../hw6_bsp/\libhal_bsp.a(alt_tick.o)
 .debug_loc     0x0000000000000f28       0x52 ../hw6_bsp/\libhal_bsp.a(alt_icache_flush.o)

.debug_macinfo
 *(.debug_macinfo)

.debug_weaknames
 *(.debug_weaknames)

.debug_funcnames
 *(.debug_funcnames)

.debug_typenames
 *(.debug_typenames)

.debug_varnames
 *(.debug_varnames)

.debug_alt_sim_info
                0x0000000000000000       0x60
 *(.debug_alt_sim_info)
 .debug_alt_sim_info
                0x0000000000000000       0x30 ../hw6_bsp//obj/HAL/src/crt0.o
 .debug_alt_sim_info
                0x0000000000000030       0x30 ../hw6_bsp/\libhal_bsp.a(alt_busy_sleep.o)
                0x0000000000000800                __alt_data_end = 0x800
                0x0000000000000800                PROVIDE (__alt_stack_pointer, __alt_data_end)
                [!provide]                        PROVIDE (__alt_stack_limit, __alt_stack_base)
                0x0000000000001000                PROVIDE (__alt_exception_stack_pointer, 0x1000)
                [!provide]                        PROVIDE (__alt_exception_stack_limit, 0xc00)
                [!provide]                        PROVIDE (__alt_interrupt_stack_pointer, 0xc00)
                [!provide]                        PROVIDE (__alt_interrupt_stack_limit, 0x800)
                [!provide]                        PROVIDE (__alt_heap_start, end)
                [!provide]                        PROVIDE (__alt_heap_limit, 0x800)
OUTPUT(hw6.elf elf32-littlenios2)

.debug_ranges   0x0000000000000000      0x1a8
 .debug_ranges  0x0000000000000000       0x20 ../hw6_bsp//obj/HAL/src/crt0.o
 .debug_ranges  0x0000000000000020       0x38 obj/default/hello_world_small.o
 .debug_ranges  0x0000000000000058       0x60 c:/intelfpga_lite/17.1/nios2eds/bin/gnu/h-x86_64-mingw32/bin/../lib/gcc/nios2-elf/5.3.0\libgcc.a(lib2-divmod.o)
 .debug_ranges  0x00000000000000b8       0x48 ../hw6_bsp/\libhal_bsp.a(alt_load.o)
 .debug_ranges  0x0000000000000100       0x18 ../hw6_bsp/\libhal_bsp.a(alt_printf.o)
 .debug_ranges  0x0000000000000118       0x18 ../hw6_bsp/\libhal_bsp.a(altera_avalon_timer_sc.o)
 .debug_ranges  0x0000000000000130       0x28 ../hw6_bsp/\libhal_bsp.a(alt_irq_entry.o)
 .debug_ranges  0x0000000000000158       0x10 ../hw6_bsp/\libhal_bsp.a(alt_irq_handler.o)
 .debug_ranges  0x0000000000000168       0x30 ../hw6_bsp/\libhal_bsp.a(alt_exception_entry.o)
 .debug_ranges  0x0000000000000198       0x10 ../hw6_bsp/\libhal_bsp.a(alt_icache_flush.o)
